Archive member included to satisfy reference by file (symbol)

C:/ST/STM32CubeIDE_1.17.0/STM32CubeIDE/plugins/com.st.stm32cube.ide.mcu.externaltools.gnu-tools-for-stm32.12.3.rel1.win32_1.1.0.202410251130/tools/bin/../lib/gcc/arm-none-eabi/12.3.1/../../../../arm-none-eabi/lib/thumb/v7-m/nofp\libc_nano.a(libc_a-exit.o)
                              C:/ST/STM32CubeIDE_1.17.0/STM32CubeIDE/plugins/com.st.stm32cube.ide.mcu.externaltools.gnu-tools-for-stm32.12.3.rel1.win32_1.1.0.202410251130/tools/bin/../lib/gcc/arm-none-eabi/12.3.1/../../../../arm-none-eabi/lib/thumb/v7-m/nofp/crt0.o (exit)
C:/ST/STM32CubeIDE_1.17.0/STM32CubeIDE/plugins/com.st.stm32cube.ide.mcu.externaltools.gnu-tools-for-stm32.12.3.rel1.win32_1.1.0.202410251130/tools/bin/../lib/gcc/arm-none-eabi/12.3.1/../../../../arm-none-eabi/lib/thumb/v7-m/nofp\libc_nano.a(libc_a-findfp.o)
                              ./Middlewares/Third_Party/FreeRTOS/Source/tasks.o (__sf)
C:/ST/STM32CubeIDE_1.17.0/STM32CubeIDE/plugins/com.st.stm32cube.ide.mcu.externaltools.gnu-tools-for-stm32.12.3.rel1.win32_1.1.0.202410251130/tools/bin/../lib/gcc/arm-none-eabi/12.3.1/../../../../arm-none-eabi/lib/thumb/v7-m/nofp\libc_nano.a(libc_a-fwalk.o)
                              C:/ST/STM32CubeIDE_1.17.0/STM32CubeIDE/plugins/com.st.stm32cube.ide.mcu.externaltools.gnu-tools-for-stm32.12.3.rel1.win32_1.1.0.202410251130/tools/bin/../lib/gcc/arm-none-eabi/12.3.1/../../../../arm-none-eabi/lib/thumb/v7-m/nofp\libc_nano.a(libc_a-findfp.o) (_fwalk_sglue)
C:/ST/STM32CubeIDE_1.17.0/STM32CubeIDE/plugins/com.st.stm32cube.ide.mcu.externaltools.gnu-tools-for-stm32.12.3.rel1.win32_1.1.0.202410251130/tools/bin/../lib/gcc/arm-none-eabi/12.3.1/../../../../arm-none-eabi/lib/thumb/v7-m/nofp\libc_nano.a(libc_a-stdio.o)
                              C:/ST/STM32CubeIDE_1.17.0/STM32CubeIDE/plugins/com.st.stm32cube.ide.mcu.externaltools.gnu-tools-for-stm32.12.3.rel1.win32_1.1.0.202410251130/tools/bin/../lib/gcc/arm-none-eabi/12.3.1/../../../../arm-none-eabi/lib/thumb/v7-m/nofp\libc_nano.a(libc_a-findfp.o) (__sread)
C:/ST/STM32CubeIDE_1.17.0/STM32CubeIDE/plugins/com.st.stm32cube.ide.mcu.externaltools.gnu-tools-for-stm32.12.3.rel1.win32_1.1.0.202410251130/tools/bin/../lib/gcc/arm-none-eabi/12.3.1/../../../../arm-none-eabi/lib/thumb/v7-m/nofp\libc_nano.a(libc_a-memset.o)
                              C:/ST/STM32CubeIDE_1.17.0/STM32CubeIDE/plugins/com.st.stm32cube.ide.mcu.externaltools.gnu-tools-for-stm32.12.3.rel1.win32_1.1.0.202410251130/tools/bin/../lib/gcc/arm-none-eabi/12.3.1/../../../../arm-none-eabi/lib/thumb/v7-m/nofp/crt0.o (memset)
C:/ST/STM32CubeIDE_1.17.0/STM32CubeIDE/plugins/com.st.stm32cube.ide.mcu.externaltools.gnu-tools-for-stm32.12.3.rel1.win32_1.1.0.202410251130/tools/bin/../lib/gcc/arm-none-eabi/12.3.1/../../../../arm-none-eabi/lib/thumb/v7-m/nofp\libc_nano.a(libc_a-closer.o)
                              C:/ST/STM32CubeIDE_1.17.0/STM32CubeIDE/plugins/com.st.stm32cube.ide.mcu.externaltools.gnu-tools-for-stm32.12.3.rel1.win32_1.1.0.202410251130/tools/bin/../lib/gcc/arm-none-eabi/12.3.1/../../../../arm-none-eabi/lib/thumb/v7-m/nofp\libc_nano.a(libc_a-stdio.o) (_close_r)
C:/ST/STM32CubeIDE_1.17.0/STM32CubeIDE/plugins/com.st.stm32cube.ide.mcu.externaltools.gnu-tools-for-stm32.12.3.rel1.win32_1.1.0.202410251130/tools/bin/../lib/gcc/arm-none-eabi/12.3.1/../../../../arm-none-eabi/lib/thumb/v7-m/nofp\libc_nano.a(libc_a-reent.o)
                              ./Middlewares/Third_Party/FreeRTOS/Source/tasks.o (_reclaim_reent)
C:/ST/STM32CubeIDE_1.17.0/STM32CubeIDE/plugins/com.st.stm32cube.ide.mcu.externaltools.gnu-tools-for-stm32.12.3.rel1.win32_1.1.0.202410251130/tools/bin/../lib/gcc/arm-none-eabi/12.3.1/../../../../arm-none-eabi/lib/thumb/v7-m/nofp\libc_nano.a(libc_a-impure.o)
                              ./Middlewares/Third_Party/FreeRTOS/Source/tasks.o (_impure_ptr)
C:/ST/STM32CubeIDE_1.17.0/STM32CubeIDE/plugins/com.st.stm32cube.ide.mcu.externaltools.gnu-tools-for-stm32.12.3.rel1.win32_1.1.0.202410251130/tools/bin/../lib/gcc/arm-none-eabi/12.3.1/../../../../arm-none-eabi/lib/thumb/v7-m/nofp\libc_nano.a(libc_a-lseekr.o)
                              C:/ST/STM32CubeIDE_1.17.0/STM32CubeIDE/plugins/com.st.stm32cube.ide.mcu.externaltools.gnu-tools-for-stm32.12.3.rel1.win32_1.1.0.202410251130/tools/bin/../lib/gcc/arm-none-eabi/12.3.1/../../../../arm-none-eabi/lib/thumb/v7-m/nofp\libc_nano.a(libc_a-stdio.o) (_lseek_r)
C:/ST/STM32CubeIDE_1.17.0/STM32CubeIDE/plugins/com.st.stm32cube.ide.mcu.externaltools.gnu-tools-for-stm32.12.3.rel1.win32_1.1.0.202410251130/tools/bin/../lib/gcc/arm-none-eabi/12.3.1/../../../../arm-none-eabi/lib/thumb/v7-m/nofp\libc_nano.a(libc_a-readr.o)
                              C:/ST/STM32CubeIDE_1.17.0/STM32CubeIDE/plugins/com.st.stm32cube.ide.mcu.externaltools.gnu-tools-for-stm32.12.3.rel1.win32_1.1.0.202410251130/tools/bin/../lib/gcc/arm-none-eabi/12.3.1/../../../../arm-none-eabi/lib/thumb/v7-m/nofp\libc_nano.a(libc_a-stdio.o) (_read_r)
[...]
Memory Configuration

Name             Origin             Length             Attributes
RAM              0x20000000         0x00005000         xrw
FLASH            0x08000000         0x00010000         xr
*default*        0x00000000         0xffffffff

Linker script and memory map

LOAD C:/ST/STM32CubeIDE_1.17.0/STM32CubeIDE/plugins/com.st.stm32cube.ide.mcu.externaltools.gnu-tools-for-stm32.12.3.rel1.win32_1.1.0.202410251130/tools/bin/../lib/gcc/arm-none-eabi/12.3.1/thumb/v7-m/nofp/crti.o
LOAD C:/ST/STM32CubeIDE_1.17.0/STM32CubeIDE/plugins/com.st.stm32cube.ide.mcu.externaltools.gnu-tools-for-stm32.12.3.rel1.win32_1.1.0.202410251130/tools/bin/../lib/gcc/arm-none-eabi/12.3.1/thumb/v7-m/nofp/crtbegin.o
LOAD C:/ST/STM32CubeIDE_1.17.0/STM32CubeIDE/plugins/com.st.stm32cube.ide.mcu.externaltools.gnu-tools-for-stm32.12.3.rel1.win32_1.1.0.202410251130/tools/bin/../lib/gcc/arm-none-eabi/12.3.1/../../../../arm-none-eabi/lib/thumb/v7-m/nofp/crt0.o
LOAD ./Core/Src/encoder.o
LOAD ./Core/Src/freertos.o
LOAD ./Core/Src/i2c_bus.o
LOAD ./Core/Src/main.o
LOAD ./Core/Src/stm32f1xx_hal_msp.o
LOAD ./Core/Src/stm32f1xx_hal_timebase_tim.o
LOAD ./Core/Src/stm32f1xx_it.o
LOAD ./Core/Src/syscalls.o
LOAD ./Core/Src/sysmem.o
LOAD ./Core/Src/system_stm32f1xx.o
LOAD ./Core/Src/uart_bus.o
LOAD ./Core/Startup/startup_stm32f103c8tx.o
LOAD ./Drivers/STM32F1xx_HAL_Driver/Src/stm32f1xx_hal.o
LOAD ./Drivers/STM32F1xx_HAL_Driver/Src/stm32f1xx_hal_cortex.o
LOAD ./Drivers/STM32F1xx_HAL_Driver/Src/stm32f1xx_hal_dma.o
LOAD ./Drivers/STM32F1xx_HAL_Driver/Src/stm32f1xx_hal_exti.o
LOAD ./Drivers/STM32F1xx_HAL_Driver/Src/stm32f1xx_hal_flash.o
LOAD ./Drivers/STM32F1xx_HAL_Driver/Src/stm32f1xx_hal_flash_ex.o
LOAD ./Drivers/STM32F1xx_HAL_Driver/Src/stm32f1xx_hal_gpio.o
LOAD ./Drivers/STM32F1xx_HAL_Driver/Src/stm32f1xx_hal_gpio_ex.o
LOAD ./Drivers/STM32F1xx_HAL_Driver/Src/stm32f1xx_hal_i2c.o
LOAD ./Drivers/STM32F1xx_HAL_Driver/Src/stm32f1xx_hal_pwr.o
LOAD ./Drivers/STM32F1xx_HAL_Driver/Src/stm32f1xx_hal_rcc.o
LOAD ./Drivers/STM32F1xx_HAL_Driver/Src/stm32f1xx_hal_rcc_ex.o
LOAD ./Drivers/STM32F1xx_HAL_Driver/Src/stm32f1xx_hal_tim.o
LOAD ./Drivers/STM32F1xx_HAL_Driver/Src/stm32f1xx_hal_tim_ex.o
LOAD ./Drivers/STM32F1xx_HAL_Driver/Src/stm32f1xx_hal_uart.o
LOAD ./Middlewares/Third_Party/FreeRTOS/Source/CMSIS_RTOS/cmsis_os.o
LOAD ./Middlewares/Third_Party/FreeRTOS/Source/croutine.o
LOAD ./Middlewares/Third_Party/FreeRTOS/Source/event_groups.o
LOAD ./Middlewares/Third_Party/FreeRTOS/Source/list.o
LOAD ./Middlewares/Third_Party/FreeRTOS/Source/queue.o
LOAD ./Middlewares/Third_Party/FreeRTOS/Source/stream_buffer.o
LOAD ./Middlewares/Third_Party/FreeRTOS/Source/tasks.o
LOAD ./Middlewares/Third_Party/FreeRTOS/Source/timers.o
LOAD ./Middlewares/Third_Party/FreeRTOS/Source/portable/GCC/ARM_CM3/port.o
LOAD ./Middlewares/Third_Party/FreeRTOS/Source/portable/MemMang/heap_4.o
LOAD ./MotorDriver/Src/TMC2209.o
LOAD ./MotorDriver/Src/TMC2209_HAL.o
START GROUP
LOAD C:/ST/STM32CubeIDE_1.17.0/STM32CubeIDE/plugins/com.st.stm32cube.ide.mcu.externaltools.gnu-tools-for-stm32.12.3.rel1.win32_1.1.0.202410251130/tools/bin/../lib/gcc/arm-none-eabi/12.3.1/../../../../arm-none-eabi/lib/thumb/v7-m/nofp\libc_nano.a
LOAD C:/ST/STM32CubeIDE_1.17.0/STM32CubeIDE/plugins/com.st.stm32cube.ide.mcu.externaltools.gnu-tools-for-stm32.12.3.rel1.win32_1.1.0.202410251130/tools/bin/../lib/gcc/arm-none-eabi/12.3.1/../../../../arm-none-eabi/lib/thumb/v7-m/nofp\libm.a
END GROUP
START GROUP
LOAD C:/ST/STM32CubeIDE_1.17.0/STM32CubeIDE/plugins/com.st.stm32cube.ide.mcu.externaltools.gnu-tools-for-stm32.12.3.rel1.win32_1.1.0.202410251130/tools/bin/../lib/gcc/arm-none-eabi/12.3.1/thumb/v7-m/nofp\libgcc.a
LOAD C:/ST/STM32CubeIDE_1.17.0/STM32CubeIDE/plugins/com.st.stm32cube.ide.mcu.externaltools.gnu-tools-for-stm32.12.3.rel1.win32_1.1.0.202410251130/tools/bin/../lib/gcc/arm-none-eabi/12.3.1/../../../../arm-none-eabi/lib/thumb/v7-m/nofp\libc_nano.a
END GROUP
START GROUP
LOAD C:/ST/STM32CubeIDE_1.17.0/STM32CubeIDE/plugins/com.st.stm32cube.ide.mcu.externaltools.gnu-tools-for-stm32.12.3.rel1.win32_1.1.0.202410251130/tools/bin/../lib/gcc/arm-none-eabi/12.3.1/thumb/v7-m/nofp\libgcc.a
LOAD C:/ST/STM32CubeIDE_1.17.0/STM32CubeIDE/plugins/com.st.stm32cube.ide.mcu.externaltools.gnu-tools-for-stm32.12.3.rel1.win32_1.1.0.202410251130/tools/bin/../lib/gcc/arm-none-eabi/12.3.1/../../../../arm-none-eabi/lib/thumb/v7-m/nofp\libc_nano.a
LOAD C:/ST/STM32CubeIDE_1.17.0/STM32CubeIDE/plugins/com.st.stm32cube.ide.mcu.externaltools.gnu-tools-for-stm32.12.3.rel1.win32_1.1.0.202410251130/tools/bin/../lib/gcc/arm-none-eabi/12.3.1/../../../../arm-none-eabi/lib/thumb/v7-m/nofp\libnosys.a
END GROUP
START GROUP
LOAD C:/ST/STM32CubeIDE_1.17.0/STM32CubeIDE/plugins/com.st.stm32cube.ide.mcu.externaltools.gnu-tools-for-stm32.12.3.rel1.win32_1.1.0.202410251130/tools/bin/../lib/gcc/arm-none-eabi/12.3.1/thumb/v7-m/nofp\libgcc.a
LOAD C:/ST/STM32CubeIDE_1.17.0/STM32CubeIDE/plugins/com.st.stm32cube.ide.mcu.externaltools.gnu-tools-for-stm32.12.3.rel1.win32_1.1.0.202410251130/tools/bin/../lib/gcc/arm-none-eabi/12.3.1/../../../../arm-none-eabi/lib/thumb/v7-m/nofp\libc_nano.a
LOAD C:/ST/STM32CubeIDE_1.17.0/STM32CubeIDE/plugins/com.st.stm32cube.ide.mcu.externaltools.gnu-tools-for-stm32.12.3.rel1.win32_1.1.0.202410251130/tools/bin/../lib/gcc/arm-none-eabi/12.3.1/../../../../arm-none-eabi/lib/thumb/v7-m/nofp\libnosys.a
END GROUP
LOAD C:/ST/STM32CubeIDE_1.17.0/STM32CubeIDE/plugins/com.st.stm32cube.ide.mcu.externaltools.gnu-tools-for-stm32.12.3.rel1.win32_1.1.0.202410251130/tools/bin/../lib/gcc/arm-none-eabi/12.3.1/thumb/v7-m/nofp/crtend.o
LOAD C:/ST/STM32CubeIDE_1.17.0/STM32CubeIDE/plugins/com.st.stm32cube.ide.mcu.externaltools.gnu-tools-for-stm32.12.3.rel1.win32_1.1.0.202410251130/tools/bin/../lib/gcc/arm-none-eabi/12.3.1/thumb/v7-m/nofp/crtn.o
                0x20005000                        _estack = (ORIGIN (RAM) + LENGTH (RAM))
                0x00000200                        _Min_Heap_Size = 0x200
                0x00000400                        _Min_Stack_Size = 0x400

.isr_vector     0x08000000      0x10c
                0x08000000                        . = ALIGN (0x4)
 *(.isr_vector)
 .isr_vector    0x08000000      0x10c ./Core/Startup/startup_stm32f103c8tx.o
                0x08000000                g_pfnVectors
                0x0800010c                        . = ALIGN (0x4)

.text           0x08000110     0x6e30
                0x08000110                        . = ALIGN (0x4)
 *(.text)
 .text          0x08000110       0x40 C:/ST/STM32CubeIDE_1.17.0/STM32CubeIDE/plugins/com.st.stm32cube.ide.mcu.externaltools.gnu-tools-for-stm32.12.3.rel1.win32_1.1.0.202410251130/tools/bin/../lib/gcc/arm-none-eabi/12.3.1/thumb/v7-m/nofp/crtbegin.o
 *(.text*)
 .text.lowPassFilter
                0x08000150       0x88 ./Core/Src/encoder.o
                0x08000150                lowPassFilter
 .text.HAL_I2C_MemRxCpltCallback
                0x080001d8       0xe4 ./Core/Src/encoder.o
                0x080001d8                HAL_I2C_MemRxCpltCallback
 .text.vApplicationGetIdleTaskMemory
                0x080002bc       0x30 ./Core/Src/freertos.o
                0x080002bc                vApplicationGetIdleTaskMemory
 .text.main     0x080002ec       0xb4 ./Core/Src/main.o
                0x080002ec                main
 .text.SystemClock_Config
                0x080003a0       0x8a ./Core/Src/main.o
                0x080003a0                SystemClock_Config
 *fill*         0x0800042a        0x2 
 .text.MX_I2C1_Init
                0x0800042c       0x5c ./Core/Src/main.o
 .text.MX_TIM2_Init
                0x08000488       0xb0 ./Core/Src/main.o
 .text.MX_USART1_UART_Init
                0x08000538       0x54 ./Core/Src/main.o
 .text.MX_DMA_Init
                0x0800058c       0x3c ./Core/Src/main.o
 .text.MX_GPIO_Init
                0x080005c8      0x11c ./Core/Src/main.o
 .text.StartDriverTask
                0x080006e4       0x1c ./Core/Src/main.o
                0x080006e4                StartDriverTask
 .text.StartEncoderTask
                0x08000700        0xc ./Core/Src/main.o
                0x08000700                StartEncoderTask
 .text.StartDefaultTask
                0x0800070c       0x10 ./Core/Src/main.o
                0x0800070c                StartDefaultTask
 .text.HAL_TIM_PeriodElapsedCallback
                0x0800071c       0x24 ./Core/Src/main.o
                0x0800071c                HAL_TIM_PeriodElapsedCallback
 .text.Error_Handler
                0x08000740        0xc ./Core/Src/main.o
                0x08000740                Error_Handler
 .text.HAL_MspInit
                0x0800074c       0x70 ./Core/Src/stm32f1xx_hal_msp.o
                0x0800074c                HAL_MspInit
 .text.HAL_I2C_MspInit
                0x080007bc       0xf4 ./Core/Src/stm32f1xx_hal_msp.o
                0x080007bc                HAL_I2C_MspInit
 .text.HAL_TIM_PWM_MspInit
                0x080008b0       0x48 ./Core/Src/stm32f1xx_hal_msp.o
                0x080008b0                HAL_TIM_PWM_MspInit
 .text.HAL_TIM_MspPostInit
                0x080008f8       0x60 ./Core/Src/stm32f1xx_hal_msp.o
                0x080008f8                HAL_TIM_MspPostInit
 .text.HAL_UART_MspInit
                0x08000958       0x90 ./Core/Src/stm32f1xx_hal_msp.o
                0x08000958                HAL_UART_MspInit
 .text.HAL_InitTick
                0x080009e8       0xe4 ./Core/Src/stm32f1xx_hal_timebase_tim.o
                0x080009e8                HAL_InitTick
 .text.NMI_Handler
                0x08000acc        0x8 ./Core/Src/stm32f1xx_it.o
                0x08000acc                NMI_Handler
 .text.HardFault_Handler
                0x08000ad4        0x8 ./Core/Src/stm32f1xx_it.o
                0x08000ad4                HardFault_Handler
 .text.MemManage_Handler
                0x08000adc        0x8 ./Core/Src/stm32f1xx_it.o
                0x08000adc                MemManage_Handler
 .text.BusFault_Handler
                0x08000ae4        0x8 ./Core/Src/stm32f1xx_it.o
                0x08000ae4                BusFault_Handler
 .text.UsageFault_Handler
                0x08000aec        0x8 ./Core/Src/stm32f1xx_it.o
                0x08000aec                UsageFault_Handler
 .text.DebugMon_Handler
                0x08000af4        0xc ./Core/Src/stm32f1xx_it.o
                0x08000af4                DebugMon_Handler
 .text.DMA1_Channel7_IRQHandler
                0x08000b00       0x14 ./Core/Src/stm32f1xx_it.o
                0x08000b00                DMA1_Channel7_IRQHandler
 .text.TIM1_UP_IRQHandler
                0x08000b14       0x14 ./Core/Src/stm32f1xx_it.o
                0x08000b14                TIM1_UP_IRQHandler
 .text.TIM2_IRQHandler
                0x08000b28       0x14 ./Core/Src/stm32f1xx_it.o
                0x08000b28                TIM2_IRQHandler
 .text.I2C1_EV_IRQHandler
                0x08000b3c       0x14 ./Core/Src/stm32f1xx_it.o
                0x08000b3c                I2C1_EV_IRQHandler
 .text.I2C1_ER_IRQHandler
                0x08000b50       0x14 ./Core/Src/stm32f1xx_it.o
                0x08000b50                I2C1_ER_IRQHandler
 .text.USART1_IRQHandler
                0x08000b64       0x14 ./Core/Src/stm32f1xx_it.o
                0x08000b64                USART1_IRQHandler
 .text.SystemInit
                0x08000b78        0xc ./Core/Src/system_stm32f1xx.o
                0x08000b78                SystemInit
 .text.HAL_UARTEx_RxEventCallback
                0x08000b84       0x28 ./Core/Src/uart_bus.o
                0x08000b84                HAL_UARTEx_RxEventCallback
 .text.Reset_Handler
                0x08000bac       0x48 ./Core/Startup/startup_stm32f103c8tx.o
                0x08000bac                Reset_Handler
 .text.Default_Handler
                0x08000bf4        0x2 ./Core/Startup/startup_stm32f103c8tx.o
                0x08000bf4                RTC_Alarm_IRQHandler
                0x08000bf4                EXTI2_IRQHandler
                0x08000bf4                TIM1_CC_IRQHandler
                0x08000bf4                PVD_IRQHandler
                0x08000bf4                EXTI3_IRQHandler
                0x08000bf4                EXTI0_IRQHandler
                0x08000bf4                I2C2_EV_IRQHandler
                0x08000bf4                ADC1_2_IRQHandler
                0x08000bf4                SPI1_IRQHandler
                0x08000bf4                TAMPER_IRQHandler
                0x08000bf4                DMA1_Channel4_IRQHandler
                0x08000bf4                USART3_IRQHandler
                0x08000bf4                RTC_IRQHandler
                0x08000bf4                CAN1_RX1_IRQHandler
                0x08000bf4                TIM4_IRQHandler
                0x08000bf4                DMA1_Channel6_IRQHandler
                0x08000bf4                TIM3_IRQHandler
                0x08000bf4                RCC_IRQHandler
                0x08000bf4                TIM1_TRG_COM_IRQHandler
                0x08000bf4                DMA1_Channel1_IRQHandler
                0x08000bf4                Default_Handler
                0x08000bf4                EXTI15_10_IRQHandler
                0x08000bf4                EXTI9_5_IRQHandler
                0x08000bf4                SPI2_IRQHandler
                0x08000bf4                DMA1_Channel5_IRQHandler
                0x08000bf4                EXTI4_IRQHandler
                0x08000bf4                USB_LP_CAN1_RX0_IRQHandler
                0x08000bf4                USB_HP_CAN1_TX_IRQHandler
                0x08000bf4                DMA1_Channel3_IRQHandler
                0x08000bf4                WWDG_IRQHandler
                0x08000bf4                TIM1_BRK_IRQHandler
                0x08000bf4                EXTI1_IRQHandler
                0x08000bf4                USART2_IRQHandler
                0x08000bf4                I2C2_ER_IRQHandler
                0x08000bf4                DMA1_Channel2_IRQHandler
                0x08000bf4                CAN1_SCE_IRQHandler
                0x08000bf4                FLASH_IRQHandler
                0x08000bf4                USBWakeUp_IRQHandler
 *fill*         0x08000bf6        0x2 
 .text.HAL_Init
                0x08000bf8       0x2c ./Drivers/STM32F1xx_HAL_Driver/Src/stm32f1xx_hal.o
                0x08000bf8                HAL_Init
 .text.HAL_IncTick
                0x08000c24       0x24 ./Drivers/STM32F1xx_HAL_Driver/Src/stm32f1xx_hal.o
                0x08000c24                HAL_IncTick
 .text.HAL_GetTick
                0x08000c48       0x14 ./Drivers/STM32F1xx_HAL_Driver/Src/stm32f1xx_hal.o
                0x08000c48                HAL_GetTick
 .text.HAL_Delay
                0x08000c5c       0x48 ./Drivers/STM32F1xx_HAL_Driver/Src/stm32f1xx_hal.o
                0x08000c5c                HAL_Delay
 .text.__NVIC_SetPriorityGrouping
                0x08000ca4       0x48 ./Drivers/STM32F1xx_HAL_Driver/Src/stm32f1xx_hal_cortex.o
 .text.__NVIC_GetPriorityGrouping
                0x08000cec       0x1c ./Drivers/STM32F1xx_HAL_Driver/Src/stm32f1xx_hal_cortex.o
 .text.__NVIC_EnableIRQ
                0x08000d08       0x38 ./Drivers/STM32F1xx_HAL_Driver/Src/stm32f1xx_hal_cortex.o
 .text.__NVIC_SetPriority
                0x08000d40       0x54 ./Drivers/STM32F1xx_HAL_Driver/Src/stm32f1xx_hal_cortex.o
 .text.NVIC_EncodePriority
                0x08000d94       0x64 ./Drivers/STM32F1xx_HAL_Driver/Src/stm32f1xx_hal_cortex.o
 .text.HAL_NVIC_SetPriorityGrouping
                0x08000df8       0x16 ./Drivers/STM32F1xx_HAL_Driver/Src/stm32f1xx_hal_cortex.o
                0x08000df8                HAL_NVIC_SetPriorityGrouping
 .text.HAL_NVIC_SetPriority
                0x08000e0e       0x38 ./Drivers/STM32F1xx_HAL_Driver/Src/stm32f1xx_hal_cortex.o
                0x08000e0e                HAL_NVIC_SetPriority
 .text.HAL_NVIC_EnableIRQ
                0x08000e46       0x1c ./Drivers/STM32F1xx_HAL_Driver/Src/stm32f1xx_hal_cortex.o
                0x08000e46                HAL_NVIC_EnableIRQ
 *fill*         0x08000e62        0x2 
 .text.HAL_DMA_Init
                0x08000e64       0xb4 ./Drivers/STM32F1xx_HAL_Driver/Src/stm32f1xx_hal_dma.o
                0x08000e64                HAL_DMA_Init
 .text.HAL_DMA_Abort
                0x08000f18       0x76 ./Drivers/STM32F1xx_HAL_Driver/Src/stm32f1xx_hal_dma.o
                0x08000f18                HAL_DMA_Abort
 *fill*         0x08000f8e        0x2 
 .text.HAL_DMA_Abort_IT
                0x08000f90       0xf0 ./Drivers/STM32F1xx_HAL_Driver/Src/stm32f1xx_hal_dma.o
                0x08000f90                HAL_DMA_Abort_IT
 .text.HAL_DMA_IRQHandler
                0x08001080      0x20c ./Drivers/STM32F1xx_HAL_Driver/Src/stm32f1xx_hal_dma.o
                0x08001080                HAL_DMA_IRQHandler
 .text.HAL_DMA_GetState
                0x0800128c       0x1a ./Drivers/STM32F1xx_HAL_Driver/Src/stm32f1xx_hal_dma.o
                0x0800128c                HAL_DMA_GetState
 *fill*         0x080012a6        0x2 
 .text.HAL_GPIO_Init
                0x080012a8      0x308 ./Drivers/STM32F1xx_HAL_Driver/Src/stm32f1xx_hal_gpio.o
                0x080012a8                HAL_GPIO_Init
 .text.HAL_GPIO_WritePin
                0x080015b0       0x30 ./Drivers/STM32F1xx_HAL_Driver/Src/stm32f1xx_hal_gpio.o
                0x080015b0                HAL_GPIO_WritePin
 .text.HAL_I2C_Init
                0x080015e0      0x288 ./Drivers/STM32F1xx_HAL_Driver/Src/stm32f1xx_hal_i2c.o
                0x080015e0                HAL_I2C_Init
 .text.I2C_Flush_DR
                0x08001868       0x28 ./Drivers/STM32F1xx_HAL_Driver/Src/stm32f1xx_hal_i2c.o
 .text.HAL_I2C_EV_IRQHandler
                0x08001890      0x2a6 ./Drivers/STM32F1xx_HAL_Driver/Src/stm32f1xx_hal_i2c.o
                0x08001890                HAL_I2C_EV_IRQHandler
 .text.HAL_I2C_ER_IRQHandler
                0x08001b36      0x14e ./Drivers/STM32F1xx_HAL_Driver/Src/stm32f1xx_hal_i2c.o
                0x08001b36                HAL_I2C_ER_IRQHandler
 .text.HAL_I2C_MasterTxCpltCallback
                0x08001c84       0x12 ./Drivers/STM32F1xx_HAL_Driver/Src/stm32f1xx_hal_i2c.o
                0x08001c84                HAL_I2C_MasterTxCpltCallback
 .text.HAL_I2C_MasterRxCpltCallback
                0x08001c96       0x12 ./Drivers/STM32F1xx_HAL_Driver/Src/stm32f1xx_hal_i2c.o
                0x08001c96                HAL_I2C_MasterRxCpltCallback
 .text.HAL_I2C_SlaveTxCpltCallback
                0x08001ca8       0x12 ./Drivers/STM32F1xx_HAL_Driver/Src/stm32f1xx_hal_i2c.o
                0x08001ca8                HAL_I2C_SlaveTxCpltCallback
 .text.HAL_I2C_SlaveRxCpltCallback
                0x08001cba       0x12 ./Drivers/STM32F1xx_HAL_Driver/Src/stm32f1xx_hal_i2c.o
                0x08001cba                HAL_I2C_SlaveRxCpltCallback
 .text.HAL_I2C_AddrCallback
                0x08001ccc       0x1a ./Drivers/STM32F1xx_HAL_Driver/Src/stm32f1xx_hal_i2c.o
                0x08001ccc                HAL_I2C_AddrCallback
 .text.HAL_I2C_ListenCpltCallback
                0x08001ce6       0x12 ./Drivers/STM32F1xx_HAL_Driver/Src/stm32f1xx_hal_i2c.o
                0x08001ce6                HAL_I2C_ListenCpltCallback
 .text.HAL_I2C_MemTxCpltCallback
                0x08001cf8       0x12 ./Drivers/STM32F1xx_HAL_Driver/Src/stm32f1xx_hal_i2c.o
                0x08001cf8                HAL_I2C_MemTxCpltCallback
 .text.HAL_I2C_ErrorCallback
                0x08001d0a       0x12 ./Drivers/STM32F1xx_HAL_Driver/Src/stm32f1xx_hal_i2c.o
                0x08001d0a                HAL_I2C_ErrorCallback
 .text.HAL_I2C_AbortCpltCallback
                0x08001d1c       0x12 ./Drivers/STM32F1xx_HAL_Driver/Src/stm32f1xx_hal_i2c.o
                0x08001d1c                HAL_I2C_AbortCpltCallback
 .text.I2C_MasterTransmit_TXE
                0x08001d2e      0x138 ./Drivers/STM32F1xx_HAL_Driver/Src/stm32f1xx_hal_i2c.o
 .text.I2C_MasterTransmit_BTF
                0x08001e66       0xec ./Drivers/STM32F1xx_HAL_Driver/Src/stm32f1xx_hal_i2c.o
 .text.I2C_MemoryTransmit_TXE_BTF
                0x08001f52      0x130 ./Drivers/STM32F1xx_HAL_Driver/Src/stm32f1xx_hal_i2c.o
 .text.I2C_MasterReceive_RXNE
                0x08002082      0x190 ./Drivers/STM32F1xx_HAL_Driver/Src/stm32f1xx_hal_i2c.o
 .text.I2C_MasterReceive_BTF
                0x08002212      0x1e2 ./Drivers/STM32F1xx_HAL_Driver/Src/stm32f1xx_hal_i2c.o
 .text.I2C_Master_SB
                0x080023f4      0x10a ./Drivers/STM32F1xx_HAL_Driver/Src/stm32f1xx_hal_i2c.o
 .text.I2C_Master_ADD10
                0x080024fe       0x52 ./Drivers/STM32F1xx_HAL_Driver/Src/stm32f1xx_hal_i2c.o
 .text.I2C_Master_ADDR
                0x08002550      0x336 ./Drivers/STM32F1xx_HAL_Driver/Src/stm32f1xx_hal_i2c.o
 .text.I2C_SlaveTransmit_TXE
                0x08002886       0x7a ./Drivers/STM32F1xx_HAL_Driver/Src/stm32f1xx_hal_i2c.o
 .text.I2C_SlaveTransmit_BTF
                0x08002900       0x40 ./Drivers/STM32F1xx_HAL_Driver/Src/stm32f1xx_hal_i2c.o
 .text.I2C_SlaveReceive_RXNE
                0x08002940       0x7c ./Drivers/STM32F1xx_HAL_Driver/Src/stm32f1xx_hal_i2c.o
 .text.I2C_SlaveReceive_BTF
                0x080029bc       0x42 ./Drivers/STM32F1xx_HAL_Driver/Src/stm32f1xx_hal_i2c.o
 .text.I2C_Slave_ADDR
                0x080029fe       0x90 ./Drivers/STM32F1xx_HAL_Driver/Src/stm32f1xx_hal_i2c.o
 *fill*         0x08002a8e        0x2 
 .text.I2C_Slave_STOPF
                0x08002a90      0x260 ./Drivers/STM32F1xx_HAL_Driver/Src/stm32f1xx_hal_i2c.o
 .text.I2C_Slave_AF
                0x08002cf0       0xe8 ./Drivers/STM32F1xx_HAL_Driver/Src/stm32f1xx_hal_i2c.o
 .text.I2C_ITError
                0x08002dd8      0x264 ./Drivers/STM32F1xx_HAL_Driver/Src/stm32f1xx_hal_i2c.o
 .text.I2C_DMAAbort
                0x0800303c      0x150 ./Drivers/STM32F1xx_HAL_Driver/Src/stm32f1xx_hal_i2c.o
 .text.I2C_WaitOnSTOPRequestThroughIT
                0x0800318c       0x64 ./Drivers/STM32F1xx_HAL_Driver/Src/stm32f1xx_hal_i2c.o
 .text.I2C_ConvertOtherXferOptions
                0x080031f0       0x34 ./Drivers/STM32F1xx_HAL_Driver/Src/stm32f1xx_hal_i2c.o
 .text.HAL_RCC_OscConfig
                0x08003224      0x504 ./Drivers/STM32F1xx_HAL_Driver/Src/stm32f1xx_hal_rcc.o
                0x08003224                HAL_RCC_OscConfig
 .text.HAL_RCC_ClockConfig
                0x08003728      0x1d4 ./Drivers/STM32F1xx_HAL_Driver/Src/stm32f1xx_hal_rcc.o
                0x08003728                HAL_RCC_ClockConfig
 .text.HAL_RCC_GetSysClockFreq
                0x080038fc       0xa8 ./Drivers/STM32F1xx_HAL_Driver/Src/stm32f1xx_hal_rcc.o
                0x080038fc                HAL_RCC_GetSysClockFreq
 .text.HAL_RCC_GetHCLKFreq
                0x080039a4       0x14 ./Drivers/STM32F1xx_HAL_Driver/Src/stm32f1xx_hal_rcc.o
                0x080039a4                HAL_RCC_GetHCLKFreq
 .text.HAL_RCC_GetPCLK1Freq
                0x080039b8       0x28 ./Drivers/STM32F1xx_HAL_Driver/Src/stm32f1xx_hal_rcc.o
                0x080039b8                HAL_RCC_GetPCLK1Freq
 .text.HAL_RCC_GetPCLK2Freq
                0x080039e0       0x28 ./Drivers/STM32F1xx_HAL_Driver/Src/stm32f1xx_hal_rcc.o
                0x080039e0                HAL_RCC_GetPCLK2Freq
 .text.HAL_RCC_GetClockConfig
                0x08003a08       0x60 ./Drivers/STM32F1xx_HAL_Driver/Src/stm32f1xx_hal_rcc.o
                0x08003a08                HAL_RCC_GetClockConfig
 .text.RCC_Delay
                0x08003a68       0x3c ./Drivers/STM32F1xx_HAL_Driver/Src/stm32f1xx_hal_rcc.o
 .text.HAL_TIM_Base_Init
                0x08003aa4       0x9e ./Drivers/STM32F1xx_HAL_Driver/Src/stm32f1xx_hal_tim.o
                0x08003aa4                HAL_TIM_Base_Init
 .text.HAL_TIM_Base_MspInit
                0x08003b42       0x12 ./Drivers/STM32F1xx_HAL_Driver/Src/stm32f1xx_hal_tim.o
                0x08003b42                HAL_TIM_Base_MspInit
 .text.HAL_TIM_Base_Start_IT
                0x08003b54       0xa4 ./Drivers/STM32F1xx_HAL_Driver/Src/stm32f1xx_hal_tim.o
                0x08003b54                HAL_TIM_Base_Start_IT
 .text.HAL_TIM_PWM_Init
                0x08003bf8       0x9e ./Drivers/STM32F1xx_HAL_Driver/Src/stm32f1xx_hal_tim.o
                0x08003bf8                HAL_TIM_PWM_Init
 *fill*         0x08003c96        0x2 
 .text.HAL_TIM_PWM_Stop_IT
                0x08003c98      0x164 ./Drivers/STM32F1xx_HAL_Driver/Src/stm32f1xx_hal_tim.o
                0x08003c98                HAL_TIM_PWM_Stop_IT
 .text.HAL_TIM_IRQHandler
                0x08003dfc      0x1e0 ./Drivers/STM32F1xx_HAL_Driver/Src/stm32f1xx_hal_tim.o
                0x08003dfc                HAL_TIM_IRQHandler
 .text.HAL_TIM_PWM_ConfigChannel
                0x08003fdc      0x184 ./Drivers/STM32F1xx_HAL_Driver/Src/stm32f1xx_hal_tim.o
                0x08003fdc                HAL_TIM_PWM_ConfigChannel
 .text.HAL_TIM_OC_DelayElapsedCallback
                0x08004160       0x12 ./Drivers/STM32F1xx_HAL_Driver/Src/stm32f1xx_hal_tim.o
                0x08004160                HAL_TIM_OC_DelayElapsedCallback
 .text.HAL_TIM_IC_CaptureCallback
                0x08004172       0x12 ./Drivers/STM32F1xx_HAL_Driver/Src/stm32f1xx_hal_tim.o
                0x08004172                HAL_TIM_IC_CaptureCallback
 .text.HAL_TIM_TriggerCallback
                0x08004184       0x12 ./Drivers/STM32F1xx_HAL_Driver/Src/stm32f1xx_hal_tim.o
                0x08004184                HAL_TIM_TriggerCallback
 *fill*         0x08004196        0x2 
 .text.TIM_Base_SetConfig
                0x08004198       0xdc ./Drivers/STM32F1xx_HAL_Driver/Src/stm32f1xx_hal_tim.o
                0x08004198                TIM_Base_SetConfig
 .text.TIM_OC1_SetConfig
                0x08004274       0xcc ./Drivers/STM32F1xx_HAL_Driver/Src/stm32f1xx_hal_tim.o
 .text.TIM_OC2_SetConfig
                0x08004340       0xd4 ./Drivers/STM32F1xx_HAL_Driver/Src/stm32f1xx_hal_tim.o
                0x08004340                TIM_OC2_SetConfig
 .text.TIM_OC3_SetConfig
                0x08004414       0xd4 ./Drivers/STM32F1xx_HAL_Driver/Src/stm32f1xx_hal_tim.o
 .text.TIM_OC4_SetConfig
                0x080044e8       0x9c ./Drivers/STM32F1xx_HAL_Driver/Src/stm32f1xx_hal_tim.o
 .text.TIM_CCxChannelCmd
                0x08004584       0x48 ./Drivers/STM32F1xx_HAL_Driver/Src/stm32f1xx_hal_tim.o
                0x08004584                TIM_CCxChannelCmd
 .text.HAL_TIMEx_MasterConfigSynchronization
                0x080045cc       0xbc ./Drivers/STM32F1xx_HAL_Driver/Src/stm32f1xx_hal_tim_ex.o
                0x080045cc                HAL_TIMEx_MasterConfigSynchronization
 .text.HAL_TIMEx_CommutCallback
                0x08004688       0x12 ./Drivers/STM32F1xx_HAL_Driver/Src/stm32f1xx_hal_tim_ex.o
                0x08004688                HAL_TIMEx_CommutCallback
 .text.HAL_TIMEx_BreakCallback
                0x0800469a       0x12 ./Drivers/STM32F1xx_HAL_Driver/Src/stm32f1xx_hal_tim_ex.o
                0x0800469a                HAL_TIMEx_BreakCallback
 .text.HAL_HalfDuplex_Init
                0x080046ac       0xb0 ./Drivers/STM32F1xx_HAL_Driver/Src/stm32f1xx_hal_uart.o
                0x080046ac                HAL_HalfDuplex_Init
 .text.HAL_UART_Transmit
                0x0800475c      0x116 ./Drivers/STM32F1xx_HAL_Driver/Src/stm32f1xx_hal_uart.o
                0x0800475c                HAL_UART_Transmit
 .text.HAL_UART_Receive
                0x08004872      0x12e ./Drivers/STM32F1xx_HAL_Driver/Src/stm32f1xx_hal_uart.o
                0x08004872                HAL_UART_Receive
 .text.HAL_UARTEx_ReceiveToIdle_IT
                0x080049a0       0xba ./Drivers/STM32F1xx_HAL_Driver/Src/stm32f1xx_hal_uart.o
                0x080049a0                HAL_UARTEx_ReceiveToIdle_IT
 *fill*         0x08004a5a        0x2 
 .text.HAL_UART_IRQHandler
                0x08004a5c      0x524 ./Drivers/STM32F1xx_HAL_Driver/Src/stm32f1xx_hal_uart.o
                0x08004a5c                HAL_UART_IRQHandler
 .text.HAL_UART_TxCpltCallback
                0x08004f80       0x12 ./Drivers/STM32F1xx_HAL_Driver/Src/stm32f1xx_hal_uart.o
                0x08004f80                HAL_UART_TxCpltCallback
 .text.HAL_UART_RxCpltCallback
                0x08004f92       0x12 ./Drivers/STM32F1xx_HAL_Driver/Src/stm32f1xx_hal_uart.o
                0x08004f92                HAL_UART_RxCpltCallback
 .text.HAL_UART_ErrorCallback
                0x08004fa4       0x12 ./Drivers/STM32F1xx_HAL_Driver/Src/stm32f1xx_hal_uart.o
                0x08004fa4                HAL_UART_ErrorCallback
 .text.HAL_HalfDuplex_EnableTransmitter
                0x08004fb6       0x66 ./Drivers/STM32F1xx_HAL_Driver/Src/stm32f1xx_hal_uart.o
                0x08004fb6                HAL_HalfDuplex_EnableTransmitter
 .text.HAL_HalfDuplex_EnableReceiver
                0x0800501c       0x66 ./Drivers/STM32F1xx_HAL_Driver/Src/stm32f1xx_hal_uart.o
                0x0800501c                HAL_HalfDuplex_EnableReceiver
 .text.UART_WaitOnFlagUntilTimeout
                0x08005082       0xb2 ./Drivers/STM32F1xx_HAL_Driver/Src/stm32f1xx_hal_uart.o
 .text.UART_Start_Receive_IT
                0x08005134       0x72 ./Drivers/STM32F1xx_HAL_Driver/Src/stm32f1xx_hal_uart.o
                0x08005134                UART_Start_Receive_IT
 .text.UART_EndRxTransfer
                0x080051a6       0xc4 ./Drivers/STM32F1xx_HAL_Driver/Src/stm32f1xx_hal_uart.o
 .text.UART_DMAAbortOnError
                0x0800526a       0x28 ./Drivers/STM32F1xx_HAL_Driver/Src/stm32f1xx_hal_uart.o
 .text.UART_Transmit_IT
                0x08005292       0x9e ./Drivers/STM32F1xx_HAL_Driver/Src/stm32f1xx_hal_uart.o
 .text.UART_EndTransmit_IT
                0x08005330       0x30 ./Drivers/STM32F1xx_HAL_Driver/Src/stm32f1xx_hal_uart.o
 .text.UART_Receive_IT
                0x08005360      0x17c ./Drivers/STM32F1xx_HAL_Driver/Src/stm32f1xx_hal_uart.o
 .text.UART_SetConfig
                0x080054dc      0x11c ./Drivers/STM32F1xx_HAL_Driver/Src/stm32f1xx_hal_uart.o
 .text.makeFreeRtosPriority
                0x080055f8       0x2e ./Middlewares/Third_Party/FreeRTOS/Source/CMSIS_RTOS/cmsis_os.o
 .text.osKernelStart
                0x08005626        0xe ./Middlewares/Third_Party/FreeRTOS/Source/CMSIS_RTOS/cmsis_os.o
                0x08005626                osKernelStart
 .text.osThreadCreate
                0x08005634       0x98 ./Middlewares/Third_Party/FreeRTOS/Source/CMSIS_RTOS/cmsis_os.o
                0x08005634                osThreadCreate
 .text.osDelay  0x080056cc       0x28 ./Middlewares/Third_Party/FreeRTOS/Source/CMSIS_RTOS/cmsis_os.o
                0x080056cc                osDelay
 .text.vListInitialise
                0x080056f4       0x3e ./Middlewares/Third_Party/FreeRTOS/Source/list.o
                0x080056f4                vListInitialise
 .text.vListInitialiseItem
                0x08005732       0x18 ./Middlewares/Third_Party/FreeRTOS/Source/list.o
                0x08005732                vListInitialiseItem
 .text.vListInsertEnd
                0x0800574a       0x46 ./Middlewares/Third_Party/FreeRTOS/Source/list.o
                0x0800574a                vListInsertEnd
 .text.vListInsert
                0x08005790       0x70 ./Middlewares/Third_Party/FreeRTOS/Source/list.o
                0x08005790                vListInsert
 .text.uxListRemove
                0x08005800       0x52 ./Middlewares/Third_Party/FreeRTOS/Source/list.o
                0x08005800                uxListRemove
 .text.xTaskCreateStatic
                0x08005852       0xc0 ./Middlewares/Third_Party/FreeRTOS/Source/tasks.o
                0x08005852                xTaskCreateStatic
 .text.xTaskCreate
                0x08005912       0x8a ./Middlewares/Third_Party/FreeRTOS/Source/tasks.o
                0x08005912                xTaskCreate
 .text.prvInitialiseNewTask
                0x0800599c      0x140 ./Middlewares/Third_Party/FreeRTOS/Source/tasks.o
 .text.prvAddNewTaskToReadyList
                0x08005adc       0xd4 ./Middlewares/Third_Party/FreeRTOS/Source/tasks.o
 .text.vTaskDelay
                0x08005bb0       0x6c ./Middlewares/Third_Party/FreeRTOS/Source/tasks.o
                0x08005bb0                vTaskDelay
 .text.vTaskStartScheduler
                0x08005c1c       0xd4 ./Middlewares/Third_Party/FreeRTOS/Source/tasks.o
                0x08005c1c                vTaskStartScheduler
 .text.vTaskSuspendAll
                0x08005cf0       0x1c ./Middlewares/Third_Party/FreeRTOS/Source/tasks.o
                0x08005cf0                vTaskSuspendAll
 .text.xTaskResumeAll
                0x08005d0c      0x13c ./Middlewares/Third_Party/FreeRTOS/Source/tasks.o
                0x08005d0c                xTaskResumeAll
 .text.xTaskIncrementTick
                0x08005e48      0x174 ./Middlewares/Third_Party/FreeRTOS/Source/tasks.o
                0x08005e48                xTaskIncrementTick
 .text.vTaskSwitchContext
                0x08005fbc       0xc4 ./Middlewares/Third_Party/FreeRTOS/Source/tasks.o
                0x08005fbc                vTaskSwitchContext
 .text.prvIdleTask
                0x08006080       0x30 ./Middlewares/Third_Party/FreeRTOS/Source/tasks.o
 .text.prvInitialiseTaskLists
                0x080060b0       0x80 ./Middlewares/Third_Party/FreeRTOS/Source/tasks.o
 .text.prvCheckTasksWaitingTermination
                0x08006130       0x5c ./Middlewares/Third_Party/FreeRTOS/Source/tasks.o
 .text.prvDeleteTCB
                0x0800618c       0x6a ./Middlewares/Third_Party/FreeRTOS/Source/tasks.o
 *fill*         0x080061f6        0x2 
 .text.prvResetNextTaskUnblockTime
                0x080061f8       0x40 ./Middlewares/Third_Party/FreeRTOS/Source/tasks.o
 .text.prvAddCurrentTaskToDelayedList
                0x08006238       0xcc ./Middlewares/Third_Party/FreeRTOS/Source/tasks.o
 .text.pxPortInitialiseStack
                0x08006304       0x58 ./Middlewares/Third_Party/FreeRTOS/Source/portable/GCC/ARM_CM3/port.o
                0x08006304                pxPortInitialiseStack
 .text.prvTaskExitError
                0x0800635c       0x58 ./Middlewares/Third_Party/FreeRTOS/Source/portable/GCC/ARM_CM3/port.o
 *fill*         0x080063b4        0xc 
 .text.SVC_Handler
                0x080063c0       0x28 ./Middlewares/Third_Party/FreeRTOS/Source/portable/GCC/ARM_CM3/port.o
                0x080063c0                SVC_Handler
 .text.prvPortStartFirstTask
                0x080063e8       0x20 ./Middlewares/Third_Party/FreeRTOS/Source/portable/GCC/ARM_CM3/port.o
 .text.xPortStartScheduler
                0x08006408       0xe4 ./Middlewares/Third_Party/FreeRTOS/Source/portable/GCC/ARM_CM3/port.o
                0x08006408                xPortStartScheduler
 .text.vPortEnterCritical
                0x080064ec       0x60 ./Middlewares/Third_Party/FreeRTOS/Source/portable/GCC/ARM_CM3/port.o
                0x080064ec                vPortEnterCritical
 .text.vPortExitCritical
                0x0800654c       0x54 ./Middlewares/Third_Party/FreeRTOS/Source/portable/GCC/ARM_CM3/port.o
                0x0800654c                vPortExitCritical
 .text.PendSV_Handler
                0x080065a0       0x48 ./Middlewares/Third_Party/FreeRTOS/Source/portable/GCC/ARM_CM3/port.o
                0x080065a0                PendSV_Handler
 .text.SysTick_Handler
                0x080065e8       0x44 ./Middlewares/Third_Party/FreeRTOS/Source/portable/GCC/ARM_CM3/port.o
                0x080065e8                SysTick_Handler
 .text.vPortSetupTimerInterrupt
                0x0800662c       0x44 ./Middlewares/Third_Party/FreeRTOS/Source/portable/GCC/ARM_CM3/port.o
                0x0800662c                vPortSetupTimerInterrupt
 .text.pvPortMalloc
                0x08006670      0x19c ./Middlewares/Third_Party/FreeRTOS/Source/portable/MemMang/heap_4.o
                0x08006670                pvPortMalloc
 .text.vPortFree
                0x0800680c       0xc8 ./Middlewares/Third_Party/FreeRTOS/Source/portable/MemMang/heap_4.o
                0x0800680c                vPortFree
 .text.prvHeapInit
                0x080068d4       0xc4 ./Middlewares/Third_Party/FreeRTOS/Source/portable/MemMang/heap_4.o
 .text.prvInsertBlockIntoFreeList
                0x08006998       0xb0 ./Middlewares/Third_Party/FreeRTOS/Source/portable/MemMang/heap_4.o
 .text.TMC2209_setup
                0x08006a48       0x50 ./MotorDriver/Src/TMC2209.o
                0x08006a48                TMC2209_setup
 .text.TMC2209_disable
                0x08006a98       0x30 ./MotorDriver/Src/TMC2209.o
                0x08006a98                TMC2209_disable
 .text.TMC2209_readChopConfig
                0x08006ac8       0x26 ./MotorDriver/Src/TMC2209.o
                0x08006ac8                TMC2209_readChopConfig
 *fill*         0x08006aee        0x2 
 .text.HAL_TIM_PWM_PulseFinishedCallback
                0x08006af0       0x2c ./MotorDriver/Src/TMC2209.o
                0x08006af0                HAL_TIM_PWM_PulseFinishedCallback
 .text.calculateCRC
                0x08006b1c       0x96 ./MotorDriver/Src/TMC2209_HAL.o
 .text.byteswap
                0x08006bb2       0x40 ./MotorDriver/Src/TMC2209_HAL.o
 *fill*         0x08006bf2        0x2 
 .text.TMC2209_HAL_Write
                0x08006bf4       0x7c ./MotorDriver/Src/TMC2209_HAL.o
                0x08006bf4                TMC2209_HAL_Write
 .text.TMC2209_HAL_Read
                0x08006c70      0x108 ./MotorDriver/Src/TMC2209_HAL.o
                0x08006c70                TMC2209_HAL_Read
 .text.memset   0x08006d78       0x10 C:/ST/STM32CubeIDE_1.17.0/STM32CubeIDE/plugins/com.st.stm32cube.ide.mcu.externaltools.gnu-tools-for-stm32.12.3.rel1.win32_1.1.0.202410251130/tools/bin/../lib/gcc/arm-none-eabi/12.3.1/../../../../arm-none-eabi/lib/thumb/v7-m/nofp\libc_nano.a(libc_a-memset.o)
                0x08006d78                memset
 .text._reclaim_reent
                0x08006d88       0xac C:/ST/STM32CubeIDE_1.17.0/STM32CubeIDE/plugins/com.st.stm32cube.ide.mcu.externaltools.gnu-tools-for-stm32.12.3.rel1.win32_1.1.0.202410251130/tools/bin/../lib/gcc/arm-none-eabi/12.3.1/../../../../arm-none-eabi/lib/thumb/v7-m/nofp\libc_nano.a(libc_a-reent.o)
                0x08006d88                _reclaim_reent
 .text.__libc_init_array
                0x08006e34       0x48 C:/ST/STM32CubeIDE_1.17.0/STM32CubeIDE/plugins/com.st.stm32cube.ide.mcu.externaltools.gnu-tools-for-stm32.12.3.rel1.win32_1.1.0.202410251130/tools/bin/../lib/gcc/arm-none-eabi/12.3.1/../../../../arm-none-eabi/lib/thumb/v7-m/nofp\libc_nano.a(libc_a-init.o)
                0x08006e34                __libc_init_array
 .text.__retarget_lock_acquire_recursive
                0x08006e7c        0x2 C:/ST/STM32CubeIDE_1.17.0/STM32CubeIDE/plugins/com.st.stm32cube.ide.mcu.externaltools.gnu-tools-for-stm32.12.3.rel1.win32_1.1.0.202410251130/tools/bin/../lib/gcc/arm-none-eabi/12.3.1/../../../../arm-none-eabi/lib/thumb/v7-m/nofp\libc_nano.a(libc_a-lock.o)
                0x08006e7c                __retarget_lock_acquire_recursive
 .text.__retarget_lock_release_recursive
                0x08006e7e        0x2 C:/ST/STM32CubeIDE_1.17.0/STM32CubeIDE/plugins/com.st.stm32cube.ide.mcu.externaltools.gnu-tools-for-stm32.12.3.rel1.win32_1.1.0.202410251130/tools/bin/../lib/gcc/arm-none-eabi/12.3.1/../../../../arm-none-eabi/lib/thumb/v7-m/nofp\libc_nano.a(libc_a-lock.o)
                0x08006e7e                __retarget_lock_release_recursive
 .text._free_r  0x08006e80       0x90 C:/ST/STM32CubeIDE_1.17.0/STM32CubeIDE/plugins/com.st.stm32cube.ide.mcu.externaltools.gnu-tools-for-stm32.12.3.rel1.win32_1.1.0.202410251130/tools/bin/../lib/gcc/arm-none-eabi/12.3.1/../../../../arm-none-eabi/lib/thumb/v7-m/nofp\libc_nano.a(libc_a-freer.o)
                0x08006e80                _free_r
 .text.__malloc_lock
                0x08006f10        0xc C:/ST/STM32CubeIDE_1.17.0/STM32CubeIDE/plugins/com.st.stm32cube.ide.mcu.externaltools.gnu-tools-for-stm32.12.3.rel1.win32_1.1.0.202410251130/tools/bin/../lib/gcc/arm-none-eabi/12.3.1/../../../../arm-none-eabi/lib/thumb/v7-m/nofp\libc_nano.a(libc_a-mlock.o)
                0x08006f10                __malloc_lock
 .text.__malloc_unlock
                0x08006f1c        0xc C:/ST/STM32CubeIDE_1.17.0/STM32CubeIDE/plugins/com.st.stm32cube.ide.mcu.externaltools.gnu-tools-for-stm32.12.3.rel1.win32_1.1.0.202410251130/tools/bin/../lib/gcc/arm-none-eabi/12.3.1/../../../../arm-none-eabi/lib/thumb/v7-m/nofp\libc_nano.a(libc_a-mlock.o)
                0x08006f1c                __malloc_unlock
 *(.glue_7)
 .glue_7        0x08006f28        0x0 linker stubs
 *(.glue_7t)
 .glue_7t       0x08006f28        0x0 linker stubs
 *(.eh_frame)
 .eh_frame      0x08006f28        0x0 C:/ST/STM32CubeIDE_1.17.0/STM32CubeIDE/plugins/com.st.stm32cube.ide.mcu.externaltools.gnu-tools-for-stm32.12.3.rel1.win32_1.1.0.202410251130/tools/bin/../lib/gcc/arm-none-eabi/12.3.1/thumb/v7-m/nofp/crtbegin.o
 *(.init)
 .init          0x08006f28        0x4 C:/ST/STM32CubeIDE_1.17.0/STM32CubeIDE/plugins/com.st.stm32cube.ide.mcu.externaltools.gnu-tools-for-stm32.12.3.rel1.win32_1.1.0.202410251130/tools/bin/../lib/gcc/arm-none-eabi/12.3.1/thumb/v7-m/nofp/crti.o
                0x08006f28                _init
 .init          0x08006f2c        0x8 C:/ST/STM32CubeIDE_1.17.0/STM32CubeIDE/plugins/com.st.stm32cube.ide.mcu.externaltools.gnu-tools-for-stm32.12.3.rel1.win32_1.1.0.202410251130/tools/bin/../lib/gcc/arm-none-eabi/12.3.1/thumb/v7-m/nofp/crtn.o
 *(.fini)
 .fini          0x08006f34        0x4 C:/ST/STM32CubeIDE_1.17.0/STM32CubeIDE/plugins/com.st.stm32cube.ide.mcu.externaltools.gnu-tools-for-stm32.12.3.rel1.win32_1.1.0.202410251130/tools/bin/../lib/gcc/arm-none-eabi/12.3.1/thumb/v7-m/nofp/crti.o
                0x08006f34                _fini
 .fini          0x08006f38        0x8 C:/ST/STM32CubeIDE_1.17.0/STM32CubeIDE/plugins/com.st.stm32cube.ide.mcu.externaltools.gnu-tools-for-stm32.12.3.rel1.win32_1.1.0.202410251130/tools/bin/../lib/gcc/arm-none-eabi/12.3.1/thumb/v7-m/nofp/crtn.o
                0x08006f40                        . = ALIGN (0x4)
                0x08006f40                        _etext = .

.vfp11_veneer   0x08006f40        0x0
 .vfp11_veneer  0x08006f40        0x0 linker stubs

.v4_bx          0x08006f40        0x0
 .v4_bx         0x08006f40        0x0 linker stubs

.iplt           0x08006f40        0x0
 .iplt          0x08006f40        0x0 C:/ST/STM32CubeIDE_1.17.0/STM32CubeIDE/plugins/com.st.stm32cube.ide.mcu.externaltools.gnu-tools-for-stm32.12.3.rel1.win32_1.1.0.202410251130/tools/bin/../lib/gcc/arm-none-eabi/12.3.1/thumb/v7-m/nofp/crtbegin.o

.rodata         0x08006f40       0xac
                0x08006f40                        . = ALIGN (0x4)
 *(.rodata)
 .rodata        0x08006f40       0x78 ./Core/Src/main.o
 .rodata        0x08006fb8        0x5 ./Middlewares/Third_Party/FreeRTOS/Source/tasks.o
 *(.rodata*)
 *fill*         0x08006fbd        0x3 
 .rodata.AHBPrescTable
                0x08006fc0       0x10 ./Core/Src/system_stm32f1xx.o
                0x08006fc0                AHBPrescTable
 .rodata.APBPrescTable
                0x08006fd0        0x8 ./Core/Src/system_stm32f1xx.o
                0x08006fd0                APBPrescTable
 .rodata.aPLLMULFactorTable.1
                0x08006fd8       0x10 ./Drivers/STM32F1xx_HAL_Driver/Src/stm32f1xx_hal_rcc.o
 .rodata.aPredivFactorTable.0
                0x08006fe8        0x2 ./Drivers/STM32F1xx_HAL_Driver/Src/stm32f1xx_hal_rcc.o
                0x08006fec                        . = ALIGN (0x4)
 *fill*         0x08006fea        0x2 

.ARM.extab      0x08006fec        0x0
                0x08006fec                        . = ALIGN (0x4)
 *(.ARM.extab* .gnu.linkonce.armextab.*)
                0x08006fec                        . = ALIGN (0x4)

.ARM            0x08006fec        0x0
                0x08006fec                        . = ALIGN (0x4)
                0x08006fec                        __exidx_start = .
 *(.ARM.exidx*)
                0x08006fec                        __exidx_end = .
                0x08006fec                        . = ALIGN (0x4)

.preinit_array  0x08006fec        0x0
                0x08006fec                        . = ALIGN (0x4)
                0x08006fec                        PROVIDE (__preinit_array_start = .)
 *(.preinit_array*)
                0x08006fec                        PROVIDE (__preinit_array_end = .)
                0x08006fec                        . = ALIGN (0x4)

.init_array     0x08006fec        0x4
                0x08006fec                        . = ALIGN (0x4)
                0x08006fec                        PROVIDE (__init_array_start = .)
 *(SORT_BY_NAME(.init_array.*))
 *(.init_array*)
 .init_array    0x08006fec        0x4 C:/ST/STM32CubeIDE_1.17.0/STM32CubeIDE/plugins/com.st.stm32cube.ide.mcu.externaltools.gnu-tools-for-stm32.12.3.rel1.win32_1.1.0.202410251130/tools/bin/../lib/gcc/arm-none-eabi/12.3.1/thumb/v7-m/nofp/crtbegin.o
                0x08006ff0                        PROVIDE (__init_array_end = .)
                0x08006ff0                        . = ALIGN (0x4)

.fini_array     0x08006ff0        0x4
                0x08006ff0                        . = ALIGN (0x4)
                [!provide]                        PROVIDE (__fini_array_start = .)
 *(SORT_BY_NAME(.fini_array.*))
 *(.fini_array*)
 .fini_array    0x08006ff0        0x4 C:/ST/STM32CubeIDE_1.17.0/STM32CubeIDE/plugins/com.st.stm32cube.ide.mcu.externaltools.gnu-tools-for-stm32.12.3.rel1.win32_1.1.0.202410251130/tools/bin/../lib/gcc/arm-none-eabi/12.3.1/thumb/v7-m/nofp/crtbegin.o
                [!provide]                        PROVIDE (__fini_array_end = .)
                0x08006ff4                        . = ALIGN (0x4)
                0x08006ff4                        _sidata = LOADADDR (.data)

.rel.dyn        0x08006ff4        0x0
 .rel.iplt      0x08006ff4        0x0 C:/ST/STM32CubeIDE_1.17.0/STM32CubeIDE/plugins/com.st.stm32cube.ide.mcu.externaltools.gnu-tools-for-stm32.12.3.rel1.win32_1.1.0.202410251130/tools/bin/../lib/gcc/arm-none-eabi/12.3.1/thumb/v7-m/nofp/crtbegin.o

.data           0x20000000       0x64 load address 0x08006ff4
                0x20000000                        . = ALIGN (0x4)
                0x20000000                        _sdata = .
 *(.data)
 *(.data*)
 .data.SystemCoreClock
                0x20000000        0x4 ./Core/Src/system_stm32f1xx.o
                0x20000000                SystemCoreClock
 .data.uwTickPrio
                0x20000004        0x4 ./Drivers/STM32F1xx_HAL_Driver/Src/stm32f1xx_hal.o
                0x20000004                uwTickPrio
 .data.uwTickFreq
                0x20000008        0x1 ./Drivers/STM32F1xx_HAL_Driver/Src/stm32f1xx_hal.o
                0x20000008                uwTickFreq
 *fill*         0x20000009        0x3 
 .data.uxCriticalNesting
                0x2000000c        0x4 ./Middlewares/Third_Party/FreeRTOS/Source/portable/GCC/ARM_CM3/port.o
 .data.PWM_Pulse_Complete
                0x20000010        0x1 ./MotorDriver/Src/TMC2209.o
 *fill*         0x20000011        0x3 
 .data._impure_ptr
                0x20000014        0x4 C:/ST/STM32CubeIDE_1.17.0/STM32CubeIDE/plugins/com.st.stm32cube.ide.mcu.externaltools.gnu-tools-for-stm32.12.3.rel1.win32_1.1.0.202410251130/tools/bin/../lib/gcc/arm-none-eabi/12.3.1/../../../../arm-none-eabi/lib/thumb/v7-m/nofp\libc_nano.a(libc_a-impure.o)
                0x20000014                _impure_ptr
 .data._impure_data
                0x20000018       0x4c C:/ST/STM32CubeIDE_1.17.0/STM32CubeIDE/plugins/com.st.stm32cube.ide.mcu.externaltools.gnu-tools-for-stm32.12.3.rel1.win32_1.1.0.202410251130/tools/bin/../lib/gcc/arm-none-eabi/12.3.1/../../../../arm-none-eabi/lib/thumb/v7-m/nofp\libc_nano.a(libc_a-impure.o)
                0x20000018                _impure_data
 *(.RamFunc)
 *(.RamFunc*)
                0x20000064                        . = ALIGN (0x4)
                0x20000064                        _edata = .

.igot.plt       0x20000064        0x0 load address 0x08007058
 .igot.plt      0x20000064        0x0 C:/ST/STM32CubeIDE_1.17.0/STM32CubeIDE/plugins/com.st.stm32cube.ide.mcu.externaltools.gnu-tools-for-stm32.12.3.rel1.win32_1.1.0.202410251130/tools/bin/../lib/gcc/arm-none-eabi/12.3.1/thumb/v7-m/nofp/crtbegin.o
                0x20000064                        . = ALIGN (0x4)

.bss            0x20000064     0x1b10 load address 0x08007058
                0x20000064                        _sbss = .
                0x20000064                        __bss_start__ = _sbss
 *(.bss)
 .bss           0x20000064       0x1c C:/ST/STM32CubeIDE_1.17.0/STM32CubeIDE/plugins/com.st.stm32cube.ide.mcu.externaltools.gnu-tools-for-stm32.12.3.rel1.win32_1.1.0.202410251130/tools/bin/../lib/gcc/arm-none-eabi/12.3.1/thumb/v7-m/nofp/crtbegin.o
 *(.bss*)
 .bss.rotation_direction
                0x20000080        0x1 ./Core/Src/encoder.o
                0x20000080                rotation_direction
 *fill*         0x20000081        0x1 
 .bss.position_prev
                0x20000082        0x2 ./Core/Src/encoder.o
                0x20000082                position_prev
 .bss.accumulate_counter
                0x20000084        0x4 ./Core/Src/encoder.o
                0x20000084                accumulate_counter
 .bss.raw_buffer
                0x20000088        0x2 ./Core/Src/encoder.o
                0x20000088                raw_buffer
 *fill*         0x2000008a        0x2 
 .bss.encoderReadings
                0x2000008c      0x800 ./Core/Src/encoder.o
                0x2000008c                encoderReadings
 .bss.filterIndex
                0x2000088c        0x2 ./Core/Src/encoder.o
                0x2000088c                filterIndex
 .bss.filteredValue
                0x2000088e        0x2 ./Core/Src/encoder.o
                0x2000088e                filteredValue
 .bss.xIdleTaskTCBBuffer
                0x20000890       0xa0 ./Core/Src/freertos.o
 .bss.xIdleStack
                0x20000930      0x200 ./Core/Src/freertos.o
 .bss.hi2c1     0x20000b30       0x54 ./Core/Src/main.o
                0x20000b30                hi2c1
 .bss.hdma_i2c1_rx
                0x20000b84       0x44 ./Core/Src/main.o
                0x20000b84                hdma_i2c1_rx
 .bss.htim2     0x20000bc8       0x48 ./Core/Src/main.o
                0x20000bc8                htim2
 .bss.huart1    0x20000c10       0x48 ./Core/Src/main.o
                0x20000c10                huart1
 .bss.defaultTaskHandle
                0x20000c58        0x4 ./Core/Src/main.o
                0x20000c58                defaultTaskHandle
 .bss.driverTaskHandler
                0x20000c5c        0x4 ./Core/Src/main.o
                0x20000c5c                driverTaskHandler
 .bss.encoderTaskHandler
                0x20000c60        0x4 ./Core/Src/main.o
                0x20000c60                encoderTaskHandler
 .bss.driver_value
                0x20000c64        0x4 ./Core/Src/main.o
                0x20000c64                driver_value
 .bss.htim1     0x20000c68       0x48 ./Core/Src/stm32f1xx_hal_timebase_tim.o
                0x20000c68                htim1
 .bss.UART1_RxBuffer
                0x20000cb0       0x1e ./Core/Src/uart_bus.o
                0x20000cb0                UART1_RxBuffer
 *fill*         0x20000cce        0x2 
 .bss.uwTick    0x20000cd0        0x4 ./Drivers/STM32F1xx_HAL_Driver/Src/stm32f1xx_hal.o
                0x20000cd0                uwTick
 .bss.pxCurrentTCB
                0x20000cd4        0x4 ./Middlewares/Third_Party/FreeRTOS/Source/tasks.o
                0x20000cd4                pxCurrentTCB
 .bss.pxReadyTasksLists
                0x20000cd8       0x8c ./Middlewares/Third_Party/FreeRTOS/Source/tasks.o
 .bss.xDelayedTaskList1
                0x20000d64       0x14 ./Middlewares/Third_Party/FreeRTOS/Source/tasks.o
 .bss.xDelayedTaskList2
                0x20000d78       0x14 ./Middlewares/Third_Party/FreeRTOS/Source/tasks.o
 .bss.pxDelayedTaskList
                0x20000d8c        0x4 ./Middlewares/Third_Party/FreeRTOS/Source/tasks.o
 .bss.pxOverflowDelayedTaskList
                0x20000d90        0x4 ./Middlewares/Third_Party/FreeRTOS/Source/tasks.o
 .bss.xPendingReadyList
                0x20000d94       0x14 ./Middlewares/Third_Party/FreeRTOS/Source/tasks.o
 .bss.xTasksWaitingTermination
                0x20000da8       0x14 ./Middlewares/Third_Party/FreeRTOS/Source/tasks.o
 .bss.uxDeletedTasksWaitingCleanUp
                0x20000dbc        0x4 ./Middlewares/Third_Party/FreeRTOS/Source/tasks.o
 .bss.xSuspendedTaskList
                0x20000dc0       0x14 ./Middlewares/Third_Party/FreeRTOS/Source/tasks.o
 .bss.uxCurrentNumberOfTasks
                0x20000dd4        0x4 ./Middlewares/Third_Party/FreeRTOS/Source/tasks.o
 .bss.xTickCount
                0x20000dd8        0x4 ./Middlewares/Third_Party/FreeRTOS/Source/tasks.o
 .bss.uxTopReadyPriority
                0x20000ddc        0x4 ./Middlewares/Third_Party/FreeRTOS/Source/tasks.o
 .bss.xSchedulerRunning
                0x20000de0        0x4 ./Middlewares/Third_Party/FreeRTOS/Source/tasks.o
 .bss.xPendedTicks
                0x20000de4        0x4 ./Middlewares/Third_Party/FreeRTOS/Source/tasks.o
 .bss.xYieldPending
                0x20000de8        0x4 ./Middlewares/Third_Party/FreeRTOS/Source/tasks.o
 .bss.xNumOfOverflows
                0x20000dec        0x4 ./Middlewares/Third_Party/FreeRTOS/Source/tasks.o
 .bss.uxTaskNumber
                0x20000df0        0x4 ./Middlewares/Third_Party/FreeRTOS/Source/tasks.o
 .bss.xNextTaskUnblockTime
                0x20000df4        0x4 ./Middlewares/Third_Party/FreeRTOS/Source/tasks.o
 .bss.xIdleTaskHandle
                0x20000df8        0x4 ./Middlewares/Third_Party/FreeRTOS/Source/tasks.o
 .bss.uxSchedulerSuspended
                0x20000dfc        0x4 ./Middlewares/Third_Party/FreeRTOS/Source/tasks.o
 .bss.ucMaxSysCallPriority
                0x20000e00        0x1 ./Middlewares/Third_Party/FreeRTOS/Source/portable/GCC/ARM_CM3/port.o
 *fill*         0x20000e01        0x3 
 .bss.ulMaxPRIGROUPValue
                0x20000e04        0x4 ./Middlewares/Third_Party/FreeRTOS/Source/portable/GCC/ARM_CM3/port.o
 .bss.ucHeap    0x20000e08      0xc00 ./Middlewares/Third_Party/FreeRTOS/Source/portable/MemMang/heap_4.o
 .bss.xStart    0x20001a08        0x8 ./Middlewares/Third_Party/FreeRTOS/Source/portable/MemMang/heap_4.o
 .bss.pxEnd     0x20001a10        0x4 ./Middlewares/Third_Party/FreeRTOS/Source/portable/MemMang/heap_4.o
 .bss.xFreeBytesRemaining
                0x20001a14        0x4 ./Middlewares/Third_Party/FreeRTOS/Source/portable/MemMang/heap_4.o
 .bss.xMinimumEverFreeBytesRemaining
                0x20001a18        0x4 ./Middlewares/Third_Party/FreeRTOS/Source/portable/MemMang/heap_4.o
 .bss.xNumberOfSuccessfulAllocations
                0x20001a1c        0x4 ./Middlewares/Third_Party/FreeRTOS/Source/portable/MemMang/heap_4.o
 .bss.xNumberOfSuccessfulFrees
                0x20001a20        0x4 ./Middlewares/Third_Party/FreeRTOS/Source/portable/MemMang/heap_4.o
 .bss.xBlockAllocatedBit
                0x20001a24        0x4 ./Middlewares/Third_Party/FreeRTOS/Source/portable/MemMang/heap_4.o
 .bss.chopConfig
                0x20001a28        0x4 ./MotorDriver/Src/TMC2209.o
                0x20001a28                chopConfig
 .bss.gconfConfig
                0x20001a2c        0x4 ./MotorDriver/Src/TMC2209.o
                0x20001a2c                gconfConfig
 .bss.Driver_Enable
                0x20001a30        0x1 ./MotorDriver/Src/TMC2209.o
 *fill*         0x20001a31        0x3 
 .bss.__sf      0x20001a34      0x138 C:/ST/STM32CubeIDE_1.17.0/STM32CubeIDE/plugins/com.st.stm32cube.ide.mcu.externaltools.gnu-tools-for-stm32.12.3.rel1.win32_1.1.0.202410251130/tools/bin/../lib/gcc/arm-none-eabi/12.3.1/../../../../arm-none-eabi/lib/thumb/v7-m/nofp\libc_nano.a(libc_a-findfp.o)
                0x20001a34                __sf
 .bss.__lock___malloc_recursive_mutex
                0x20001b6c        0x1 C:/ST/STM32CubeIDE_1.17.0/STM32CubeIDE/plugins/com.st.stm32cube.ide.mcu.externaltools.gnu-tools-for-stm32.12.3.rel1.win32_1.1.0.202410251130/tools/bin/../lib/gcc/arm-none-eabi/12.3.1/../../../../arm-none-eabi/lib/thumb/v7-m/nofp\libc_nano.a(libc_a-lock.o)
                0x20001b6c                __lock___malloc_recursive_mutex
 *fill*         0x20001b6d        0x3 
 .bss.__malloc_free_list
                0x20001b70        0x4 C:/ST/STM32CubeIDE_1.17.0/STM32CubeIDE/plugins/com.st.stm32cube.ide.mcu.externaltools.gnu-tools-for-stm32.12.3.rel1.win32_1.1.0.202410251130/tools/bin/../lib/gcc/arm-none-eabi/12.3.1/../../../../arm-none-eabi/lib/thumb/v7-m/nofp\libc_nano.a(libc_a-mallocr.o)
                0x20001b70                __malloc_free_list
 *(COMMON)
                0x20001b74                        . = ALIGN (0x4)
                0x20001b74                        _ebss = .
                0x20001b74                        __bss_end__ = _ebss

._user_heap_stack
                0x20001b74      0x604 load address 0x08007058
                0x20001b78                        . = ALIGN (0x8)
 *fill*         0x20001b74        0x4 
                [!provide]                        PROVIDE (end = .)
                0x20001b78                        PROVIDE (_end = .)
                0x20001d78                        . = (. + _Min_Heap_Size)
 *fill*         0x20001b78      0x200 
                0x20002178                        . = (. + _Min_Stack_Size)
 *fill*         0x20001d78      0x400 
                0x20002178                        . = ALIGN (0x8)

/DISCARD/
 libc.a(*)
 libm.a(*)
 libgcc.a(*)

.ARM.attributes
                0x00000000       0x29
 *(.ARM.attributes)
 .ARM.attributes
                0x00000000       0x1d C:/ST/STM32CubeIDE_1.17.0/STM32CubeIDE/plugins/com.st.stm32cube.ide.mcu.externaltools.gnu-tools-for-stm32.12.3.rel1.win32_1.1.0.202410251130/tools/bin/../lib/gcc/arm-none-eabi/12.3.1/thumb/v7-m/nofp/crti.o
 .ARM.attributes
                0x0000001d       0x2d C:/ST/STM32CubeIDE_1.17.0/STM32CubeIDE/plugins/com.st.stm32cube.ide.mcu.externaltools.gnu-tools-for-stm32.12.3.rel1.win32_1.1.0.202410251130/tools/bin/../lib/gcc/arm-none-eabi/12.3.1/thumb/v7-m/nofp/crtbegin.o
 .ARM.attributes
                0x0000004a       0x2d ./Core/Src/encoder.o
 .ARM.attributes
                0x00000077       0x2d ./Core/Src/freertos.o
 .ARM.attributes
                0x000000a4       0x2d ./Core/Src/main.o
 .ARM.attributes
                0x000000d1       0x2d ./Core/Src/stm32f1xx_hal_msp.o
 .ARM.attributes
                0x000000fe       0x2d ./Core/Src/stm32f1xx_hal_timebase_tim.o
 .ARM.attributes
                0x0000012b       0x2d ./Core/Src/stm32f1xx_it.o
 .ARM.attributes
                0x00000158       0x2d ./Core/Src/system_stm32f1xx.o
 .ARM.attributes
                0x00000185       0x2d ./Core/Src/uart_bus.o
 .ARM.attributes
                0x000001b2       0x21 ./Core/Startup/startup_stm32f103c8tx.o
 .ARM.attributes
                0x000001d3       0x2d ./Drivers/STM32F1xx_HAL_Driver/Src/stm32f1xx_hal.o
 .ARM.attributes
                0x00000200       0x2d ./Drivers/STM32F1xx_HAL_Driver/Src/stm32f1xx_hal_cortex.o
 .ARM.attributes
                0x0000022d       0x2d ./Drivers/STM32F1xx_HAL_Driver/Src/stm32f1xx_hal_dma.o
 .ARM.attributes
                0x0000025a       0x2d ./Drivers/STM32F1xx_HAL_Driver/Src/stm32f1xx_hal_gpio.o
 .ARM.attributes
                0x00000287       0x2d ./Drivers/STM32F1xx_HAL_Driver/Src/stm32f1xx_hal_i2c.o
 .ARM.attributes
                0x000002b4       0x2d ./Drivers/STM32F1xx_HAL_Driver/Src/stm32f1xx_hal_rcc.o
 .ARM.attributes
                0x000002e1       0x2d ./Drivers/STM32F1xx_HAL_Driver/Src/stm32f1xx_hal_tim.o
 .ARM.attributes
                0x0000030e       0x2d ./Drivers/STM32F1xx_HAL_Driver/Src/stm32f1xx_hal_tim_ex.o
 .ARM.attributes
                0x0000033b       0x2d ./Drivers/STM32F1xx_HAL_Driver/Src/stm32f1xx_hal_uart.o
 .ARM.attributes
                0x00000368       0x2d ./Middlewares/Third_Party/FreeRTOS/Source/CMSIS_RTOS/cmsis_os.o
 .ARM.attributes
                0x00000395       0x2d ./Middlewares/Third_Party/FreeRTOS/Source/list.o
 .ARM.attributes
                0x000003c2       0x2d ./Middlewares/Third_Party/FreeRTOS/Source/tasks.o
 .ARM.attributes
                0x000003ef       0x2d ./Middlewares/Third_Party/FreeRTOS/Source/portable/GCC/ARM_CM3/port.o
 .ARM.attributes
                0x0000041c       0x2d ./Middlewares/Third_Party/FreeRTOS/Source/portable/MemMang/heap_4.o
 .ARM.attributes
                0x00000449       0x2d ./MotorDriver/Src/TMC2209.o
 .ARM.attributes
                0x00000476       0x2d ./MotorDriver/Src/TMC2209_HAL.o
 .ARM.attributes
                0x000004a3       0x2d C:/ST/STM32CubeIDE_1.17.0/STM32CubeIDE/plugins/com.st.stm32cube.ide.mcu.externaltools.gnu-tools-for-stm32.12.3.rel1.win32_1.1.0.202410251130/tools/bin/../lib/gcc/arm-none-eabi/12.3.1/../../../../arm-none-eabi/lib/thumb/v7-m/nofp\libc_nano.a(libc_a-findfp.o)
 .ARM.attributes
                0x000004d0       0x2d C:/ST/STM32CubeIDE_1.17.0/STM32CubeIDE/plugins/com.st.stm32cube.ide.mcu.externaltools.gnu-tools-for-stm32.12.3.rel1.win32_1.1.0.202410251130/tools/bin/../lib/gcc/arm-none-eabi/12.3.1/../../../../arm-none-eabi/lib/thumb/v7-m/nofp\libc_nano.a(libc_a-memset.o)
 .ARM.attributes
                0x000004fd       0x2d C:/ST/STM32CubeIDE_1.17.0/STM32CubeIDE/plugins/com.st.stm32cube.ide.mcu.externaltools.gnu-tools-for-stm32.12.3.rel1.win32_1.1.0.202410251130/tools/bin/../lib/gcc/arm-none-eabi/12.3.1/../../../../arm-none-eabi/lib/thumb/v7-m/nofp\libc_nano.a(libc_a-reent.o)
 .ARM.attributes
                0x0000052a       0x2d C:/ST/STM32CubeIDE_1.17.0/STM32CubeIDE/plugins/com.st.stm32cube.ide.mcu.externaltools.gnu-tools-for-stm32.12.3.rel1.win32_1.1.0.202410251130/tools/bin/../lib/gcc/arm-none-eabi/12.3.1/../../../../arm-none-eabi/lib/thumb/v7-m/nofp\libc_nano.a(libc_a-impure.o)
 .ARM.attributes
                0x00000557       0x2d C:/ST/STM32CubeIDE_1.17.0/STM32CubeIDE/plugins/com.st.stm32cube.ide.mcu.externaltools.gnu-tools-for-stm32.12.3.rel1.win32_1.1.0.202410251130/tools/bin/../lib/gcc/arm-none-eabi/12.3.1/../../../../arm-none-eabi/lib/thumb/v7-m/nofp\libc_nano.a(libc_a-init.o)
 .ARM.attributes
                0x00000584       0x2d C:/ST/STM32CubeIDE_1.17.0/STM32CubeIDE/plugins/com.st.stm32cube.ide.mcu.externaltools.gnu-tools-for-stm32.12.3.rel1.win32_1.1.0.202410251130/tools/bin/../lib/gcc/arm-none-eabi/12.3.1/../../../../arm-none-eabi/lib/thumb/v7-m/nofp\libc_nano.a(libc_a-lock.o)
 .ARM.attributes
                0x000005b1       0x2d C:/ST/STM32CubeIDE_1.17.0/STM32CubeIDE/plugins/com.st.stm32cube.ide.mcu.externaltools.gnu-tools-for-stm32.12.3.rel1.win32_1.1.0.202410251130/tools/bin/../lib/gcc/arm-none-eabi/12.3.1/../../../../arm-none-eabi/lib/thumb/v7-m/nofp\libc_nano.a(libc_a-freer.o)
 .ARM.attributes
                0x000005de       0x2d C:/ST/STM32CubeIDE_1.17.0/STM32CubeIDE/plugins/com.st.stm32cube.ide.mcu.externaltools.gnu-tools-for-stm32.12.3.rel1.win32_1.1.0.202410251130/tools/bin/../lib/gcc/arm-none-eabi/12.3.1/../../../../arm-none-eabi/lib/thumb/v7-m/nofp\libc_nano.a(libc_a-mallocr.o)
 .ARM.attributes
                0x0000060b       0x2d C:/ST/STM32CubeIDE_1.17.0/STM32CubeIDE/plugins/com.st.stm32cube.ide.mcu.externaltools.gnu-tools-for-stm32.12.3.rel1.win32_1.1.0.202410251130/tools/bin/../lib/gcc/arm-none-eabi/12.3.1/../../../../arm-none-eabi/lib/thumb/v7-m/nofp\libc_nano.a(libc_a-mlock.o)
 .ARM.attributes
                0x00000638       0x1d C:/ST/STM32CubeIDE_1.17.0/STM32CubeIDE/plugins/com.st.stm32cube.ide.mcu.externaltools.gnu-tools-for-stm32.12.3.rel1.win32_1.1.0.202410251130/tools/bin/../lib/gcc/arm-none-eabi/12.3.1/thumb/v7-m/nofp/crtn.o
OUTPUT(DRV_N17-S32.elf elf32-littlearm)
LOAD linker stubs
LOAD C:/ST/STM32CubeIDE_1.17.0/STM32CubeIDE/plugins/com.st.stm32cube.ide.mcu.externaltools.gnu-tools-for-stm32.12.3.rel1.win32_1.1.0.202410251130/tools/bin/../lib/gcc/arm-none-eabi/12.3.1/../../../../arm-none-eabi/lib/thumb/v7-m/nofp\libc.a
LOAD C:/ST/STM32CubeIDE_1.17.0/STM32CubeIDE/plugins/com.st.stm32cube.ide.mcu.externaltools.gnu-tools-for-stm32.12.3.rel1.win32_1.1.0.202410251130/tools/bin/../lib/gcc/arm-none-eabi/12.3.1/../../../../arm-none-eabi/lib/thumb/v7-m/nofp\libm.a
LOAD C:/ST/STM32CubeIDE_1.17.0/STM32CubeIDE/plugins/com.st.stm32cube.ide.mcu.externaltools.gnu-tools-for-stm32.12.3.rel1.win32_1.1.0.202410251130/tools/bin/../lib/gcc/arm-none-eabi/12.3.1/thumb/v7-m/nofp\libgcc.a

.debug_info     0x00000000    0x17da7
 .debug_info    0x00000000      0x8a9 ./Core/Src/encoder.o
 .debug_info    0x000008a9      0x919 ./Core/Src/freertos.o
 .debug_info    0x000011c2     0x1ea3 ./Core/Src/main.o
 .debug_info    0x00003065     0x110b ./Core/Src/stm32f1xx_hal_msp.o
 .debug_info    0x00004170      0x99a ./Core/Src/stm32f1xx_hal_timebase_tim.o
 .debug_info    0x00004b0a      0xc3f ./Core/Src/stm32f1xx_it.o
 .debug_info    0x00005749      0x222 ./Core/Src/system_stm32f1xx.o
 .debug_info    0x0000596b      0x5f8 ./Core/Src/uart_bus.o
 .debug_info    0x00005f63       0x30 ./Core/Startup/startup_stm32f103c8tx.o
 .debug_info    0x00005f93      0x704 ./Drivers/STM32F1xx_HAL_Driver/Src/stm32f1xx_hal.o
 .debug_info    0x00006697      0xa87 ./Drivers/STM32F1xx_HAL_Driver/Src/stm32f1xx_hal_cortex.o
 .debug_info    0x0000711e      0x6d2 ./Drivers/STM32F1xx_HAL_Driver/Src/stm32f1xx_hal_dma.o
 .debug_info    0x000077f0      0x5ab ./Drivers/STM32F1xx_HAL_Driver/Src/stm32f1xx_hal_gpio.o
 .debug_info    0x00007d9b     0x2524 ./Drivers/STM32F1xx_HAL_Driver/Src/stm32f1xx_hal_i2c.o
 .debug_info    0x0000a2bf      0x7d5 ./Drivers/STM32F1xx_HAL_Driver/Src/stm32f1xx_hal_rcc.o
 .debug_info    0x0000aa94     0x2959 ./Drivers/STM32F1xx_HAL_Driver/Src/stm32f1xx_hal_tim.o
 .debug_info    0x0000d3ed     0x149b ./Drivers/STM32F1xx_HAL_Driver/Src/stm32f1xx_hal_tim_ex.o
 .debug_info    0x0000e888     0x2eed ./Drivers/STM32F1xx_HAL_Driver/Src/stm32f1xx_hal_uart.o
 .debug_info    0x00011775     0x21e2 ./Middlewares/Third_Party/FreeRTOS/Source/CMSIS_RTOS/cmsis_os.o
 .debug_info    0x00013957      0x2af ./Middlewares/Third_Party/FreeRTOS/Source/list.o
 .debug_info    0x00013c06     0x239e ./Middlewares/Third_Party/FreeRTOS/Source/tasks.o
 .debug_info    0x00015fa4      0x494 ./Middlewares/Third_Party/FreeRTOS/Source/portable/GCC/ARM_CM3/port.o
 .debug_info    0x00016438      0x4d5 ./Middlewares/Third_Party/FreeRTOS/Source/portable/MemMang/heap_4.o
 .debug_info    0x0001690d      0xb6f ./MotorDriver/Src/TMC2209.o
 .debug_info    0x0001747c      0x92b ./MotorDriver/Src/TMC2209_HAL.o

.debug_abbrev   0x00000000     0x380d
 .debug_abbrev  0x00000000      0x230 ./Core/Src/encoder.o
 .debug_abbrev  0x00000230      0x16f ./Core/Src/freertos.o
 .debug_abbrev  0x0000039f      0x37c ./Core/Src/main.o
 .debug_abbrev  0x0000071b      0x25d ./Core/Src/stm32f1xx_hal_msp.o
 .debug_abbrev  0x00000978      0x1f3 ./Core/Src/stm32f1xx_hal_timebase_tim.o
 .debug_abbrev  0x00000b6b      0x188 ./Core/Src/stm32f1xx_it.o
 .debug_abbrev  0x00000cf3      0x13f ./Core/Src/system_stm32f1xx.o
 .debug_abbrev  0x00000e32      0x19b ./Core/Src/uart_bus.o
 .debug_abbrev  0x00000fcd       0x24 ./Core/Startup/startup_stm32f103c8tx.o
 .debug_abbrev  0x00000ff1      0x201 ./Drivers/STM32F1xx_HAL_Driver/Src/stm32f1xx_hal.o
 .debug_abbrev  0x000011f2      0x2f8 ./Drivers/STM32F1xx_HAL_Driver/Src/stm32f1xx_hal_cortex.o
 .debug_abbrev  0x000014ea      0x20b ./Drivers/STM32F1xx_HAL_Driver/Src/stm32f1xx_hal_dma.o
 .debug_abbrev  0x000016f5      0x1ca ./Drivers/STM32F1xx_HAL_Driver/Src/stm32f1xx_hal_gpio.o
 .debug_abbrev  0x000018bf      0x2a3 ./Drivers/STM32F1xx_HAL_Driver/Src/stm32f1xx_hal_i2c.o
 .debug_abbrev  0x00001b62      0x2b3 ./Drivers/STM32F1xx_HAL_Driver/Src/stm32f1xx_hal_rcc.o
 .debug_abbrev  0x00001e15      0x277 ./Drivers/STM32F1xx_HAL_Driver/Src/stm32f1xx_hal_tim.o
 .debug_abbrev  0x0000208c      0x282 ./Drivers/STM32F1xx_HAL_Driver/Src/stm32f1xx_hal_tim_ex.o
 .debug_abbrev  0x0000230e      0x2f8 ./Drivers/STM32F1xx_HAL_Driver/Src/stm32f1xx_hal_uart.o
 .debug_abbrev  0x00002606      0x416 ./Middlewares/Third_Party/FreeRTOS/Source/CMSIS_RTOS/cmsis_os.o
 .debug_abbrev  0x00002a1c       0xf5 ./Middlewares/Third_Party/FreeRTOS/Source/list.o
 .debug_abbrev  0x00002b11      0x3d0 ./Middlewares/Third_Party/FreeRTOS/Source/tasks.o
 .debug_abbrev  0x00002ee1      0x258 ./Middlewares/Third_Party/FreeRTOS/Source/portable/GCC/ARM_CM3/port.o
 .debug_abbrev  0x00003139      0x21d ./Middlewares/Third_Party/FreeRTOS/Source/portable/MemMang/heap_4.o
 .debug_abbrev  0x00003356      0x260 ./MotorDriver/Src/TMC2209.o
 .debug_abbrev  0x000035b6      0x257 ./MotorDriver/Src/TMC2209_HAL.o

.debug_aranges  0x00000000     0x14b0
 .debug_aranges
                0x00000000       0x48 ./Core/Src/encoder.o
 .debug_aranges
                0x00000048       0x20 ./Core/Src/freertos.o
 .debug_aranges
                0x00000068       0x78 ./Core/Src/main.o
 .debug_aranges
                0x000000e0       0x58 ./Core/Src/stm32f1xx_hal_msp.o
 .debug_aranges
                0x00000138       0x30 ./Core/Src/stm32f1xx_hal_timebase_tim.o
 .debug_aranges
                0x00000168       0x78 ./Core/Src/stm32f1xx_it.o
 .debug_aranges
                0x000001e0       0x28 ./Core/Src/system_stm32f1xx.o
 .debug_aranges
                0x00000208       0x28 ./Core/Src/uart_bus.o
 .debug_aranges
                0x00000230       0x28 ./Core/Startup/startup_stm32f103c8tx.o
 .debug_aranges
                0x00000258       0xe0 ./Drivers/STM32F1xx_HAL_Driver/Src/stm32f1xx_hal.o
 .debug_aranges
                0x00000338      0x100 ./Drivers/STM32F1xx_HAL_Driver/Src/stm32f1xx_hal_cortex.o
 .debug_aranges
                0x00000438       0x80 ./Drivers/STM32F1xx_HAL_Driver/Src/stm32f1xx_hal_dma.o
 .debug_aranges
                0x000004b8       0x58 ./Drivers/STM32F1xx_HAL_Driver/Src/stm32f1xx_hal_gpio.o
 .debug_aranges
                0x00000510      0x2a8 ./Drivers/STM32F1xx_HAL_Driver/Src/stm32f1xx_hal_i2c.o
 .debug_aranges
                0x000007b8       0x90 ./Drivers/STM32F1xx_HAL_Driver/Src/stm32f1xx_hal_rcc.o
 .debug_aranges
                0x00000848      0x3d0 ./Drivers/STM32F1xx_HAL_Driver/Src/stm32f1xx_hal_tim.o
 .debug_aranges
                0x00000c18      0x168 ./Drivers/STM32F1xx_HAL_Driver/Src/stm32f1xx_hal_tim_ex.o
 .debug_aranges
                0x00000d80      0x208 ./Drivers/STM32F1xx_HAL_Driver/Src/stm32f1xx_hal_uart.o
 .debug_aranges
                0x00000f88      0x1d8 ./Middlewares/Third_Party/FreeRTOS/Source/CMSIS_RTOS/cmsis_os.o
 .debug_aranges
                0x00001160       0x40 ./Middlewares/Third_Party/FreeRTOS/Source/list.o
 .debug_aranges
                0x000011a0      0x1b8 ./Middlewares/Third_Party/FreeRTOS/Source/tasks.o
 .debug_aranges
                0x00001358       0x78 ./Middlewares/Third_Party/FreeRTOS/Source/portable/GCC/ARM_CM3/port.o
 .debug_aranges
                0x000013d0       0x58 ./Middlewares/Third_Party/FreeRTOS/Source/portable/MemMang/heap_4.o
 .debug_aranges
                0x00001428       0x50 ./MotorDriver/Src/TMC2209.o
 .debug_aranges
                0x00001478       0x38 ./MotorDriver/Src/TMC2209_HAL.o

.debug_rnglists
                0x00000000     0x102f
 .debug_rnglists
                0x00000000       0x34 ./Core/Src/encoder.o
 .debug_rnglists
                0x00000034       0x13 ./Core/Src/freertos.o
 .debug_rnglists
                0x00000047       0x59 ./Core/Src/main.o
 .debug_rnglists
                0x000000a0       0x3f ./Core/Src/stm32f1xx_hal_msp.o
 .debug_rnglists
                0x000000df       0x20 ./Core/Src/stm32f1xx_hal_timebase_tim.o
 .debug_rnglists
                0x000000ff       0x55 ./Core/Src/stm32f1xx_it.o
 .debug_rnglists
                0x00000154       0x1a ./Core/Src/system_stm32f1xx.o
 .debug_rnglists
                0x0000016e       0x19 ./Core/Src/uart_bus.o
 .debug_rnglists
                0x00000187       0x19 ./Core/Startup/startup_stm32f103c8tx.o
 .debug_rnglists
                0x000001a0       0xa3 ./Drivers/STM32F1xx_HAL_Driver/Src/stm32f1xx_hal.o
 .debug_rnglists
                0x00000243       0xbb ./Drivers/STM32F1xx_HAL_Driver/Src/stm32f1xx_hal_cortex.o
 .debug_rnglists
                0x000002fe       0x64 ./Drivers/STM32F1xx_HAL_Driver/Src/stm32f1xx_hal_dma.o
 .debug_rnglists
                0x00000362       0x3f ./Drivers/STM32F1xx_HAL_Driver/Src/stm32f1xx_hal_gpio.o
 .debug_rnglists
                0x000003a1      0x23c ./Drivers/STM32F1xx_HAL_Driver/Src/stm32f1xx_hal_i2c.o
 .debug_rnglists
                0x000005dd       0x6c ./Drivers/STM32F1xx_HAL_Driver/Src/stm32f1xx_hal_rcc.o
 .debug_rnglists
                0x00000649      0x31a ./Drivers/STM32F1xx_HAL_Driver/Src/stm32f1xx_hal_tim.o
 .debug_rnglists
                0x00000963      0x125 ./Drivers/STM32F1xx_HAL_Driver/Src/stm32f1xx_hal_tim_ex.o
 .debug_rnglists
                0x00000a88      0x1bc ./Drivers/STM32F1xx_HAL_Driver/Src/stm32f1xx_hal_uart.o
 .debug_rnglists
                0x00000c44      0x16a ./Middlewares/Third_Party/FreeRTOS/Source/CMSIS_RTOS/cmsis_os.o
 .debug_rnglists
                0x00000dae       0x2b ./Middlewares/Third_Party/FreeRTOS/Source/list.o
 .debug_rnglists
                0x00000dd9      0x15f ./Middlewares/Third_Party/FreeRTOS/Source/tasks.o
 .debug_rnglists
                0x00000f38       0x57 ./Middlewares/Third_Party/FreeRTOS/Source/portable/GCC/ARM_CM3/port.o
 .debug_rnglists
                0x00000f8f       0x42 ./Middlewares/Third_Party/FreeRTOS/Source/portable/MemMang/heap_4.o
 .debug_rnglists
                0x00000fd1       0x37 ./MotorDriver/Src/TMC2209.o
 .debug_rnglists
                0x00001008       0x27 ./MotorDriver/Src/TMC2209_HAL.o

.debug_macro    0x00000000    0x1a29d
 .debug_macro   0x00000000      0x288 ./Core/Src/encoder.o
 .debug_macro   0x00000288      0xaa8 ./Core/Src/encoder.o
 .debug_macro   0x00000d30      0x227 ./Core/Src/encoder.o
 .debug_macro   0x00000f57       0x2e ./Core/Src/encoder.o
 .debug_macro   0x00000f85       0x22 ./Core/Src/encoder.o
 .debug_macro   0x00000fa7       0x22 ./Core/Src/encoder.o
 .debug_macro   0x00000fc9       0x8e ./Core/Src/encoder.o
 .debug_macro   0x00001057       0x51 ./Core/Src/encoder.o
 .debug_macro   0x000010a8      0x103 ./Core/Src/encoder.o
 .debug_macro   0x000011ab       0x6a ./Core/Src/encoder.o
 .debug_macro   0x00001215      0x1df ./Core/Src/encoder.o
 .debug_macro   0x000013f4       0x1c ./Core/Src/encoder.o
 .debug_macro   0x00001410       0x22 ./Core/Src/encoder.o
 .debug_macro   0x00001432       0xbd ./Core/Src/encoder.o
 .debug_macro   0x000014ef      0xd23 ./Core/Src/encoder.o
 .debug_macro   0x00002212     0xe09e ./Core/Src/encoder.o
 .debug_macro   0x000102b0       0x6d ./Core/Src/encoder.o
 .debug_macro   0x0001031d     0x34a2 ./Core/Src/encoder.o
 .debug_macro   0x000137bf      0x189 ./Core/Src/encoder.o
 .debug_macro   0x00013948       0x5c ./Core/Src/encoder.o
 .debug_macro   0x000139a4      0x5bc ./Core/Src/encoder.o
 .debug_macro   0x00013f60      0x289 ./Core/Src/encoder.o
 .debug_macro   0x000141e9      0x1cb ./Core/Src/encoder.o
 .debug_macro   0x000143b4      0x114 ./Core/Src/encoder.o
 .debug_macro   0x000144c8      0x1b2 ./Core/Src/encoder.o
 .debug_macro   0x0001467a       0x27 ./Core/Src/encoder.o
 .debug_macro   0x000146a1      0x136 ./Core/Src/encoder.o
 .debug_macro   0x000147d7      0x1bc ./Core/Src/encoder.o
 .debug_macro   0x00014993       0x34 ./Core/Src/encoder.o
 .debug_macro   0x000149c7       0x3c ./Core/Src/encoder.o
 .debug_macro   0x00014a03       0x57 ./Core/Src/encoder.o
 .debug_macro   0x00014a5a       0x87 ./Core/Src/encoder.o
 .debug_macro   0x00014ae1      0x240 ./Core/Src/encoder.o
 .debug_macro   0x00014d21      0x287 ./Core/Src/encoder.o
 .debug_macro   0x00014fa8      0x140 ./Core/Src/encoder.o
 .debug_macro   0x000150e8      0x8ed ./Core/Src/encoder.o
 .debug_macro   0x000159d5      0x28e ./Core/Src/encoder.o
 .debug_macro   0x00015c63       0x83 ./Core/Src/encoder.o
 .debug_macro   0x00015ce6       0x70 ./Core/Src/encoder.o
 .debug_macro   0x00015d56       0x24 ./Core/Src/encoder.o
 .debug_macro   0x00015d7a       0x61 ./Core/Src/encoder.o
 .debug_macro   0x00015ddb       0x43 ./Core/Src/encoder.o
 .debug_macro   0x00015e1e       0x34 ./Core/Src/encoder.o
 .debug_macro   0x00015e52       0x16 ./Core/Src/encoder.o
 .debug_macro   0x00015e68       0x35 ./Core/Src/encoder.o
 .debug_macro   0x00015e9d       0x16 ./Core/Src/encoder.o
 .debug_macro   0x00015eb3       0x43 ./Core/Src/encoder.o
 .debug_macro   0x00015ef6       0x34 ./Core/Src/encoder.o
 .debug_macro   0x00015f2a       0x10 ./Core/Src/encoder.o
 .debug_macro   0x00015f3a       0x58 ./Core/Src/encoder.o
 .debug_macro   0x00015f92       0x8e ./Core/Src/encoder.o
 .debug_macro   0x00016020       0x1c ./Core/Src/encoder.o
 .debug_macro   0x0001603c      0x177 ./Core/Src/encoder.o
 .debug_macro   0x000161b3      0x369 ./Core/Src/encoder.o
 .debug_macro   0x0001651c       0x16 ./Core/Src/encoder.o
 .debug_macro   0x00016532       0x29 ./Core/Src/encoder.o
 .debug_macro   0x0001655b      0x2bc ./Core/Src/freertos.o
 .debug_macro   0x00016817       0xdc ./Core/Src/freertos.o
 .debug_macro   0x000168f3      0x15a ./Core/Src/freertos.o
 .debug_macro   0x00016a4d       0xde ./Core/Src/freertos.o
 .debug_macro   0x00016b2b       0x1c ./Core/Src/freertos.o
 .debug_macro   0x00016b47       0x26 ./Core/Src/freertos.o
 .debug_macro   0x00016b6d       0x10 ./Core/Src/freertos.o
 .debug_macro   0x00016b7d      0x513 ./Core/Src/freertos.o
 .debug_macro   0x00017090       0xb5 ./Core/Src/freertos.o
 .debug_macro   0x00017145       0xaa ./Core/Src/freertos.o
 .debug_macro   0x000171ef      0x389 ./Core/Src/main.o
 .debug_macro   0x00017578       0xdc ./Core/Src/main.o
 .debug_macro   0x00017654       0x91 ./Core/Src/main.o
 .debug_macro   0x000176e5       0x8d ./Core/Src/main.o
 .debug_macro   0x00017772       0x7e ./Core/Src/main.o
 .debug_macro   0x000177f0       0x19 ./Core/Src/main.o
 .debug_macro   0x00017809       0xf2 ./Core/Src/main.o
 .debug_macro   0x000178fb       0x76 ./Core/Src/main.o
 .debug_macro   0x00017971       0x1c ./Core/Src/main.o
 .debug_macro   0x0001798d       0x10 ./Core/Src/main.o
 .debug_macro   0x0001799d       0x10 ./Core/Src/main.o
 .debug_macro   0x000179ad       0x20 ./Core/Src/main.o
 .debug_macro   0x000179cd       0x22 ./Core/Src/main.o
 .debug_macro   0x000179ef       0x22 ./Core/Src/main.o
 .debug_macro   0x00017a11      0x1b7 ./Core/Src/stm32f1xx_hal_msp.o
 .debug_macro   0x00017bc8      0x1ad ./Core/Src/stm32f1xx_hal_timebase_tim.o
 .debug_macro   0x00017d75      0x1c1 ./Core/Src/stm32f1xx_it.o
 .debug_macro   0x00017f36      0x1ad ./Core/Src/system_stm32f1xx.o
 .debug_macro   0x000180e3      0x1bd ./Core/Src/uart_bus.o
 .debug_macro   0x000182a0      0x1d1 ./Drivers/STM32F1xx_HAL_Driver/Src/stm32f1xx_hal.o
 .debug_macro   0x00018471      0x1ad ./Drivers/STM32F1xx_HAL_Driver/Src/stm32f1xx_hal_cortex.o
 .debug_macro   0x0001861e      0x1ad ./Drivers/STM32F1xx_HAL_Driver/Src/stm32f1xx_hal_dma.o
 .debug_macro   0x000187cb      0x218 ./Drivers/STM32F1xx_HAL_Driver/Src/stm32f1xx_hal_gpio.o
 .debug_macro   0x000189e3      0x1fb ./Drivers/STM32F1xx_HAL_Driver/Src/stm32f1xx_hal_i2c.o
 .debug_macro   0x00018bde      0x1bf ./Drivers/STM32F1xx_HAL_Driver/Src/stm32f1xx_hal_rcc.o
 .debug_macro   0x00018d9d      0x1ae ./Drivers/STM32F1xx_HAL_Driver/Src/stm32f1xx_hal_tim.o
 .debug_macro   0x00018f4b      0x1ad ./Drivers/STM32F1xx_HAL_Driver/Src/stm32f1xx_hal_tim_ex.o
 .debug_macro   0x000190f8      0x1ae ./Drivers/STM32F1xx_HAL_Driver/Src/stm32f1xx_hal_uart.o
 .debug_macro   0x000192a6      0x210 ./Middlewares/Third_Party/FreeRTOS/Source/CMSIS_RTOS/cmsis_os.o
 .debug_macro   0x000194b6       0x16 ./Middlewares/Third_Party/FreeRTOS/Source/CMSIS_RTOS/cmsis_os.o
 .debug_macro   0x000194cc       0xab ./Middlewares/Third_Party/FreeRTOS/Source/CMSIS_RTOS/cmsis_os.o
 .debug_macro   0x00019577      0x199 ./Middlewares/Third_Party/FreeRTOS/Source/list.o
 .debug_macro   0x00019710      0x28b ./Middlewares/Third_Party/FreeRTOS/Source/tasks.o
 .debug_macro   0x0001999b       0x10 ./Middlewares/Third_Party/FreeRTOS/Source/tasks.o
 .debug_macro   0x000199ab      0x20f ./Middlewares/Third_Party/FreeRTOS/Source/portable/GCC/ARM_CM3/port.o
 .debug_macro   0x00019bba      0x1c0 ./Middlewares/Third_Party/FreeRTOS/Source/portable/MemMang/heap_4.o
 .debug_macro   0x00019d7a      0x299 ./MotorDriver/Src/TMC2209.o
 .debug_macro   0x0001a013      0x28a ./MotorDriver/Src/TMC2209_HAL.o

.debug_line     0x00000000    0x18eda
 .debug_line    0x00000000      0x991 ./Core/Src/encoder.o
 .debug_line    0x00000991      0x940 ./Core/Src/freertos.o
 .debug_line    0x000012d1      0xca3 ./Core/Src/main.o
 .debug_line    0x00001f74      0x83b ./Core/Src/stm32f1xx_hal_msp.o
 .debug_line    0x000027af      0x782 ./Core/Src/stm32f1xx_hal_timebase_tim.o
 .debug_line    0x00002f31      0x828 ./Core/Src/stm32f1xx_it.o
 .debug_line    0x00003759      0x792 ./Core/Src/system_stm32f1xx.o
 .debug_line    0x00003eeb      0x725 ./Core/Src/uart_bus.o
 .debug_line    0x00004610       0x78 ./Core/Startup/startup_stm32f103c8tx.o
 .debug_line    0x00004688      0x9bf ./Drivers/STM32F1xx_HAL_Driver/Src/stm32f1xx_hal.o
 .debug_line    0x00005047      0xbab ./Drivers/STM32F1xx_HAL_Driver/Src/stm32f1xx_hal_cortex.o
 .debug_line    0x00005bf2      0xe18 ./Drivers/STM32F1xx_HAL_Driver/Src/stm32f1xx_hal_dma.o
 .debug_line    0x00006a0a      0xa58 ./Drivers/STM32F1xx_HAL_Driver/Src/stm32f1xx_hal_gpio.o
 .debug_line    0x00007462     0x3c5c ./Drivers/STM32F1xx_HAL_Driver/Src/stm32f1xx_hal_i2c.o
 .debug_line    0x0000b0be      0xdc8 ./Drivers/STM32F1xx_HAL_Driver/Src/stm32f1xx_hal_rcc.o
 .debug_line    0x0000be86     0x34e4 ./Drivers/STM32F1xx_HAL_Driver/Src/stm32f1xx_hal_tim.o
 .debug_line    0x0000f36a     0x190e ./Drivers/STM32F1xx_HAL_Driver/Src/stm32f1xx_hal_tim_ex.o
 .debug_line    0x00010c78     0x289e ./Drivers/STM32F1xx_HAL_Driver/Src/stm32f1xx_hal_uart.o
 .debug_line    0x00013516     0x1266 ./Middlewares/Third_Party/FreeRTOS/Source/CMSIS_RTOS/cmsis_os.o
 .debug_line    0x0001477c      0x796 ./Middlewares/Third_Party/FreeRTOS/Source/list.o
 .debug_line    0x00014f12     0x19d3 ./Middlewares/Third_Party/FreeRTOS/Source/tasks.o
 .debug_line    0x000168e5      0x901 ./Middlewares/Third_Party/FreeRTOS/Source/portable/GCC/ARM_CM3/port.o
 .debug_line    0x000171e6      0x9c0 ./Middlewares/Third_Party/FreeRTOS/Source/portable/MemMang/heap_4.o
 .debug_line    0x00017ba6      0x971 ./MotorDriver/Src/TMC2209.o
 .debug_line    0x00018517      0x9c3 ./MotorDriver/Src/TMC2209_HAL.o

.debug_str      0x00000000    0x958c8
 .debug_str     0x00000000    0x884de ./Core/Src/encoder.o
                              0x888e1 (size before relaxing)
 .debug_str     0x000884de     0x420b ./Core/Src/freertos.o
                              0x8ad16 (size before relaxing)
 .debug_str     0x0008c6e9     0x315b ./Core/Src/main.o
                              0x8fb01 (size before relaxing)
 .debug_str     0x0008f844      0x119 ./Core/Src/stm32f1xx_hal_msp.o
                              0x85dac (size before relaxing)
 .debug_str     0x0008f95d       0xf7 ./Core/Src/stm32f1xx_hal_timebase_tim.o
                              0x858bf (size before relaxing)
 .debug_str     0x0008fa54      0x159 ./Core/Src/stm32f1xx_it.o
                              0x85a16 (size before relaxing)
 .debug_str     0x0008fbad       0x7e ./Core/Src/system_stm32f1xx.o
                              0x85007 (size before relaxing)
 .debug_str     0x0008fc2b       0x93 ./Core/Src/uart_bus.o
                              0x85431 (size before relaxing)
 .debug_str     0x0008fcbe       0x44 ./Core/Startup/startup_stm32f103c8tx.o
                                 0x84 (size before relaxing)
 .debug_str     0x0008fd02      0x34a ./Drivers/STM32F1xx_HAL_Driver/Src/stm32f1xx_hal.o
                              0x8573a (size before relaxing)
 .debug_str     0x0009004c      0x281 ./Drivers/STM32F1xx_HAL_Driver/Src/stm32f1xx_hal_cortex.o
                              0x85686 (size before relaxing)
 .debug_str     0x000902cd      0x206 ./Drivers/STM32F1xx_HAL_Driver/Src/stm32f1xx_hal_dma.o
                              0x853b0 (size before relaxing)
 .debug_str     0x000904d3      0x2e1 ./Drivers/STM32F1xx_HAL_Driver/Src/stm32f1xx_hal_gpio.o
                              0x8538d (size before relaxing)
 .debug_str     0x000907b4      0xb36 ./Drivers/STM32F1xx_HAL_Driver/Src/stm32f1xx_hal_i2c.o
                              0x860ce (size before relaxing)
 .debug_str     0x000912ea      0x1d3 ./Drivers/STM32F1xx_HAL_Driver/Src/stm32f1xx_hal_rcc.o
                              0x85436 (size before relaxing)
 .debug_str     0x000914bd      0xd96 ./Drivers/STM32F1xx_HAL_Driver/Src/stm32f1xx_hal_tim.o
                              0x86438 (size before relaxing)
 .debug_str     0x00092253      0x493 ./Drivers/STM32F1xx_HAL_Driver/Src/stm32f1xx_hal_tim_ex.o
                              0x85c44 (size before relaxing)
 .debug_str     0x000926e6      0x592 ./Drivers/STM32F1xx_HAL_Driver/Src/stm32f1xx_hal_uart.o
                              0x85aa7 (size before relaxing)
 .debug_str     0x00092c78      0xa99 ./Middlewares/Third_Party/FreeRTOS/Source/CMSIS_RTOS/cmsis_os.o
                               0xe8e6 (size before relaxing)
 .debug_str     0x00093711      0x12d ./Middlewares/Third_Party/FreeRTOS/Source/list.o
                               0xaac7 (size before relaxing)
 .debug_str     0x0009383e     0x1143 ./Middlewares/Third_Party/FreeRTOS/Source/tasks.o
                               0xd181 (size before relaxing)
 .debug_str     0x00094981      0x66e ./Middlewares/Third_Party/FreeRTOS/Source/portable/GCC/ARM_CM3/port.o
                               0xa166 (size before relaxing)
 .debug_str     0x00094fef      0x32d ./Middlewares/Third_Party/FreeRTOS/Source/portable/MemMang/heap_4.o
                               0xb409 (size before relaxing)
 .debug_str     0x0009531c      0x4d4 ./MotorDriver/Src/TMC2209.o
                              0x88c27 (size before relaxing)
 .debug_str     0x000957f0       0xd8 ./MotorDriver/Src/TMC2209_HAL.o
                              0x886d8 (size before relaxing)

.comment        0x00000000       0x43
 .comment       0x00000000       0x43 ./Core/Src/encoder.o
                                 0x44 (size before relaxing)
 .comment       0x00000043       0x44 ./Core/Src/freertos.o
 .comment       0x00000043       0x44 ./Core/Src/main.o
 .comment       0x00000043       0x44 ./Core/Src/stm32f1xx_hal_msp.o
 .comment       0x00000043       0x44 ./Core/Src/stm32f1xx_hal_timebase_tim.o
 .comment       0x00000043       0x44 ./Core/Src/stm32f1xx_it.o
 .comment       0x00000043       0x44 ./Core/Src/system_stm32f1xx.o
 .comment       0x00000043       0x44 ./Core/Src/uart_bus.o
 .comment       0x00000043       0x44 ./Drivers/STM32F1xx_HAL_Driver/Src/stm32f1xx_hal.o
 .comment       0x00000043       0x44 ./Drivers/STM32F1xx_HAL_Driver/Src/stm32f1xx_hal_cortex.o
 .comment       0x00000043       0x44 ./Drivers/STM32F1xx_HAL_Driver/Src/stm32f1xx_hal_dma.o
 .comment       0x00000043       0x44 ./Drivers/STM32F1xx_HAL_Driver/Src/stm32f1xx_hal_gpio.o
 .comment       0x00000043       0x44 ./Drivers/STM32F1xx_HAL_Driver/Src/stm32f1xx_hal_i2c.o
 .comment       0x00000043       0x44 ./Drivers/STM32F1xx_HAL_Driver/Src/stm32f1xx_hal_rcc.o
 .comment       0x00000043       0x44 ./Drivers/STM32F1xx_HAL_Driver/Src/stm32f1xx_hal_tim.o
 .comment       0x00000043       0x44 ./Drivers/STM32F1xx_HAL_Driver/Src/stm32f1xx_hal_tim_ex.o
 .comment       0x00000043       0x44 ./Drivers/STM32F1xx_HAL_Driver/Src/stm32f1xx_hal_uart.o
 .comment       0x00000043       0x44 ./Middlewares/Third_Party/FreeRTOS/Source/CMSIS_RTOS/cmsis_os.o
 .comment       0x00000043       0x44 ./Middlewares/Third_Party/FreeRTOS/Source/list.o
 .comment       0x00000043       0x44 ./Middlewares/Third_Party/FreeRTOS/Source/tasks.o
 .comment       0x00000043       0x44 ./Middlewares/Third_Party/FreeRTOS/Source/portable/GCC/ARM_CM3/port.o
 .comment       0x00000043       0x44 ./Middlewares/Third_Party/FreeRTOS/Source/portable/MemMang/heap_4.o
 .comment       0x00000043       0x44 ./MotorDriver/Src/TMC2209.o
 .comment       0x00000043       0x44 ./MotorDriver/Src/TMC2209_HAL.o

.debug_frame    0x00000000     0x58c0
 .debug_frame   0x00000000       0xe8 ./Core/Src/encoder.o
 .debug_frame   0x000000e8       0x38 ./Core/Src/freertos.o
 .debug_frame   0x00000120      0x194 ./Core/Src/main.o
 .debug_frame   0x000002b4      0x130 ./Core/Src/stm32f1xx_hal_msp.o
 .debug_frame   0x000003e4       0x74 ./Core/Src/stm32f1xx_hal_timebase_tim.o
 .debug_frame   0x00000458      0x150 ./Core/Src/stm32f1xx_it.o
 .debug_frame   0x000005a8       0x58 ./Core/Src/system_stm32f1xx.o
 .debug_frame   0x00000600       0x50 ./Core/Src/uart_bus.o
 .debug_frame   0x00000650      0x334 ./Drivers/STM32F1xx_HAL_Driver/Src/stm32f1xx_hal.o
 .debug_frame   0x00000984      0x428 ./Drivers/STM32F1xx_HAL_Driver/Src/stm32f1xx_hal_cortex.o
 .debug_frame   0x00000dac      0x208 ./Drivers/STM32F1xx_HAL_Driver/Src/stm32f1xx_hal_dma.o
 .debug_frame   0x00000fb4      0x14c ./Drivers/STM32F1xx_HAL_Driver/Src/stm32f1xx_hal_gpio.o
 .debug_frame   0x00001100      0xc84 ./Drivers/STM32F1xx_HAL_Driver/Src/stm32f1xx_hal_i2c.o
 .debug_frame   0x00001d84      0x218 ./Drivers/STM32F1xx_HAL_Driver/Src/stm32f1xx_hal_rcc.o
 .debug_frame   0x00001f9c     0x11b8 ./Drivers/STM32F1xx_HAL_Driver/Src/stm32f1xx_hal_tim.o
 .debug_frame   0x00003154      0x638 ./Drivers/STM32F1xx_HAL_Driver/Src/stm32f1xx_hal_tim_ex.o
 .debug_frame   0x0000378c      0x944 ./Drivers/STM32F1xx_HAL_Driver/Src/stm32f1xx_hal_uart.o
 .debug_frame   0x000040d0      0x80c ./Middlewares/Third_Party/FreeRTOS/Source/CMSIS_RTOS/cmsis_os.o
 .debug_frame   0x000048dc       0xd8 ./Middlewares/Third_Party/FreeRTOS/Source/list.o
 .debug_frame   0x000049b4      0x77c ./Middlewares/Third_Party/FreeRTOS/Source/tasks.o
 .debug_frame   0x00005130      0x198 ./Middlewares/Third_Party/FreeRTOS/Source/portable/GCC/ARM_CM3/port.o
 .debug_frame   0x000052c8      0x12c ./Middlewares/Third_Party/FreeRTOS/Source/portable/MemMang/heap_4.o
 .debug_frame   0x000053f4       0xf4 ./MotorDriver/Src/TMC2209.o
 .debug_frame   0x000054e8       0xa8 ./MotorDriver/Src/TMC2209_HAL.o
 .debug_frame   0x00005590      0x144 C:/ST/STM32CubeIDE_1.17.0/STM32CubeIDE/plugins/com.st.stm32cube.ide.mcu.externaltools.gnu-tools-for-stm32.12.3.rel1.win32_1.1.0.202410251130/tools/bin/../lib/gcc/arm-none-eabi/12.3.1/../../../../arm-none-eabi/lib/thumb/v7-m/nofp\libc_nano.a(libc_a-findfp.o)
 .debug_frame   0x000056d4       0x20 C:/ST/STM32CubeIDE_1.17.0/STM32CubeIDE/plugins/com.st.stm32cube.ide.mcu.externaltools.gnu-tools-for-stm32.12.3.rel1.win32_1.1.0.202410251130/tools/bin/../lib/gcc/arm-none-eabi/12.3.1/../../../../arm-none-eabi/lib/thumb/v7-m/nofp\libc_nano.a(libc_a-memset.o)
 .debug_frame   0x000056f4       0x38 C:/ST/STM32CubeIDE_1.17.0/STM32CubeIDE/plugins/com.st.stm32cube.ide.mcu.externaltools.gnu-tools-for-stm32.12.3.rel1.win32_1.1.0.202410251130/tools/bin/../lib/gcc/arm-none-eabi/12.3.1/../../../../arm-none-eabi/lib/thumb/v7-m/nofp\libc_nano.a(libc_a-reent.o)
 .debug_frame   0x0000572c       0x2c C:/ST/STM32CubeIDE_1.17.0/STM32CubeIDE/plugins/com.st.stm32cube.ide.mcu.externaltools.gnu-tools-for-stm32.12.3.rel1.win32_1.1.0.202410251130/tools/bin/../lib/gcc/arm-none-eabi/12.3.1/../../../../arm-none-eabi/lib/thumb/v7-m/nofp\libc_nano.a(libc_a-init.o)
 .debug_frame   0x00005758       0xb0 C:/ST/STM32CubeIDE_1.17.0/STM32CubeIDE/plugins/com.st.stm32cube.ide.mcu.externaltools.gnu-tools-for-stm32.12.3.rel1.win32_1.1.0.202410251130/tools/bin/../lib/gcc/arm-none-eabi/12.3.1/../../../../arm-none-eabi/lib/thumb/v7-m/nofp\libc_nano.a(libc_a-lock.o)
 .debug_frame   0x00005808       0x38 C:/ST/STM32CubeIDE_1.17.0/STM32CubeIDE/plugins/com.st.stm32cube.ide.mcu.externaltools.gnu-tools-for-stm32.12.3.rel1.win32_1.1.0.202410251130/tools/bin/../lib/gcc/arm-none-eabi/12.3.1/../../../../arm-none-eabi/lib/thumb/v7-m/nofp\libc_nano.a(libc_a-freer.o)
 .debug_frame   0x00005840       0x50 C:/ST/STM32CubeIDE_1.17.0/STM32CubeIDE/plugins/com.st.stm32cube.ide.mcu.externaltools.gnu-tools-for-stm32.12.3.rel1.win32_1.1.0.202410251130/tools/bin/../lib/gcc/arm-none-eabi/12.3.1/../../../../arm-none-eabi/lib/thumb/v7-m/nofp\libc_nano.a(libc_a-mallocr.o)
 .debug_frame   0x00005890       0x30 C:/ST/STM32CubeIDE_1.17.0/STM32CubeIDE/plugins/com.st.stm32cube.ide.mcu.externaltools.gnu-tools-for-stm32.12.3.rel1.win32_1.1.0.202410251130/tools/bin/../lib/gcc/arm-none-eabi/12.3.1/../../../../arm-none-eabi/lib/thumb/v7-m/nofp\libc_nano.a(libc_a-mlock.o)

.debug_line_str
                0x00000000       0x68
 .debug_line_str
                0x00000000       0x68 ./Core/Startup/startup_stm32f103c8tx.o
