../ImuSensor/Src/ADXL345.c:20:6:writeRegister	32	static
../ImuSensor/Src/ADXL345.c:38:6:readRegister	32	static
../ImuSensor/Src/ADXL345.c:55:6:ADXL_dummy_test	16	static
../ImuSensor/Src/ADXL345.c:92:13:adxlBW	24	static
../ImuSensor/Src/ADXL345.c:140:13:adxlFormat	24	static
../ImuSensor/Src/ADXL345.c:152:12:ADXL_Init	24	static
../ImuSensor/Src/ADXL345.c:205:6:ADXL_getAccel	40	static
../ImuSensor/Src/ADXL345.c:234:6:ADXL_Measure	24	static
../ImuSensor/Src/ADXL345.c:258:6:ADXL_Sleep	24	static
../ImuSensor/Src/ADXL345.c:282:6:ADXL_Standby	24	static
../ImuSensor/Src/ADXL345.c:307:6:ADXL_test	16	static
../ImuSensor/Src/ADXL345.c:318:6:ADXL_enableSelfTest	16	static
../ImuSensor/Src/ADXL345.c:330:6:ADXL_disableSelfTest	16	static
../ImuSensor/Src/ADXL345.c:345:6:ADXL_SetOffset	16	static
../ImuSensor/Src/ADXL345.c:364:6:ADXL_enableSingleTap	32	static
../ImuSensor/Src/ADXL345.c:396:6:ADXL_disableSingleTap	16	static
../ImuSensor/Src/ADXL345.c:417:6:ADXL_enableDoubleTap	32	static
../ImuSensor/Src/ADXL345.c:450:6:ADXL_disableDoubleTap	16	static
../ImuSensor/Src/ADXL345.c:466:6:ADXL_enableActivity	32	static
../ImuSensor/Src/ADXL345.c:500:6:ADXL_disableActivity	16	static
../ImuSensor/Src/ADXL345.c:524:6:ADXL_enableFreeFall	24	static
../ImuSensor/Src/ADXL345.c:546:6:ADXL_disableFreeFall	16	static
../ImuSensor/Src/ADXL345.c:560:6:ADXL_IntProto	16	static
