../Core/Src/main.c:466:6:StartDriverTask	8	static
../Core/Src/main.c:474:6:StartEncoderTask	16	static
../Core/Src/main.c:481:6:StartImuTask	8	static
../Core/Src/main.c:512:6:StartDefaultTask	80	static
../Core/Src/main.c:216:6:SystemClock_Config	96	static,ignoring_inline_asm
../Core/Src/main.c:112:5:main	184	static,ignoring_inline_asm
../Core/Src/main.c:498:6:suspendTaskEcpectSelf	8	static
../Core/Src/main.c:488:6:StartWatcherTask	8	static
../Core/Src/main.c:536:6:HAL_TIM_PeriodElapsedCallback	0	static
../Core/Src/main.c:553:6:Error_Handler	0	static,ignoring_inline_asm
