../Core/Src/stm32f1xx_hal_msp.c:65:6:HAL_MspInit	16	static
../Core/Src/stm32f1xx_hal_msp.c:94:6:HAL_I2C_MspInit	40	static
../Core/Src/stm32f1xx_hal_msp.c:160:6:HAL_I2C_MspDeInit	8	static
../Core/Src/stm32f1xx_hal_msp.c:217:6:HAL_TIM_PWM_MspInit	16	static
../Core/Src/stm32f1xx_hal_msp.c:237:6:HAL_TIM_MspPostInit	32	static
../Core/Src/stm32f1xx_hal_msp.c:267:6:HAL_TIM_PWM_MspDeInit	0	static
../Core/Src/stm32f1xx_hal_msp.c:292:6:HAL_UART_MspInit	32	static
../Core/Src/stm32f1xx_hal_msp.c:329:6:HAL_UART_MspDeInit	8	static
