../MotorDriver/Src/motion.c:24:6:PID_Init	0	static
../MotorDriver/Src/motion.c:34:6:PID_Run	8	static
../MotorDriver/Src/motion.c:38:6:PID_Stop	8	static
../MotorDriver/Src/motion.c:42:7:PID_Compute	24	static
../MotorDriver/Src/motion.c:74:6:Motion_Init	8	static
../MotorDriver/Src/motion.c:79:6:Motion_Move	8	static
../MotorDriver/Src/motion.c:87:6:Motion_Stop	8	static
../MotorDriver/Src/motion.c:94:6:Motion_Direction	8	static
../MotorDriver/Src/motion.c:107:6:Motion_SetMicrostep	8	static
../MotorDriver/Src/motion.c:112:6:Motion_Velocity	16	static
../MotorDriver/Src/motion.c:141:7:_scale	24	static
../MotorDriver/Src/motion.c:145:6:Motion_Runtime	24	static
../MotorDriver/Src/motion.c:179:6:HAL_TIM_PWM_PulseFinishedCallback	0	static
