../MotorDriver/Src/tmc2209.c:97:13:_set_rms_current	16	static
../MotorDriver/Src/tmc2209.c:113:30:TMC2209_GetConfigDefaults	0	static
../MotorDriver/Src/tmc2209.c:118:6:TMC2209_SetDefaults	8	static
../MotorDriver/Src/tmc2209.c:164:10:TMC2209_GetCurrent	16	static
../MotorDriver/Src/tmc2209.c:203:7:TMC2209_GetTPWMTHRS	8	static
../MotorDriver/Src/tmc2209.c:221:6:TMC2209_MicrostepsIsValid	8	static
../MotorDriver/Src/tmc2209.c:258:6:TMC2209_WriteRegister	16	static
../MotorDriver/Src/tmc2209.c:192:6:TMC2209_SetCurrent	8	static
../MotorDriver/Src/tmc2209.c:208:6:TMC2209_SetTPWMTHRS	8	static
../MotorDriver/Src/tmc2209.c:214:6:TMC2209_SetTCOOLTHRS	8	static
../MotorDriver/Src/tmc2209.c:226:6:TMC2209_SetMicrosteps	8	static
../MotorDriver/Src/tmc2209.c:234:6:TMC2209_SetConstantOffTimeChopper	8	static
../MotorDriver/Src/tmc2209.c:279:6:TMC2209_ReadRegister	24	static
../MotorDriver/Src/tmc2209.c:127:6:TMC2209_Init	16	static
../MotorDriver/Src/tmc2209.c:306:21:TMC2209_GetRegPtr	0	static
