../MotorDriver/Src/TMC2209.c:38:6:TMC2209_setdefault	0	static
../MotorDriver/Src/TMC2209.c:81:6:TMC2209_enable	8	static
../MotorDriver/Src/TMC2209.c:91:6:TMC2209_disable	8	static
../MotorDriver/Src/TMC2209.c:49:6:TMC2209_setup	24	static
../MotorDriver/Src/TMC2209.c:101:6:TMC2209_setMicrostep	8	static
../MotorDriver/Src/TMC2209.c:107:6:TMC2209_readChopConfig	16	static
../MotorDriver/Src/TMC2209.c:114:6:TMC2209_velocity	16	static
../MotorDriver/Src/TMC2209.c:143:6:TMC2209_move	8	static
../MotorDriver/Src/TMC2209.c:151:6:TMC2209_stop	8	static
../MotorDriver/Src/TMC2209.c:157:6:TMC2209_brake	8	static
../MotorDriver/Src/TMC2209.c:169:6:TMC2209_unBrake	8	static
../MotorDriver/Src/TMC2209.c:179:6:TMC2209_direction	8	static
../MotorDriver/Src/TMC2209.c:192:6:PID_controller	32	static
../MotorDriver/Src/TMC2209.c:223:6:TMC2209_watchPosition	16	static
../MotorDriver/Src/TMC2209.c:255:6:TMC2209_getDirection	0	static
../MotorDriver/Src/TMC2209.c:259:6:TMC2209_rotateOnce	8	static
../MotorDriver/Src/TMC2209.c:271:6:TMC2209_moveOneStep	8	static
../MotorDriver/Src/TMC2209.c:280:6:HAL_TIM_PWM_PulseFinishedCallback	0	static
