../MotorDriver/Src/TMC2209.c:32:6:TMC2209_setdefault	4	static
../MotorDriver/Src/TMC2209.c:39:6:TMC2209_setup	8	static
../MotorDriver/Src/TMC2209.c:57:6:TMC2209_enable	8	static
../MotorDriver/Src/TMC2209.c:67:6:TMC2209_disable	8	static
../MotorDriver/Src/TMC2209.c:77:6:TMC2209_setMicrostep	16	static
../MotorDriver/Src/TMC2209.c:83:6:TMC2209_readChopConfig	24	static
../MotorDriver/Src/TMC2209.c:90:6:TMC2209_velocity	32	static
../MotorDriver/Src/TMC2209.c:118:6:TMC2209_move	8	static
../MotorDriver/Src/TMC2209.c:125:6:TMC2209_stop	8	static
../MotorDriver/Src/TMC2209.c:132:6:TMC2209_direction	16	static
../MotorDriver/Src/TMC2209.c:145:6:PID_controller	40	static
../MotorDriver/Src/TMC2209.c:174:6:TMC2209_watchPosition	24	static
../MotorDriver/Src/TMC2209.c:194:6:TMC2209_getDirection	16	static
../MotorDriver/Src/TMC2209.c:198:6:TMC2209_rotateOnce	16	static
../MotorDriver/Src/TMC2209.c:210:6:HAL_TIM_PWM_PulseFinishedCallback	16	static
