../MotorDriver/Src/TMC2209.c:25:6:TMC2209_setdefault	4	static
../MotorDriver/Src/TMC2209.c:32:6:TMC2209_setup	8	static
../MotorDriver/Src/TMC2209.c:50:6:TMC2209_enable	8	static
../MotorDriver/Src/TMC2209.c:60:6:TMC2209_disable	8	static
../MotorDriver/Src/TMC2209.c:70:6:TMC2209_setMicrostep	16	static
../MotorDriver/Src/TMC2209.c:76:6:TMC2209_readChopConfig	24	static
../MotorDriver/Src/TMC2209.c:83:6:TMC2209_velocity	32	static
../MotorDriver/Src/TMC2209.c:111:6:TMC2209_move	8	static
../MotorDriver/Src/TMC2209.c:118:6:TMC2209_stop	8	static
../MotorDriver/Src/TMC2209.c:125:6:TMC2209_direction	16	static
../MotorDriver/Src/TMC2209.c:138:6:TMC2209_watchPosition	16	static
../MotorDriver/Src/TMC2209.c:151:1:TMC2209_getDirection	16	static
../MotorDriver/Src/TMC2209.c:155:1:TMC2209_rotateOnce	16	static
../MotorDriver/Src/TMC2209.c:167:6:HAL_TIM_PWM_PulseFinishedCallback	16	static
