../MotorDriver/Src/TMC2209.c:36:6:TMC2209_setdefault	0	static
../MotorDriver/Src/TMC2209.c:75:6:TMC2209_enable	8	static
../MotorDriver/Src/TMC2209.c:85:6:TMC2209_disable	8	static
../MotorDriver/Src/TMC2209.c:43:6:TMC2209_setup	24	static
../MotorDriver/Src/TMC2209.c:95:6:TMC2209_setMicrostep	8	static
../MotorDriver/Src/TMC2209.c:101:6:TMC2209_readChopConfig	16	static
../MotorDriver/Src/TMC2209.c:108:6:TMC2209_velocity	16	static
../MotorDriver/Src/TMC2209.c:137:6:TMC2209_move	8	static
../MotorDriver/Src/TMC2209.c:145:6:TMC2209_stop	8	static
../MotorDriver/Src/TMC2209.c:151:6:TMC2209_direction	8	static
../MotorDriver/Src/TMC2209.c:164:6:PID_controller	32	static
../MotorDriver/Src/TMC2209.c:200:6:TMC2209_watchPosition	16	static
../MotorDriver/Src/TMC2209.c:231:6:TMC2209_getDirection	0	static
../MotorDriver/Src/TMC2209.c:235:6:TMC2209_rotateOnce	8	static
../MotorDriver/Src/TMC2209.c:247:6:TMC2209_moveOneStep	8	static
../MotorDriver/Src/TMC2209.c:256:6:HAL_TIM_PWM_PulseFinishedCallback	0	static
