../Core/Src/main.c:90:5:main	104	static
../Core/Src/main.c:174:6:SystemClock_Config	72	static
../Core/Src/main.c:214:13:MX_I2C1_Init	8	static
../Core/Src/main.c:248:13:MX_TIM2_Init	48	static
../Core/Src/main.c:297:13:MX_USART1_UART_Init	8	static
../Core/Src/main.c:328:13:MX_DMA_Init	16	static
../Core/Src/main.c:346:13:MX_GPIO_Init	40	static
../Core/Src/main.c:399:6:StartDriverTask	16	static
../Core/Src/main.c:409:6:StartEncoderTask	16	static
../Core/Src/main.c:425:6:StartDefaultTask	16	static
../Core/Src/main.c:444:6:HAL_TIM_PeriodElapsedCallback	16	static
../Core/Src/main.c:461:6:Error_Handler	4	static,ignoring_inline_asm
