Archive member included to satisfy reference by file (symbol)

C:/ST/STM32CubeIDE_1.17.0/STM32CubeIDE/plugins/com.st.stm32cube.ide.mcu.externaltools.gnu-tools-for-stm32.12.3.rel1.win32_1.1.0.202410251130/tools/bin/../lib/gcc/arm-none-eabi/12.3.1/../../../../arm-none-eabi/lib/thumb/v7-m/nofp\libc_nano.a(libc_a-calloc.o)
                              ./Encoder/Src/AS5600.o (calloc)
C:/ST/STM32CubeIDE_1.17.0/STM32CubeIDE/plugins/com.st.stm32cube.ide.mcu.externaltools.gnu-tools-for-stm32.12.3.rel1.win32_1.1.0.202410251130/tools/bin/../lib/gcc/arm-none-eabi/12.3.1/../../../../arm-none-eabi/lib/thumb/v7-m/nofp\libc_nano.a(libc_a-callocr.o)
                              C:/ST/STM32CubeIDE_1.17.0/STM32CubeIDE/plugins/com.st.stm32cube.ide.mcu.externaltools.gnu-tools-for-stm32.12.3.rel1.win32_1.1.0.202410251130/tools/bin/../lib/gcc/arm-none-eabi/12.3.1/../../../../arm-none-eabi/lib/thumb/v7-m/nofp\libc_nano.a(libc_a-calloc.o) (_calloc_r)
C:/ST/STM32CubeIDE_1.17.0/STM32CubeIDE/plugins/com.st.stm32cube.ide.mcu.externaltools.gnu-tools-for-stm32.12.3.rel1.win32_1.1.0.202410251130/tools/bin/../lib/gcc/arm-none-eabi/12.3.1/../../../../arm-none-eabi/lib/thumb/v7-m/nofp\libc_nano.a(libc_a-exit.o)
                              C:/ST/STM32CubeIDE_1.17.0/STM32CubeIDE/plugins/com.st.stm32cube.ide.mcu.externaltools.gnu-tools-for-stm32.12.3.rel1.win32_1.1.0.202410251130/tools/bin/../lib/gcc/arm-none-eabi/12.3.1/../../../../arm-none-eabi/lib/thumb/v7-m/nofp/crt0.o (exit)
C:/ST/STM32CubeIDE_1.17.0/STM32CubeIDE/plugins/com.st.stm32cube.ide.mcu.externaltools.gnu-tools-for-stm32.12.3.rel1.win32_1.1.0.202410251130/tools/bin/../lib/gcc/arm-none-eabi/12.3.1/../../../../arm-none-eabi/lib/thumb/v7-m/nofp\libc_nano.a(libc_a-mallocr.o)
                              C:/ST/STM32CubeIDE_1.17.0/STM32CubeIDE/plugins/com.st.stm32cube.ide.mcu.externaltools.gnu-tools-for-stm32.12.3.rel1.win32_1.1.0.202410251130/tools/bin/../lib/gcc/arm-none-eabi/12.3.1/../../../../arm-none-eabi/lib/thumb/v7-m/nofp\libc_nano.a(libc_a-callocr.o) (_malloc_r)
C:/ST/STM32CubeIDE_1.17.0/STM32CubeIDE/plugins/com.st.stm32cube.ide.mcu.externaltools.gnu-tools-for-stm32.12.3.rel1.win32_1.1.0.202410251130/tools/bin/../lib/gcc/arm-none-eabi/12.3.1/../../../../arm-none-eabi/lib/thumb/v7-m/nofp\libc_nano.a(libc_a-mlock.o)
                              C:/ST/STM32CubeIDE_1.17.0/STM32CubeIDE/plugins/com.st.stm32cube.ide.mcu.externaltools.gnu-tools-for-stm32.12.3.rel1.win32_1.1.0.202410251130/tools/bin/../lib/gcc/arm-none-eabi/12.3.1/../../../../arm-none-eabi/lib/thumb/v7-m/nofp\libc_nano.a(libc_a-mallocr.o) (__malloc_lock)
C:/ST/STM32CubeIDE_1.17.0/STM32CubeIDE/plugins/com.st.stm32cube.ide.mcu.externaltools.gnu-tools-for-stm32.12.3.rel1.win32_1.1.0.202410251130/tools/bin/../lib/gcc/arm-none-eabi/12.3.1/../../../../arm-none-eabi/lib/thumb/v7-m/nofp\libc_nano.a(libc_a-findfp.o)
                              ./Middlewares/Third_Party/FreeRTOS/Source/tasks.o (__sf)
C:/ST/STM32CubeIDE_1.17.0/STM32CubeIDE/plugins/com.st.stm32cube.ide.mcu.externaltools.gnu-tools-for-stm32.12.3.rel1.win32_1.1.0.202410251130/tools/bin/../lib/gcc/arm-none-eabi/12.3.1/../../../../arm-none-eabi/lib/thumb/v7-m/nofp\libc_nano.a(libc_a-fwalk.o)
                              C:/ST/STM32CubeIDE_1.17.0/STM32CubeIDE/plugins/com.st.stm32cube.ide.mcu.externaltools.gnu-tools-for-stm32.12.3.rel1.win32_1.1.0.202410251130/tools/bin/../lib/gcc/arm-none-eabi/12.3.1/../../../../arm-none-eabi/lib/thumb/v7-m/nofp\libc_nano.a(libc_a-findfp.o) (_fwalk_sglue)
C:/ST/STM32CubeIDE_1.17.0/STM32CubeIDE/plugins/com.st.stm32cube.ide.mcu.externaltools.gnu-tools-for-stm32.12.3.rel1.win32_1.1.0.202410251130/tools/bin/../lib/gcc/arm-none-eabi/12.3.1/../../../../arm-none-eabi/lib/thumb/v7-m/nofp\libc_nano.a(libc_a-stdio.o)
                              C:/ST/STM32CubeIDE_1.17.0/STM32CubeIDE/plugins/com.st.stm32cube.ide.mcu.externaltools.gnu-tools-for-stm32.12.3.rel1.win32_1.1.0.202410251130/tools/bin/../lib/gcc/arm-none-eabi/12.3.1/../../../../arm-none-eabi/lib/thumb/v7-m/nofp\libc_nano.a(libc_a-findfp.o) (__sread)
C:/ST/STM32CubeIDE_1.17.0/STM32CubeIDE/plugins/com.st.stm32cube.ide.mcu.externaltools.gnu-tools-for-stm32.12.3.rel1.win32_1.1.0.202410251130/tools/bin/../lib/gcc/arm-none-eabi/12.3.1/../../../../arm-none-eabi/lib/thumb/v7-m/nofp\libc_nano.a(libc_a-memset.o)
                              C:/ST/STM32CubeIDE_1.17.0/STM32CubeIDE/plugins/com.st.stm32cube.ide.mcu.externaltools.gnu-tools-for-stm32.12.3.rel1.win32_1.1.0.202410251130/tools/bin/../lib/gcc/arm-none-eabi/12.3.1/../../../../arm-none-eabi/lib/thumb/v7-m/nofp/crt0.o (memset)
C:/ST/STM32CubeIDE_1.17.0/STM32CubeIDE/plugins/com.st.stm32cube.ide.mcu.externaltools.gnu-tools-for-stm32.12.3.rel1.win32_1.1.0.202410251130/tools/bin/../lib/gcc/arm-none-eabi/12.3.1/../../../../arm-none-eabi/lib/thumb/v7-m/nofp\libc_nano.a(libc_a-closer.o)
[...]
Memory Configuration

Name             Origin             Length             Attributes
RAM              0x20000000         0x00005000         xrw
FLASH            0x08000000         0x00010000         xr
*default*        0x00000000         0xffffffff

Linker script and memory map

LOAD C:/ST/STM32CubeIDE_1.17.0/STM32CubeIDE/plugins/com.st.stm32cube.ide.mcu.externaltools.gnu-tools-for-stm32.12.3.rel1.win32_1.1.0.202410251130/tools/bin/../lib/gcc/arm-none-eabi/12.3.1/thumb/v7-m/nofp/crti.o
LOAD C:/ST/STM32CubeIDE_1.17.0/STM32CubeIDE/plugins/com.st.stm32cube.ide.mcu.externaltools.gnu-tools-for-stm32.12.3.rel1.win32_1.1.0.202410251130/tools/bin/../lib/gcc/arm-none-eabi/12.3.1/thumb/v7-m/nofp/crtbegin.o
LOAD C:/ST/STM32CubeIDE_1.17.0/STM32CubeIDE/plugins/com.st.stm32cube.ide.mcu.externaltools.gnu-tools-for-stm32.12.3.rel1.win32_1.1.0.202410251130/tools/bin/../lib/gcc/arm-none-eabi/12.3.1/../../../../arm-none-eabi/lib/thumb/v7-m/nofp/crt0.o
LOAD ./Core/Src/freertos.o
LOAD ./Core/Src/i2c_bus.o
LOAD ./Core/Src/main.o
LOAD ./Core/Src/stm32f1xx_hal_msp.o
LOAD ./Core/Src/stm32f1xx_hal_timebase_tim.o
LOAD ./Core/Src/stm32f1xx_it.o
LOAD ./Core/Src/syscalls.o
LOAD ./Core/Src/sysmem.o
LOAD ./Core/Src/system_stm32f1xx.o
LOAD ./Core/Src/watcher.o
LOAD ./Core/Startup/startup_stm32f103c8tx.o
LOAD ./Drivers/STM32F1xx_HAL_Driver/Src/stm32f1xx_hal.o
LOAD ./Drivers/STM32F1xx_HAL_Driver/Src/stm32f1xx_hal_cortex.o
LOAD ./Drivers/STM32F1xx_HAL_Driver/Src/stm32f1xx_hal_dma.o
LOAD ./Drivers/STM32F1xx_HAL_Driver/Src/stm32f1xx_hal_exti.o
LOAD ./Drivers/STM32F1xx_HAL_Driver/Src/stm32f1xx_hal_flash.o
LOAD ./Drivers/STM32F1xx_HAL_Driver/Src/stm32f1xx_hal_flash_ex.o
LOAD ./Drivers/STM32F1xx_HAL_Driver/Src/stm32f1xx_hal_gpio.o
LOAD ./Drivers/STM32F1xx_HAL_Driver/Src/stm32f1xx_hal_gpio_ex.o
LOAD ./Drivers/STM32F1xx_HAL_Driver/Src/stm32f1xx_hal_i2c.o
LOAD ./Drivers/STM32F1xx_HAL_Driver/Src/stm32f1xx_hal_pcd.o
LOAD ./Drivers/STM32F1xx_HAL_Driver/Src/stm32f1xx_hal_pcd_ex.o
LOAD ./Drivers/STM32F1xx_HAL_Driver/Src/stm32f1xx_hal_pwr.o
LOAD ./Drivers/STM32F1xx_HAL_Driver/Src/stm32f1xx_hal_rcc.o
LOAD ./Drivers/STM32F1xx_HAL_Driver/Src/stm32f1xx_hal_rcc_ex.o
LOAD ./Drivers/STM32F1xx_HAL_Driver/Src/stm32f1xx_hal_tim.o
LOAD ./Drivers/STM32F1xx_HAL_Driver/Src/stm32f1xx_hal_tim_ex.o
LOAD ./Drivers/STM32F1xx_HAL_Driver/Src/stm32f1xx_hal_uart.o
LOAD ./Drivers/STM32F1xx_HAL_Driver/Src/stm32f1xx_ll_usb.o
LOAD ./Encoder/Src/AS5600.o
LOAD ./Encoder/Src/Encoder.o
LOAD ./Encoder/Src/encoder_calib.o
LOAD ./ImuSensor/Src/ImuSensor.o
LOAD ./ImuSensor/Src/mpu6050.o
LOAD ./Middlewares/ST/STM32_USB_Device_Library/Class/CDC/Src/usbd_cdc.o
LOAD ./Middlewares/ST/STM32_USB_Device_Library/Core/Src/usbd_core.o
LOAD ./Middlewares/ST/STM32_USB_Device_Library/Core/Src/usbd_ctlreq.o
LOAD ./Middlewares/ST/STM32_USB_Device_Library/Core/Src/usbd_ioreq.o
LOAD ./Middlewares/Third_Party/FreeRTOS/Source/CMSIS_RTOS/cmsis_os.o
LOAD ./Middlewares/Third_Party/FreeRTOS/Source/croutine.o
LOAD ./Middlewares/Third_Party/FreeRTOS/Source/event_groups.o
LOAD ./Middlewares/Third_Party/FreeRTOS/Source/list.o
LOAD ./Middlewares/Third_Party/FreeRTOS/Source/queue.o
LOAD ./Middlewares/Third_Party/FreeRTOS/Source/stream_buffer.o
LOAD ./Middlewares/Third_Party/FreeRTOS/Source/tasks.o
LOAD ./Middlewares/Third_Party/FreeRTOS/Source/timers.o
LOAD ./Middlewares/Third_Party/FreeRTOS/Source/portable/GCC/ARM_CM3/port.o
LOAD ./Middlewares/Third_Party/FreeRTOS/Source/portable/MemMang/heap_4.o
LOAD ./MotorDriver/Src/TMC2209.o
LOAD ./MotorDriver/Src/TMC2209_HAL.o
LOAD ./USB_DEVICE/App/usb_device.o
LOAD ./USB_DEVICE/App/usbd_cdc_if.o
LOAD ./USB_DEVICE/App/usbd_desc.o
LOAD ./USB_DEVICE/Target/usbd_conf.o
START GROUP
LOAD C:/ST/STM32CubeIDE_1.17.0/STM32CubeIDE/plugins/com.st.stm32cube.ide.mcu.externaltools.gnu-tools-for-stm32.12.3.rel1.win32_1.1.0.202410251130/tools/bin/../lib/gcc/arm-none-eabi/12.3.1/../../../../arm-none-eabi/lib/thumb/v7-m/nofp\libc_nano.a
LOAD C:/ST/STM32CubeIDE_1.17.0/STM32CubeIDE/plugins/com.st.stm32cube.ide.mcu.externaltools.gnu-tools-for-stm32.12.3.rel1.win32_1.1.0.202410251130/tools/bin/../lib/gcc/arm-none-eabi/12.3.1/../../../../arm-none-eabi/lib/thumb/v7-m/nofp\libm.a
END GROUP
START GROUP
LOAD C:/ST/STM32CubeIDE_1.17.0/STM32CubeIDE/plugins/com.st.stm32cube.ide.mcu.externaltools.gnu-tools-for-stm32.12.3.rel1.win32_1.1.0.202410251130/tools/bin/../lib/gcc/arm-none-eabi/12.3.1/thumb/v7-m/nofp\libgcc.a
LOAD C:/ST/STM32CubeIDE_1.17.0/STM32CubeIDE/plugins/com.st.stm32cube.ide.mcu.externaltools.gnu-tools-for-stm32.12.3.rel1.win32_1.1.0.202410251130/tools/bin/../lib/gcc/arm-none-eabi/12.3.1/../../../../arm-none-eabi/lib/thumb/v7-m/nofp\libc_nano.a
END GROUP
START GROUP
LOAD C:/ST/STM32CubeIDE_1.17.0/STM32CubeIDE/plugins/com.st.stm32cube.ide.mcu.externaltools.gnu-tools-for-stm32.12.3.rel1.win32_1.1.0.202410251130/tools/bin/../lib/gcc/arm-none-eabi/12.3.1/thumb/v7-m/nofp\libgcc.a
LOAD C:/ST/STM32CubeIDE_1.17.0/STM32CubeIDE/plugins/com.st.stm32cube.ide.mcu.externaltools.gnu-tools-for-stm32.12.3.rel1.win32_1.1.0.202410251130/tools/bin/../lib/gcc/arm-none-eabi/12.3.1/../../../../arm-none-eabi/lib/thumb/v7-m/nofp\libc_nano.a
LOAD C:/ST/STM32CubeIDE_1.17.0/STM32CubeIDE/plugins/com.st.stm32cube.ide.mcu.externaltools.gnu-tools-for-stm32.12.3.rel1.win32_1.1.0.202410251130/tools/bin/../lib/gcc/arm-none-eabi/12.3.1/../../../../arm-none-eabi/lib/thumb/v7-m/nofp\libnosys.a
END GROUP
START GROUP
LOAD C:/ST/STM32CubeIDE_1.17.0/STM32CubeIDE/plugins/com.st.stm32cube.ide.mcu.externaltools.gnu-tools-for-stm32.12.3.rel1.win32_1.1.0.202410251130/tools/bin/../lib/gcc/arm-none-eabi/12.3.1/thumb/v7-m/nofp\libgcc.a
LOAD C:/ST/STM32CubeIDE_1.17.0/STM32CubeIDE/plugins/com.st.stm32cube.ide.mcu.externaltools.gnu-tools-for-stm32.12.3.rel1.win32_1.1.0.202410251130/tools/bin/../lib/gcc/arm-none-eabi/12.3.1/../../../../arm-none-eabi/lib/thumb/v7-m/nofp\libc_nano.a
LOAD C:/ST/STM32CubeIDE_1.17.0/STM32CubeIDE/plugins/com.st.stm32cube.ide.mcu.externaltools.gnu-tools-for-stm32.12.3.rel1.win32_1.1.0.202410251130/tools/bin/../lib/gcc/arm-none-eabi/12.3.1/../../../../arm-none-eabi/lib/thumb/v7-m/nofp\libnosys.a
END GROUP
LOAD C:/ST/STM32CubeIDE_1.17.0/STM32CubeIDE/plugins/com.st.stm32cube.ide.mcu.externaltools.gnu-tools-for-stm32.12.3.rel1.win32_1.1.0.202410251130/tools/bin/../lib/gcc/arm-none-eabi/12.3.1/thumb/v7-m/nofp/crtend.o
LOAD C:/ST/STM32CubeIDE_1.17.0/STM32CubeIDE/plugins/com.st.stm32cube.ide.mcu.externaltools.gnu-tools-for-stm32.12.3.rel1.win32_1.1.0.202410251130/tools/bin/../lib/gcc/arm-none-eabi/12.3.1/thumb/v7-m/nofp/crtn.o
                0x20005000                        _estack = (ORIGIN (RAM) + LENGTH (RAM))
                0x00000200                        _Min_Heap_Size = 0x200
                0x00000400                        _Min_Stack_Size = 0x400

.isr_vector     0x08000000      0x10c
                0x08000000                        . = ALIGN (0x4)
 *(.isr_vector)
 .isr_vector    0x08000000      0x10c ./Core/Startup/startup_stm32f103c8tx.o
                0x08000000                g_pfnVectors
                0x0800010c                        . = ALIGN (0x4)

.text           0x08000110     0x96f4
                0x08000110                        . = ALIGN (0x4)
 *(.text)
 .text          0x08000110       0x40 C:/ST/STM32CubeIDE_1.17.0/STM32CubeIDE/plugins/com.st.stm32cube.ide.mcu.externaltools.gnu-tools-for-stm32.12.3.rel1.win32_1.1.0.202410251130/tools/bin/../lib/gcc/arm-none-eabi/12.3.1/thumb/v7-m/nofp/crtbegin.o
 .text          0x08000150       0x10 C:/ST/STM32CubeIDE_1.17.0/STM32CubeIDE/plugins/com.st.stm32cube.ide.mcu.externaltools.gnu-tools-for-stm32.12.3.rel1.win32_1.1.0.202410251130/tools/bin/../lib/gcc/arm-none-eabi/12.3.1/../../../../arm-none-eabi/lib/thumb/v7-m/nofp\libc_nano.a(libc_a-strlen.o)
                0x08000150                strlen
 .text          0x08000160      0x378 C:/ST/STM32CubeIDE_1.17.0/STM32CubeIDE/plugins/com.st.stm32cube.ide.mcu.externaltools.gnu-tools-for-stm32.12.3.rel1.win32_1.1.0.202410251130/tools/bin/../lib/gcc/arm-none-eabi/12.3.1/thumb/v7-m/nofp\libgcc.a(_arm_addsubdf3.o)
                0x08000160                __aeabi_drsub
                0x08000168                __aeabi_dsub
                0x08000168                __subdf3
                0x0800016c                __aeabi_dadd
                0x0800016c                __adddf3
                0x080003e4                __floatunsidf
                0x080003e4                __aeabi_ui2d
                0x08000404                __floatsidf
                0x08000404                __aeabi_i2d
                0x08000428                __aeabi_f2d
                0x08000428                __extendsfdf2
                0x0800046c                __floatundidf
                0x0800046c                __aeabi_ul2d
                0x0800047c                __floatdidf
                0x0800047c                __aeabi_l2d
 .text          0x080004d8      0x424 C:/ST/STM32CubeIDE_1.17.0/STM32CubeIDE/plugins/com.st.stm32cube.ide.mcu.externaltools.gnu-tools-for-stm32.12.3.rel1.win32_1.1.0.202410251130/tools/bin/../lib/gcc/arm-none-eabi/12.3.1/thumb/v7-m/nofp\libgcc.a(_arm_muldivdf3.o)
                0x080004d8                __aeabi_dmul
                0x080004d8                __muldf3
                0x0800072c                __divdf3
                0x0800072c                __aeabi_ddiv
 .text          0x080008fc      0x110 C:/ST/STM32CubeIDE_1.17.0/STM32CubeIDE/plugins/com.st.stm32cube.ide.mcu.externaltools.gnu-tools-for-stm32.12.3.rel1.win32_1.1.0.202410251130/tools/bin/../lib/gcc/arm-none-eabi/12.3.1/thumb/v7-m/nofp\libgcc.a(_arm_cmpdf2.o)
                0x080008fc                __gtdf2
                0x080008fc                __gedf2
                0x08000904                __ltdf2
                0x08000904                __ledf2
                0x0800090c                __nedf2
                0x0800090c                __eqdf2
                0x0800090c                __cmpdf2
                0x08000988                __aeabi_cdrcmple
                0x08000998                __aeabi_cdcmpeq
                0x08000998                __aeabi_cdcmple
                0x080009a8                __aeabi_dcmpeq
                0x080009bc                __aeabi_dcmplt
                0x080009d0                __aeabi_dcmple
                0x080009e4                __aeabi_dcmpge
                0x080009f8                __aeabi_dcmpgt
 .text          0x08000a0c       0x2c C:/ST/STM32CubeIDE_1.17.0/STM32CubeIDE/plugins/com.st.stm32cube.ide.mcu.externaltools.gnu-tools-for-stm32.12.3.rel1.win32_1.1.0.202410251130/tools/bin/../lib/gcc/arm-none-eabi/12.3.1/thumb/v7-m/nofp\libgcc.a(_arm_unorddf2.o)
                0x08000a0c                __unorddf2
                0x08000a0c                __aeabi_dcmpun
 .text          0x08000a38       0x40 C:/ST/STM32CubeIDE_1.17.0/STM32CubeIDE/plugins/com.st.stm32cube.ide.mcu.externaltools.gnu-tools-for-stm32.12.3.rel1.win32_1.1.0.202410251130/tools/bin/../lib/gcc/arm-none-eabi/12.3.1/thumb/v7-m/nofp\libgcc.a(_arm_fixunsdfsi.o)
                0x08000a38                __aeabi_d2uiz
                0x08000a38                __fixunsdfsi
 .text          0x08000a78       0xa0 C:/ST/STM32CubeIDE_1.17.0/STM32CubeIDE/plugins/com.st.stm32cube.ide.mcu.externaltools.gnu-tools-for-stm32.12.3.rel1.win32_1.1.0.202410251130/tools/bin/../lib/gcc/arm-none-eabi/12.3.1/thumb/v7-m/nofp\libgcc.a(_arm_truncdfsf2.o)
                0x08000a78                __truncdfsf2
                0x08000a78                __aeabi_d2f
 .text          0x08000b18      0x21c C:/ST/STM32CubeIDE_1.17.0/STM32CubeIDE/plugins/com.st.stm32cube.ide.mcu.externaltools.gnu-tools-for-stm32.12.3.rel1.win32_1.1.0.202410251130/tools/bin/../lib/gcc/arm-none-eabi/12.3.1/thumb/v7-m/nofp\libgcc.a(_arm_addsubsf3.o)
                0x08000b18                __aeabi_frsub
                0x08000b20                __subsf3
                0x08000b20                __aeabi_fsub
                0x08000b24                __aeabi_fadd
                0x08000b24                __addsf3
                0x08000c84                __aeabi_ui2f
                0x08000c84                __floatunsisf
                0x08000c8c                __aeabi_i2f
                0x08000c8c                __floatsisf
                0x08000ca8                __aeabi_ul2f
                0x08000ca8                __floatundisf
                0x08000cb8                __aeabi_l2f
                0x08000cb8                __floatdisf
 .text          0x08000d34      0x2a0 C:/ST/STM32CubeIDE_1.17.0/STM32CubeIDE/plugins/com.st.stm32cube.ide.mcu.externaltools.gnu-tools-for-stm32.12.3.rel1.win32_1.1.0.202410251130/tools/bin/../lib/gcc/arm-none-eabi/12.3.1/thumb/v7-m/nofp\libgcc.a(_arm_muldivsf3.o)
                0x08000d34                __mulsf3
                0x08000d34                __aeabi_fmul
                0x08000e9c                __aeabi_fdiv
                0x08000e9c                __divsf3
 .text          0x08000fd4       0xec C:/ST/STM32CubeIDE_1.17.0/STM32CubeIDE/plugins/com.st.stm32cube.ide.mcu.externaltools.gnu-tools-for-stm32.12.3.rel1.win32_1.1.0.202410251130/tools/bin/../lib/gcc/arm-none-eabi/12.3.1/thumb/v7-m/nofp\libgcc.a(_arm_cmpsf2.o)
                0x08000fd4                __gesf2
                0x08000fd4                __gtsf2
                0x08000fdc                __lesf2
                0x08000fdc                __ltsf2
                0x08000fe4                __nesf2
                0x08000fe4                __eqsf2
                0x08000fe4                __cmpsf2
                0x08001044                __aeabi_cfrcmple
                0x0800104c                __aeabi_cfcmpeq
                0x0800104c                __aeabi_cfcmple
                0x0800105c                __aeabi_fcmpeq
                0x08001070                __aeabi_fcmplt
                0x08001084                __aeabi_fcmple
                0x08001098                __aeabi_fcmpge
                0x080010ac                __aeabi_fcmpgt
 *(.text*)
 .text.vApplicationGetIdleTaskMemory
                0x080010c0       0x18 ./Core/Src/freertos.o
                0x080010c0                vApplicationGetIdleTaskMemory
 .text.i2c_reset
                0x080010d8       0x3c ./Core/Src/i2c_bus.o
                0x080010d8                i2c_reset
 .text.i2c_bus_recover
                0x08001114       0xb8 ./Core/Src/i2c_bus.o
                0x08001114                i2c_bus_recover
 .text.StartDriverTask
                0x080011cc       0x24 ./Core/Src/main.o
                0x080011cc                StartDriverTask
 .text.StartEncoderTask
                0x080011f0       0x1c ./Core/Src/main.o
                0x080011f0                StartEncoderTask
 .text.StartImuTask
                0x0800120c        0xc ./Core/Src/main.o
                0x0800120c                StartImuTask
 .text.StartDefaultTask
                0x08001218       0x40 ./Core/Src/main.o
                0x08001218                StartDefaultTask
 .text.SystemClock_Config
                0x08001258       0x7c ./Core/Src/main.o
                0x08001258                SystemClock_Config
 .text.startup.main
                0x080012d4      0x2d0 ./Core/Src/main.o
                0x080012d4                main
 .text.suspendTaskEcpectSelf
                0x080015a4       0x2c ./Core/Src/main.o
                0x080015a4                suspendTaskEcpectSelf
 .text.StartWatcherTask
                0x080015d0       0x20 ./Core/Src/main.o
                0x080015d0                StartWatcherTask
 .text.HAL_TIM_PeriodElapsedCallback
                0x080015f0       0x14 ./Core/Src/main.o
                0x080015f0                HAL_TIM_PeriodElapsedCallback
 .text.Error_Handler
                0x08001604        0x4 ./Core/Src/main.o
                0x08001604                Error_Handler
 .text.HAL_MspInit
                0x08001608       0x50 ./Core/Src/stm32f1xx_hal_msp.o
                0x08001608                HAL_MspInit
 .text.HAL_I2C_MspInit
                0x08001658       0xe8 ./Core/Src/stm32f1xx_hal_msp.o
                0x08001658                HAL_I2C_MspInit
 .text.HAL_I2C_MspDeInit
                0x08001740       0x74 ./Core/Src/stm32f1xx_hal_msp.o
                0x08001740                HAL_I2C_MspDeInit
 .text.HAL_TIM_PWM_MspInit
                0x080017b4       0x3c ./Core/Src/stm32f1xx_hal_msp.o
                0x080017b4                HAL_TIM_PWM_MspInit
 .text.HAL_TIM_MspPostInit
                0x080017f0       0x48 ./Core/Src/stm32f1xx_hal_msp.o
                0x080017f0                HAL_TIM_MspPostInit
 .text.HAL_UART_MspInit
                0x08001838       0x74 ./Core/Src/stm32f1xx_hal_msp.o
                0x08001838                HAL_UART_MspInit
 .text.HAL_InitTick
                0x080018ac       0x90 ./Core/Src/stm32f1xx_hal_timebase_tim.o
                0x080018ac                HAL_InitTick
 .text.NMI_Handler
                0x0800193c        0x2 ./Core/Src/stm32f1xx_it.o
                0x0800193c                NMI_Handler
 .text.HardFault_Handler
                0x0800193e        0x2 ./Core/Src/stm32f1xx_it.o
                0x0800193e                HardFault_Handler
 .text.MemManage_Handler
                0x08001940        0x2 ./Core/Src/stm32f1xx_it.o
                0x08001940                MemManage_Handler
 .text.BusFault_Handler
                0x08001942        0x2 ./Core/Src/stm32f1xx_it.o
                0x08001942                BusFault_Handler
 .text.UsageFault_Handler
                0x08001944        0x2 ./Core/Src/stm32f1xx_it.o
                0x08001944                UsageFault_Handler
 .text.DebugMon_Handler
                0x08001946        0x2 ./Core/Src/stm32f1xx_it.o
                0x08001946                DebugMon_Handler
 .text.USB_LP_CAN1_RX0_IRQHandler
                0x08001948        0xc ./Core/Src/stm32f1xx_it.o
                0x08001948                USB_LP_CAN1_RX0_IRQHandler
 .text.TIM1_UP_IRQHandler
                0x08001954        0xc ./Core/Src/stm32f1xx_it.o
                0x08001954                TIM1_UP_IRQHandler
 .text.TIM2_IRQHandler
                0x08001960        0xc ./Core/Src/stm32f1xx_it.o
                0x08001960                TIM2_IRQHandler
 .text.I2C1_EV_IRQHandler
                0x0800196c        0xc ./Core/Src/stm32f1xx_it.o
                0x0800196c                I2C1_EV_IRQHandler
 .text.I2C1_ER_IRQHandler
                0x08001978        0xc ./Core/Src/stm32f1xx_it.o
                0x08001978                I2C1_ER_IRQHandler
 .text.I2C2_EV_IRQHandler
                0x08001984        0xc ./Core/Src/stm32f1xx_it.o
                0x08001984                I2C2_EV_IRQHandler
 .text.I2C2_ER_IRQHandler
                0x08001990        0xc ./Core/Src/stm32f1xx_it.o
                0x08001990                I2C2_ER_IRQHandler
 .text.USART1_IRQHandler
                0x0800199c        0xc ./Core/Src/stm32f1xx_it.o
                0x0800199c                USART1_IRQHandler
 .text.SystemInit
                0x080019a8        0x2 ./Core/Src/system_stm32f1xx.o
                0x080019a8                SystemInit
 *fill*         0x080019aa        0x2 
 .text.emmitSysError
                0x080019ac       0x10 ./Core/Src/watcher.o
                0x080019ac                emmitSysError
 .text.getSysStatus
                0x080019bc        0xc ./Core/Src/watcher.o
                0x080019bc                getSysStatus
 .text.displaySysStat
                0x080019c8       0x48 ./Core/Src/watcher.o
                0x080019c8                displaySysStat
 .text.Reset_Handler
                0x08001a10       0x48 ./Core/Startup/startup_stm32f103c8tx.o
                0x08001a10                Reset_Handler
 .text.Default_Handler
                0x08001a58        0x2 ./Core/Startup/startup_stm32f103c8tx.o
                0x08001a58                RTC_Alarm_IRQHandler
                0x08001a58                EXTI2_IRQHandler
                0x08001a58                TIM1_CC_IRQHandler
                0x08001a58                PVD_IRQHandler
                0x08001a58                EXTI3_IRQHandler
                0x08001a58                EXTI0_IRQHandler
                0x08001a58                ADC1_2_IRQHandler
                0x08001a58                SPI1_IRQHandler
                0x08001a58                TAMPER_IRQHandler
                0x08001a58                DMA1_Channel4_IRQHandler
                0x08001a58                USART3_IRQHandler
                0x08001a58                RTC_IRQHandler
                0x08001a58                DMA1_Channel7_IRQHandler
                0x08001a58                CAN1_RX1_IRQHandler
                0x08001a58                TIM4_IRQHandler
                0x08001a58                DMA1_Channel6_IRQHandler
                0x08001a58                TIM3_IRQHandler
                0x08001a58                RCC_IRQHandler
                0x08001a58                TIM1_TRG_COM_IRQHandler
                0x08001a58                DMA1_Channel1_IRQHandler
                0x08001a58                Default_Handler
                0x08001a58                EXTI15_10_IRQHandler
                0x08001a58                EXTI9_5_IRQHandler
                0x08001a58                SPI2_IRQHandler
                0x08001a58                DMA1_Channel5_IRQHandler
                0x08001a58                EXTI4_IRQHandler
                0x08001a58                USB_HP_CAN1_TX_IRQHandler
                0x08001a58                DMA1_Channel3_IRQHandler
                0x08001a58                WWDG_IRQHandler
                0x08001a58                TIM1_BRK_IRQHandler
                0x08001a58                EXTI1_IRQHandler
                0x08001a58                USART2_IRQHandler
                0x08001a58                DMA1_Channel2_IRQHandler
                0x08001a58                CAN1_SCE_IRQHandler
                0x08001a58                FLASH_IRQHandler
                0x08001a58                USBWakeUp_IRQHandler
 *fill*         0x08001a5a        0x2 
 .text.HAL_Init
                0x08001a5c       0x24 ./Drivers/STM32F1xx_HAL_Driver/Src/stm32f1xx_hal.o
                0x08001a5c                HAL_Init
 .text.HAL_IncTick
                0x08001a80       0x18 ./Drivers/STM32F1xx_HAL_Driver/Src/stm32f1xx_hal.o
                0x08001a80                HAL_IncTick
 .text.HAL_GetTick
                0x08001a98        0xc ./Drivers/STM32F1xx_HAL_Driver/Src/stm32f1xx_hal.o
                0x08001a98                HAL_GetTick
 .text.HAL_Delay
                0x08001aa4       0x24 ./Drivers/STM32F1xx_HAL_Driver/Src/stm32f1xx_hal.o
                0x08001aa4                HAL_Delay
 .text.HAL_NVIC_SetPriorityGrouping
                0x08001ac8       0x24 ./Drivers/STM32F1xx_HAL_Driver/Src/stm32f1xx_hal_cortex.o
                0x08001ac8                HAL_NVIC_SetPriorityGrouping
 .text.HAL_NVIC_SetPriority
                0x08001aec       0x60 ./Drivers/STM32F1xx_HAL_Driver/Src/stm32f1xx_hal_cortex.o
                0x08001aec                HAL_NVIC_SetPriority
 .text.HAL_NVIC_EnableIRQ
                0x08001b4c       0x1c ./Drivers/STM32F1xx_HAL_Driver/Src/stm32f1xx_hal_cortex.o
                0x08001b4c                HAL_NVIC_EnableIRQ
 .text.HAL_NVIC_DisableIRQ
                0x08001b68       0x24 ./Drivers/STM32F1xx_HAL_Driver/Src/stm32f1xx_hal_cortex.o
                0x08001b68                HAL_NVIC_DisableIRQ
 .text.HAL_DMA_Abort
                0x08001b8c       0x3e ./Drivers/STM32F1xx_HAL_Driver/Src/stm32f1xx_hal_dma.o
                0x08001b8c                HAL_DMA_Abort
 *fill*         0x08001bca        0x2 
 .text.HAL_DMA_Abort_IT
                0x08001bcc       0x8c ./Drivers/STM32F1xx_HAL_Driver/Src/stm32f1xx_hal_dma.o
                0x08001bcc                HAL_DMA_Abort_IT
 .text.HAL_DMA_GetState
                0x08001c58        0x6 ./Drivers/STM32F1xx_HAL_Driver/Src/stm32f1xx_hal_dma.o
                0x08001c58                HAL_DMA_GetState
 *fill*         0x08001c5e        0x2 
 .text.HAL_GPIO_Init
                0x08001c60      0x1b0 ./Drivers/STM32F1xx_HAL_Driver/Src/stm32f1xx_hal_gpio.o
                0x08001c60                HAL_GPIO_Init
 .text.HAL_GPIO_DeInit
                0x08001e10       0xdc ./Drivers/STM32F1xx_HAL_Driver/Src/stm32f1xx_hal_gpio.o
                0x08001e10                HAL_GPIO_DeInit
 .text.HAL_GPIO_ReadPin
                0x08001eec        0xc ./Drivers/STM32F1xx_HAL_Driver/Src/stm32f1xx_hal_gpio.o
                0x08001eec                HAL_GPIO_ReadPin
 .text.HAL_GPIO_WritePin
                0x08001ef8        0xa ./Drivers/STM32F1xx_HAL_Driver/Src/stm32f1xx_hal_gpio.o
                0x08001ef8                HAL_GPIO_WritePin
 .text.I2C_IsAcknowledgeFailed
                0x08001f02       0x32 ./Drivers/STM32F1xx_HAL_Driver/Src/stm32f1xx_hal_i2c.o
 .text.I2C_WaitOnFlagUntilTimeout
                0x08001f34       0x80 ./Drivers/STM32F1xx_HAL_Driver/Src/stm32f1xx_hal_i2c.o
 .text.I2C_WaitOnMasterAddressFlagUntilTimeout
                0x08001fb4       0x84 ./Drivers/STM32F1xx_HAL_Driver/Src/stm32f1xx_hal_i2c.o
 .text.I2C_WaitOnTXEFlagUntilTimeout
                0x08002038       0x54 ./Drivers/STM32F1xx_HAL_Driver/Src/stm32f1xx_hal_i2c.o
 .text.I2C_RequestMemoryWrite
                0x0800208c       0xb4 ./Drivers/STM32F1xx_HAL_Driver/Src/stm32f1xx_hal_i2c.o
 .text.I2C_RequestMemoryRead
                0x08002140      0x108 ./Drivers/STM32F1xx_HAL_Driver/Src/stm32f1xx_hal_i2c.o
 .text.I2C_WaitOnBTFFlagUntilTimeout
                0x08002248       0x54 ./Drivers/STM32F1xx_HAL_Driver/Src/stm32f1xx_hal_i2c.o
 .text.I2C_WaitOnRXNEFlagUntilTimeout
                0x0800229c       0x66 ./Drivers/STM32F1xx_HAL_Driver/Src/stm32f1xx_hal_i2c.o
 *fill*         0x08002302        0x2 
 .text.HAL_I2C_Init
                0x08002304      0x150 ./Drivers/STM32F1xx_HAL_Driver/Src/stm32f1xx_hal_i2c.o
                0x08002304                HAL_I2C_Init
 .text.HAL_I2C_DeInit
                0x08002454       0x32 ./Drivers/STM32F1xx_HAL_Driver/Src/stm32f1xx_hal_i2c.o
                0x08002454                HAL_I2C_DeInit
 *fill*         0x08002486        0x2 
 .text.HAL_I2C_Mem_Write
                0x08002488      0x120 ./Drivers/STM32F1xx_HAL_Driver/Src/stm32f1xx_hal_i2c.o
                0x08002488                HAL_I2C_Mem_Write
 .text.HAL_I2C_Mem_Read
                0x080025a8      0x288 ./Drivers/STM32F1xx_HAL_Driver/Src/stm32f1xx_hal_i2c.o
                0x080025a8                HAL_I2C_Mem_Read
 .text.HAL_I2C_IsDeviceReady
                0x08002830      0x160 ./Drivers/STM32F1xx_HAL_Driver/Src/stm32f1xx_hal_i2c.o
                0x08002830                HAL_I2C_IsDeviceReady
 .text.HAL_I2C_MasterTxCpltCallback
                0x08002990        0x2 ./Drivers/STM32F1xx_HAL_Driver/Src/stm32f1xx_hal_i2c.o
                0x08002990                HAL_I2C_MasterTxCpltCallback
 .text.HAL_I2C_MasterRxCpltCallback
                0x08002992        0x2 ./Drivers/STM32F1xx_HAL_Driver/Src/stm32f1xx_hal_i2c.o
                0x08002992                HAL_I2C_MasterRxCpltCallback
 .text.HAL_I2C_SlaveTxCpltCallback
                0x08002994        0x2 ./Drivers/STM32F1xx_HAL_Driver/Src/stm32f1xx_hal_i2c.o
                0x08002994                HAL_I2C_SlaveTxCpltCallback
 .text.HAL_I2C_SlaveRxCpltCallback
                0x08002996        0x2 ./Drivers/STM32F1xx_HAL_Driver/Src/stm32f1xx_hal_i2c.o
                0x08002996                HAL_I2C_SlaveRxCpltCallback
 .text.HAL_I2C_AddrCallback
                0x08002998        0x2 ./Drivers/STM32F1xx_HAL_Driver/Src/stm32f1xx_hal_i2c.o
                0x08002998                HAL_I2C_AddrCallback
 .text.HAL_I2C_ListenCpltCallback
                0x0800299a        0x2 ./Drivers/STM32F1xx_HAL_Driver/Src/stm32f1xx_hal_i2c.o
                0x0800299a                HAL_I2C_ListenCpltCallback
 .text.HAL_I2C_MemTxCpltCallback
                0x0800299c        0x2 ./Drivers/STM32F1xx_HAL_Driver/Src/stm32f1xx_hal_i2c.o
                0x0800299c                HAL_I2C_MemTxCpltCallback
 .text.I2C_MemoryTransmit_TXE_BTF
                0x0800299e       0xb0 ./Drivers/STM32F1xx_HAL_Driver/Src/stm32f1xx_hal_i2c.o
 .text.HAL_I2C_MemRxCpltCallback
                0x08002a4e        0x2 ./Drivers/STM32F1xx_HAL_Driver/Src/stm32f1xx_hal_i2c.o
                0x08002a4e                HAL_I2C_MemRxCpltCallback
 .text.HAL_I2C_ErrorCallback
                0x08002a50        0x2 ./Drivers/STM32F1xx_HAL_Driver/Src/stm32f1xx_hal_i2c.o
                0x08002a50                HAL_I2C_ErrorCallback
 .text.HAL_I2C_AbortCpltCallback
                0x08002a52        0x2 ./Drivers/STM32F1xx_HAL_Driver/Src/stm32f1xx_hal_i2c.o
                0x08002a52                HAL_I2C_AbortCpltCallback
 .text.I2C_DMAAbort
                0x08002a54       0xc0 ./Drivers/STM32F1xx_HAL_Driver/Src/stm32f1xx_hal_i2c.o
 .text.I2C_ITError
                0x08002b14      0x150 ./Drivers/STM32F1xx_HAL_Driver/Src/stm32f1xx_hal_i2c.o
 .text.HAL_I2C_EV_IRQHandler
                0x08002c64      0x8b0 ./Drivers/STM32F1xx_HAL_Driver/Src/stm32f1xx_hal_i2c.o
                0x08002c64                HAL_I2C_EV_IRQHandler
 .text.HAL_I2C_ER_IRQHandler
                0x08003514      0x140 ./Drivers/STM32F1xx_HAL_Driver/Src/stm32f1xx_hal_i2c.o
                0x08003514                HAL_I2C_ER_IRQHandler
 .text.HAL_PCD_Init
                0x08003654       0xc6 ./Drivers/STM32F1xx_HAL_Driver/Src/stm32f1xx_hal_pcd.o
                0x08003654                HAL_PCD_Init
 .text.HAL_PCD_Start
                0x0800371a       0x32 ./Drivers/STM32F1xx_HAL_Driver/Src/stm32f1xx_hal_pcd.o
                0x0800371a                HAL_PCD_Start
 .text.HAL_PCD_SetAddress
                0x0800374c       0x26 ./Drivers/STM32F1xx_HAL_Driver/Src/stm32f1xx_hal_pcd.o
                0x0800374c                HAL_PCD_SetAddress
 *fill*         0x08003772        0x2 
 .text.HAL_PCD_IRQHandler
                0x08003774      0xa08 ./Drivers/STM32F1xx_HAL_Driver/Src/stm32f1xx_hal_pcd.o
                0x08003774                HAL_PCD_IRQHandler
 .text.HAL_PCD_EP_Open
                0x0800417c       0x60 ./Drivers/STM32F1xx_HAL_Driver/Src/stm32f1xx_hal_pcd.o
                0x0800417c                HAL_PCD_EP_Open
 .text.HAL_PCD_EP_Close
                0x080041dc       0x50 ./Drivers/STM32F1xx_HAL_Driver/Src/stm32f1xx_hal_pcd.o
                0x080041dc                HAL_PCD_EP_Close
 .text.HAL_PCD_EP_Receive
                0x0800422c       0x2e ./Drivers/STM32F1xx_HAL_Driver/Src/stm32f1xx_hal_pcd.o
                0x0800422c                HAL_PCD_EP_Receive
 .text.HAL_PCD_EP_GetRxCount
                0x0800425a       0x10 ./Drivers/STM32F1xx_HAL_Driver/Src/stm32f1xx_hal_pcd.o
                0x0800425a                HAL_PCD_EP_GetRxCount
 .text.HAL_PCD_EP_Transmit
                0x0800426a       0x30 ./Drivers/STM32F1xx_HAL_Driver/Src/stm32f1xx_hal_pcd.o
                0x0800426a                HAL_PCD_EP_Transmit
 .text.HAL_PCD_EP_SetStall
                0x0800429a       0x6c ./Drivers/STM32F1xx_HAL_Driver/Src/stm32f1xx_hal_pcd.o
                0x0800429a                HAL_PCD_EP_SetStall
 .text.HAL_PCD_EP_ClrStall
                0x08004306       0x64 ./Drivers/STM32F1xx_HAL_Driver/Src/stm32f1xx_hal_pcd.o
                0x08004306                HAL_PCD_EP_ClrStall
 .text.HAL_PCDEx_PMAConfig
                0x0800436a       0x32 ./Drivers/STM32F1xx_HAL_Driver/Src/stm32f1xx_hal_pcd_ex.o
                0x0800436a                HAL_PCDEx_PMAConfig
 .text.HAL_RCC_OscConfig
                0x0800439c      0x338 ./Drivers/STM32F1xx_HAL_Driver/Src/stm32f1xx_hal_rcc.o
                0x0800439c                HAL_RCC_OscConfig
 .text.HAL_RCC_GetSysClockFreq
                0x080046d4       0x4c ./Drivers/STM32F1xx_HAL_Driver/Src/stm32f1xx_hal_rcc.o
                0x080046d4                HAL_RCC_GetSysClockFreq
 .text.HAL_RCC_ClockConfig
                0x08004720      0x138 ./Drivers/STM32F1xx_HAL_Driver/Src/stm32f1xx_hal_rcc.o
                0x08004720                HAL_RCC_ClockConfig
 .text.HAL_RCC_GetPCLK1Freq
                0x08004858       0x20 ./Drivers/STM32F1xx_HAL_Driver/Src/stm32f1xx_hal_rcc.o
                0x08004858                HAL_RCC_GetPCLK1Freq
 .text.HAL_RCC_GetPCLK2Freq
                0x08004878       0x20 ./Drivers/STM32F1xx_HAL_Driver/Src/stm32f1xx_hal_rcc.o
                0x08004878                HAL_RCC_GetPCLK2Freq
 .text.HAL_RCC_GetClockConfig
                0x08004898       0x3c ./Drivers/STM32F1xx_HAL_Driver/Src/stm32f1xx_hal_rcc.o
                0x08004898                HAL_RCC_GetClockConfig
 .text.HAL_RCCEx_PeriphCLKConfig
                0x080048d4       0xf4 ./Drivers/STM32F1xx_HAL_Driver/Src/stm32f1xx_hal_rcc_ex.o
                0x080048d4                HAL_RCCEx_PeriphCLKConfig
 .text.TIM_OC1_SetConfig
                0x080049c8       0x50 ./Drivers/STM32F1xx_HAL_Driver/Src/stm32f1xx_hal_tim.o
 .text.TIM_OC3_SetConfig
                0x08004a18       0x54 ./Drivers/STM32F1xx_HAL_Driver/Src/stm32f1xx_hal_tim.o
 .text.TIM_OC4_SetConfig
                0x08004a6c       0x44 ./Drivers/STM32F1xx_HAL_Driver/Src/stm32f1xx_hal_tim.o
 .text.HAL_TIM_Base_MspInit
                0x08004ab0        0x2 ./Drivers/STM32F1xx_HAL_Driver/Src/stm32f1xx_hal_tim.o
                0x08004ab0                HAL_TIM_Base_MspInit
 *fill*         0x08004ab2        0x2 
 .text.HAL_TIM_Base_Start_IT
                0x08004ab4       0x54 ./Drivers/STM32F1xx_HAL_Driver/Src/stm32f1xx_hal_tim.o
                0x08004ab4                HAL_TIM_Base_Start_IT
 .text.HAL_TIM_OC_DelayElapsedCallback
                0x08004b08        0x2 ./Drivers/STM32F1xx_HAL_Driver/Src/stm32f1xx_hal_tim.o
                0x08004b08                HAL_TIM_OC_DelayElapsedCallback
 .text.HAL_TIM_IC_CaptureCallback
                0x08004b0a        0x2 ./Drivers/STM32F1xx_HAL_Driver/Src/stm32f1xx_hal_tim.o
                0x08004b0a                HAL_TIM_IC_CaptureCallback
 .text.HAL_TIM_TriggerCallback
                0x08004b0c        0x2 ./Drivers/STM32F1xx_HAL_Driver/Src/stm32f1xx_hal_tim.o
                0x08004b0c                HAL_TIM_TriggerCallback
 .text.HAL_TIM_IRQHandler
                0x08004b0e      0x128 ./Drivers/STM32F1xx_HAL_Driver/Src/stm32f1xx_hal_tim.o
                0x08004b0e                HAL_TIM_IRQHandler
 *fill*         0x08004c36        0x2 
 .text.TIM_Base_SetConfig
                0x08004c38       0x80 ./Drivers/STM32F1xx_HAL_Driver/Src/stm32f1xx_hal_tim.o
                0x08004c38                TIM_Base_SetConfig
 .text.HAL_TIM_Base_Init
                0x08004cb8       0x58 ./Drivers/STM32F1xx_HAL_Driver/Src/stm32f1xx_hal_tim.o
                0x08004cb8                HAL_TIM_Base_Init
 .text.HAL_TIM_PWM_Init
                0x08004d10       0x58 ./Drivers/STM32F1xx_HAL_Driver/Src/stm32f1xx_hal_tim.o
                0x08004d10                HAL_TIM_PWM_Init
 .text.TIM_OC2_SetConfig
                0x08004d68       0x58 ./Drivers/STM32F1xx_HAL_Driver/Src/stm32f1xx_hal_tim.o
                0x08004d68                TIM_OC2_SetConfig
 .text.HAL_TIM_PWM_ConfigChannel
                0x08004dc0       0xb0 ./Drivers/STM32F1xx_HAL_Driver/Src/stm32f1xx_hal_tim.o
                0x08004dc0                HAL_TIM_PWM_ConfigChannel
 .text.TIM_CCxChannelCmd
                0x08004e70       0x1c ./Drivers/STM32F1xx_HAL_Driver/Src/stm32f1xx_hal_tim.o
                0x08004e70                TIM_CCxChannelCmd
 .text.HAL_TIM_OC_Start_IT
                0x08004e8c       0xc0 ./Drivers/STM32F1xx_HAL_Driver/Src/stm32f1xx_hal_tim.o
                0x08004e8c                HAL_TIM_OC_Start_IT
 .text.HAL_TIM_PWM_Start_IT
                0x08004f4c        0x4 ./Drivers/STM32F1xx_HAL_Driver/Src/stm32f1xx_hal_tim.o
                0x08004f4c                HAL_TIM_PWM_Start_IT
 .text.HAL_TIM_OC_Stop_IT
                0x08004f50       0xb4 ./Drivers/STM32F1xx_HAL_Driver/Src/stm32f1xx_hal_tim.o
                0x08004f50                HAL_TIM_OC_Stop_IT
 .text.HAL_TIM_PWM_Stop_IT
                0x08005004        0x4 ./Drivers/STM32F1xx_HAL_Driver/Src/stm32f1xx_hal_tim.o
                0x08005004                HAL_TIM_PWM_Stop_IT
 .text.HAL_TIMEx_MasterConfigSynchronization
                0x08005008       0x5c ./Drivers/STM32F1xx_HAL_Driver/Src/stm32f1xx_hal_tim_ex.o
                0x08005008                HAL_TIMEx_MasterConfigSynchronization
 .text.HAL_TIMEx_CommutCallback
                0x08005064        0x2 ./Drivers/STM32F1xx_HAL_Driver/Src/stm32f1xx_hal_tim_ex.o
                0x08005064                HAL_TIMEx_CommutCallback
 .text.HAL_TIMEx_BreakCallback
                0x08005066        0x2 ./Drivers/STM32F1xx_HAL_Driver/Src/stm32f1xx_hal_tim_ex.o
                0x08005066                HAL_TIMEx_BreakCallback
 .text.UART_EndRxTransfer
                0x08005068       0x5c ./Drivers/STM32F1xx_HAL_Driver/Src/stm32f1xx_hal_uart.o
 .text.UART_SetConfig
                0x080050c4       0x74 ./Drivers/STM32F1xx_HAL_Driver/Src/stm32f1xx_hal_uart.o
 .text.UART_WaitOnFlagUntilTimeout.constprop.0
                0x08005138       0x64 ./Drivers/STM32F1xx_HAL_Driver/Src/stm32f1xx_hal_uart.o
 .text.HAL_HalfDuplex_Init
                0x0800519c       0x66 ./Drivers/STM32F1xx_HAL_Driver/Src/stm32f1xx_hal_uart.o
                0x0800519c                HAL_HalfDuplex_Init
 .text.HAL_UART_Transmit
                0x08005202       0x9c ./Drivers/STM32F1xx_HAL_Driver/Src/stm32f1xx_hal_uart.o
                0x08005202                HAL_UART_Transmit
 .text.HAL_UART_Receive
                0x0800529e       0xae ./Drivers/STM32F1xx_HAL_Driver/Src/stm32f1xx_hal_uart.o
                0x0800529e                HAL_UART_Receive
 .text.HAL_UART_TxCpltCallback
                0x0800534c        0x2 ./Drivers/STM32F1xx_HAL_Driver/Src/stm32f1xx_hal_uart.o
                0x0800534c                HAL_UART_TxCpltCallback
 .text.HAL_UART_RxCpltCallback
                0x0800534e        0x2 ./Drivers/STM32F1xx_HAL_Driver/Src/stm32f1xx_hal_uart.o
                0x0800534e                HAL_UART_RxCpltCallback
 .text.HAL_UART_ErrorCallback
                0x08005350        0x2 ./Drivers/STM32F1xx_HAL_Driver/Src/stm32f1xx_hal_uart.o
                0x08005350                HAL_UART_ErrorCallback
 .text.UART_DMAAbortOnError
                0x08005352       0x10 ./Drivers/STM32F1xx_HAL_Driver/Src/stm32f1xx_hal_uart.o
 .text.HAL_UARTEx_RxEventCallback
                0x08005362        0x2 ./Drivers/STM32F1xx_HAL_Driver/Src/stm32f1xx_hal_uart.o
                0x08005362                HAL_UARTEx_RxEventCallback
 .text.UART_Receive_IT.isra.0
                0x08005364       0xb6 ./Drivers/STM32F1xx_HAL_Driver/Src/stm32f1xx_hal_uart.o
 *fill*         0x0800541a        0x2 
 .text.HAL_UART_IRQHandler
                0x0800541c      0x294 ./Drivers/STM32F1xx_HAL_Driver/Src/stm32f1xx_hal_uart.o
                0x0800541c                HAL_UART_IRQHandler
 .text.HAL_HalfDuplex_EnableTransmitter
                0x080056b0       0x30 ./Drivers/STM32F1xx_HAL_Driver/Src/stm32f1xx_hal_uart.o
                0x080056b0                HAL_HalfDuplex_EnableTransmitter
 .text.HAL_HalfDuplex_EnableReceiver
                0x080056e0       0x30 ./Drivers/STM32F1xx_HAL_Driver/Src/stm32f1xx_hal_uart.o
                0x080056e0                HAL_HalfDuplex_EnableReceiver
 .text.USB_CoreInit
                0x08005710        0xe ./Drivers/STM32F1xx_HAL_Driver/Src/stm32f1xx_ll_usb.o
                0x08005710                USB_CoreInit
 .text.USB_EnableGlobalInt
                0x0800571e       0x12 ./Drivers/STM32F1xx_HAL_Driver/Src/stm32f1xx_ll_usb.o
                0x0800571e                USB_EnableGlobalInt
 .text.USB_DisableGlobalInt
                0x08005730       0x14 ./Drivers/STM32F1xx_HAL_Driver/Src/stm32f1xx_ll_usb.o
                0x08005730                USB_DisableGlobalInt
 .text.USB_SetCurrentMode
                0x08005744        0x4 ./Drivers/STM32F1xx_HAL_Driver/Src/stm32f1xx_ll_usb.o
                0x08005744                USB_SetCurrentMode
 .text.USB_DevInit
                0x08005748       0x22 ./Drivers/STM32F1xx_HAL_Driver/Src/stm32f1xx_ll_usb.o
                0x08005748                USB_DevInit
 *fill*         0x0800576a        0x2 
 .text.USB_ActivateEndpoint
                0x0800576c      0x2c0 ./Drivers/STM32F1xx_HAL_Driver/Src/stm32f1xx_ll_usb.o
                0x0800576c                USB_ActivateEndpoint
 .text.USB_DeactivateEndpoint
                0x08005a2c      0x1a6 ./Drivers/STM32F1xx_HAL_Driver/Src/stm32f1xx_ll_usb.o
                0x08005a2c                USB_DeactivateEndpoint
 .text.USB_EPSetStall
                0x08005bd2       0x40 ./Drivers/STM32F1xx_HAL_Driver/Src/stm32f1xx_ll_usb.o
                0x08005bd2                USB_EPSetStall
 .text.USB_EPClearStall
                0x08005c12       0x92 ./Drivers/STM32F1xx_HAL_Driver/Src/stm32f1xx_ll_usb.o
                0x08005c12                USB_EPClearStall
 .text.USB_SetDevAddress
                0x08005ca4        0xc ./Drivers/STM32F1xx_HAL_Driver/Src/stm32f1xx_ll_usb.o
                0x08005ca4                USB_SetDevAddress
 .text.USB_DevConnect
                0x08005cb0        0x4 ./Drivers/STM32F1xx_HAL_Driver/Src/stm32f1xx_ll_usb.o
                0x08005cb0                USB_DevConnect
 .text.USB_DevDisconnect
                0x08005cb4        0x4 ./Drivers/STM32F1xx_HAL_Driver/Src/stm32f1xx_ll_usb.o
                0x08005cb4                USB_DevDisconnect
 .text.USB_ReadInterrupts
                0x08005cb8        0x8 ./Drivers/STM32F1xx_HAL_Driver/Src/stm32f1xx_ll_usb.o
                0x08005cb8                USB_ReadInterrupts
 .text.USB_EP0_OutStart
                0x08005cc0        0x4 ./Drivers/STM32F1xx_HAL_Driver/Src/stm32f1xx_ll_usb.o
                0x08005cc0                USB_EP0_OutStart
 .text.USB_WritePMA
                0x08005cc4       0x20 ./Drivers/STM32F1xx_HAL_Driver/Src/stm32f1xx_ll_usb.o
                0x08005cc4                USB_WritePMA
 .text.USB_EPStartXfer
                0x08005ce4      0x46a ./Drivers/STM32F1xx_HAL_Driver/Src/stm32f1xx_ll_usb.o
                0x08005ce4                USB_EPStartXfer
 .text.USB_ReadPMA
                0x0800614e       0x38 ./Drivers/STM32F1xx_HAL_Driver/Src/stm32f1xx_ll_usb.o
                0x0800614e                USB_ReadPMA
 .text.AS5600_GetRawAngle
                0x08006186       0x36 ./Encoder/Src/AS5600.o
                0x08006186                AS5600_GetRawAngle
 .text.AS5600_GetMagnetStatus
                0x080061bc       0x22 ./Encoder/Src/AS5600.o
                0x080061bc                AS5600_GetMagnetStatus
 .text.AS5600_Init
                0x080061de      0x274 ./Encoder/Src/AS5600.o
                0x080061de                AS5600_Init
 *fill*         0x08006452        0x2 
 .text.EncoderInit
                0x08006454       0x40 ./Encoder/Src/Encoder.o
                0x08006454                EncoderInit
 .text.EncoderEnablePool
                0x08006494       0x9c ./Encoder/Src/Encoder.o
                0x08006494                EncoderEnablePool
 .text.USBD_CDC_EP0_RxReady
                0x08006530       0x28 ./Middlewares/ST/STM32_USB_Device_Library/Class/CDC/Src/usbd_cdc.o
 .text.USBD_CDC_GetFSCfgDesc
                0x08006558        0xc ./Middlewares/ST/STM32_USB_Device_Library/Class/CDC/Src/usbd_cdc.o
 .text.USBD_CDC_GetHSCfgDesc
                0x08006564        0xc ./Middlewares/ST/STM32_USB_Device_Library/Class/CDC/Src/usbd_cdc.o
 .text.USBD_CDC_GetOtherSpeedCfgDesc
                0x08006570        0xc ./Middlewares/ST/STM32_USB_Device_Library/Class/CDC/Src/usbd_cdc.o
 .text.USBD_CDC_GetDeviceQualifierDescriptor
                0x0800657c        0xc ./Middlewares/ST/STM32_USB_Device_Library/Class/CDC/Src/usbd_cdc.o
                0x0800657c                USBD_CDC_GetDeviceQualifierDescriptor
 .text.USBD_CDC_DataOut
                0x08006588       0x2e ./Middlewares/ST/STM32_USB_Device_Library/Class/CDC/Src/usbd_cdc.o
 .text.USBD_CDC_DataIn
                0x080065b6       0x40 ./Middlewares/ST/STM32_USB_Device_Library/Class/CDC/Src/usbd_cdc.o
 .text.USBD_CDC_Setup
                0x080065f6       0xa2 ./Middlewares/ST/STM32_USB_Device_Library/Class/CDC/Src/usbd_cdc.o
 .text.USBD_CDC_DeInit
                0x08006698       0x42 ./Middlewares/ST/STM32_USB_Device_Library/Class/CDC/Src/usbd_cdc.o
 .text.USBD_CDC_Init
                0x080066da       0x8c ./Middlewares/ST/STM32_USB_Device_Library/Class/CDC/Src/usbd_cdc.o
 .text.USBD_CDC_RegisterInterface
                0x08006766        0xe ./Middlewares/ST/STM32_USB_Device_Library/Class/CDC/Src/usbd_cdc.o
                0x08006766                USBD_CDC_RegisterInterface
 .text.USBD_CDC_SetTxBuffer
                0x08006774       0x10 ./Middlewares/ST/STM32_USB_Device_Library/Class/CDC/Src/usbd_cdc.o
                0x08006774                USBD_CDC_SetTxBuffer
 .text.USBD_CDC_SetRxBuffer
                0x08006784        0xc ./Middlewares/ST/STM32_USB_Device_Library/Class/CDC/Src/usbd_cdc.o
                0x08006784                USBD_CDC_SetRxBuffer
 .text.USBD_CDC_TransmitPacket
                0x08006790       0x32 ./Middlewares/ST/STM32_USB_Device_Library/Class/CDC/Src/usbd_cdc.o
                0x08006790                USBD_CDC_TransmitPacket
 .text.USBD_CDC_ReceivePacket
                0x080067c2       0x26 ./Middlewares/ST/STM32_USB_Device_Library/Class/CDC/Src/usbd_cdc.o
                0x080067c2                USBD_CDC_ReceivePacket
 .text.USBD_Init
                0x080067e8       0x2a ./Middlewares/ST/STM32_USB_Device_Library/Core/Src/usbd_core.o
                0x080067e8                USBD_Init
 .text.USBD_RegisterClass
                0x08006812        0xe ./Middlewares/ST/STM32_USB_Device_Library/Core/Src/usbd_core.o
                0x08006812                USBD_RegisterClass
 .text.USBD_Start
                0x08006820        0xa ./Middlewares/ST/STM32_USB_Device_Library/Core/Src/usbd_core.o
                0x08006820                USBD_Start
 .text.USBD_SetClassConfig
                0x0800682a       0x1a ./Middlewares/ST/STM32_USB_Device_Library/Core/Src/usbd_core.o
                0x0800682a                USBD_SetClassConfig
 .text.USBD_ClrClassConfig
                0x08006844        0xe ./Middlewares/ST/STM32_USB_Device_Library/Core/Src/usbd_core.o
                0x08006844                USBD_ClrClassConfig
 .text.USBD_LL_SetupStage
                0x08006852       0x5a ./Middlewares/ST/STM32_USB_Device_Library/Core/Src/usbd_core.o
                0x08006852                USBD_LL_SetupStage
 .text.USBD_LL_DataOutStage
                0x080068ac       0x70 ./Middlewares/ST/STM32_USB_Device_Library/Core/Src/usbd_core.o
                0x080068ac                USBD_LL_DataOutStage
 .text.USBD_LL_DataInStage
                0x0800691c       0xb8 ./Middlewares/ST/STM32_USB_Device_Library/Core/Src/usbd_core.o
                0x0800691c                USBD_LL_DataInStage
 .text.USBD_LL_Reset
                0x080069d4       0x4e ./Middlewares/ST/STM32_USB_Device_Library/Core/Src/usbd_core.o
                0x080069d4                USBD_LL_Reset
 .text.USBD_LL_SetSpeed
                0x08006a22        0x6 ./Middlewares/ST/STM32_USB_Device_Library/Core/Src/usbd_core.o
                0x08006a22                USBD_LL_SetSpeed
 .text.USBD_LL_Suspend
                0x08006a28       0x12 ./Middlewares/ST/STM32_USB_Device_Library/Core/Src/usbd_core.o
                0x08006a28                USBD_LL_Suspend
 .text.USBD_LL_Resume
                0x08006a3a       0x14 ./Middlewares/ST/STM32_USB_Device_Library/Core/Src/usbd_core.o
                0x08006a3a                USBD_LL_Resume
 .text.USBD_LL_SOF
                0x08006a4e       0x18 ./Middlewares/ST/STM32_USB_Device_Library/Core/Src/usbd_core.o
                0x08006a4e                USBD_LL_SOF
 .text.USBD_CtlError.constprop.0
                0x08006a66       0x16 ./Middlewares/ST/STM32_USB_Device_Library/Core/Src/usbd_ctlreq.o
 .text.USBD_StdDevReq
                0x08006a7c      0x250 ./Middlewares/ST/STM32_USB_Device_Library/Core/Src/usbd_ctlreq.o
                0x08006a7c                USBD_StdDevReq
 .text.USBD_StdItfReq
                0x08006ccc       0x48 ./Middlewares/ST/STM32_USB_Device_Library/Core/Src/usbd_ctlreq.o
                0x08006ccc                USBD_StdItfReq
 .text.USBD_StdEPReq
                0x08006d14      0x110 ./Middlewares/ST/STM32_USB_Device_Library/Core/Src/usbd_ctlreq.o
                0x08006d14                USBD_StdEPReq
 .text.USBD_ParseSetupRequest
                0x08006e24       0x16 ./Middlewares/ST/STM32_USB_Device_Library/Core/Src/usbd_ctlreq.o
                0x08006e24                USBD_ParseSetupRequest
 .text.USBD_CtlError
                0x08006e3a       0x16 ./Middlewares/ST/STM32_USB_Device_Library/Core/Src/usbd_ctlreq.o
                0x08006e3a                USBD_CtlError
 .text.USBD_GetString
                0x08006e50       0x38 ./Middlewares/ST/STM32_USB_Device_Library/Core/Src/usbd_ctlreq.o
                0x08006e50                USBD_GetString
 .text.USBD_CtlSendData
                0x08006e88       0x1a ./Middlewares/ST/STM32_USB_Device_Library/Core/Src/usbd_ioreq.o
                0x08006e88                USBD_CtlSendData
 .text.USBD_CtlContinueSendData
                0x08006ea2       0x10 ./Middlewares/ST/STM32_USB_Device_Library/Core/Src/usbd_ioreq.o
                0x08006ea2                USBD_CtlContinueSendData
 .text.USBD_CtlPrepareRx
                0x08006eb2       0x1a ./Middlewares/ST/STM32_USB_Device_Library/Core/Src/usbd_ioreq.o
                0x08006eb2                USBD_CtlPrepareRx
 .text.USBD_CtlContinueRx
                0x08006ecc       0x10 ./Middlewares/ST/STM32_USB_Device_Library/Core/Src/usbd_ioreq.o
                0x08006ecc                USBD_CtlContinueRx
 .text.USBD_CtlSendStatus
                0x08006edc       0x16 ./Middlewares/ST/STM32_USB_Device_Library/Core/Src/usbd_ioreq.o
                0x08006edc                USBD_CtlSendStatus
 .text.USBD_CtlReceiveStatus
                0x08006ef2       0x16 ./Middlewares/ST/STM32_USB_Device_Library/Core/Src/usbd_ioreq.o
                0x08006ef2                USBD_CtlReceiveStatus
 .text.osKernelStart
                0x08006f08        0xa ./Middlewares/Third_Party/FreeRTOS/Source/CMSIS_RTOS/cmsis_os.o
                0x08006f08                osKernelStart
 .text.osThreadCreate
                0x08006f12       0x50 ./Middlewares/Third_Party/FreeRTOS/Source/CMSIS_RTOS/cmsis_os.o
                0x08006f12                osThreadCreate
 .text.osDelay  0x08006f62       0x10 ./Middlewares/Third_Party/FreeRTOS/Source/CMSIS_RTOS/cmsis_os.o
                0x08006f62                osDelay
 .text.vListInitialise
                0x08006f72       0x16 ./Middlewares/Third_Party/FreeRTOS/Source/list.o
                0x08006f72                vListInitialise
 .text.vListInitialiseItem
                0x08006f88        0x6 ./Middlewares/Third_Party/FreeRTOS/Source/list.o
                0x08006f88                vListInitialiseItem
 .text.vListInsertEnd
                0x08006f8e       0x16 ./Middlewares/Third_Party/FreeRTOS/Source/list.o
                0x08006f8e                vListInsertEnd
 .text.vListInsert
                0x08006fa4       0x2e ./Middlewares/Third_Party/FreeRTOS/Source/list.o
                0x08006fa4                vListInsert
 .text.uxListRemove
                0x08006fd2       0x20 ./Middlewares/Third_Party/FreeRTOS/Source/list.o
                0x08006fd2                uxListRemove
 *fill*         0x08006ff2        0x2 
 .text.prvAddNewTaskToReadyList
                0x08006ff4       0xfc ./Middlewares/Third_Party/FreeRTOS/Source/tasks.o
 .text.prvAddCurrentTaskToDelayedList
                0x080070f0       0x88 ./Middlewares/Third_Party/FreeRTOS/Source/tasks.o
 .text.prvResetNextTaskUnblockTime
                0x08007178       0x24 ./Middlewares/Third_Party/FreeRTOS/Source/tasks.o
 .text.prvDeleteTCB
                0x0800719c       0x3c ./Middlewares/Third_Party/FreeRTOS/Source/tasks.o
 .text.prvIdleTask
                0x080071d8       0x60 ./Middlewares/Third_Party/FreeRTOS/Source/tasks.o
 .text.prvInitialiseNewTask.constprop.0
                0x08007238       0xb0 ./Middlewares/Third_Party/FreeRTOS/Source/tasks.o
 .text.xTaskCreateStatic
                0x080072e8       0x70 ./Middlewares/Third_Party/FreeRTOS/Source/tasks.o
                0x080072e8                xTaskCreateStatic
 .text.xTaskCreate
                0x08007358       0x5c ./Middlewares/Third_Party/FreeRTOS/Source/tasks.o
                0x08007358                xTaskCreate
 .text.vTaskStartScheduler
                0x080073b4       0x84 ./Middlewares/Third_Party/FreeRTOS/Source/tasks.o
                0x080073b4                vTaskStartScheduler
 .text.vTaskSuspendAll
                0x08007438       0x10 ./Middlewares/Third_Party/FreeRTOS/Source/tasks.o
                0x08007438                vTaskSuspendAll
 .text.xTaskIncrementTick
                0x08007448      0x134 ./Middlewares/Third_Party/FreeRTOS/Source/tasks.o
                0x08007448                xTaskIncrementTick
 .text.xTaskResumeAll
                0x0800757c       0xec ./Middlewares/Third_Party/FreeRTOS/Source/tasks.o
                0x0800757c                xTaskResumeAll
 .text.vTaskDelay
                0x08007668       0x48 ./Middlewares/Third_Party/FreeRTOS/Source/tasks.o
                0x08007668                vTaskDelay
 .text.vTaskSwitchContext
                0x080076b0       0x84 ./Middlewares/Third_Party/FreeRTOS/Source/tasks.o
                0x080076b0                vTaskSwitchContext
 .text.vTaskSuspend
                0x08007734       0xd8 ./Middlewares/Third_Party/FreeRTOS/Source/tasks.o
                0x08007734                vTaskSuspend
 .text.prvPortStartFirstTask
                0x0800780c       0x20 ./Middlewares/Third_Party/FreeRTOS/Source/portable/GCC/ARM_CM3/port.o
 .text.prvTaskExitError
                0x0800782c       0x40 ./Middlewares/Third_Party/FreeRTOS/Source/portable/GCC/ARM_CM3/port.o
 .text.pxPortInitialiseStack
                0x0800786c       0x24 ./Middlewares/Third_Party/FreeRTOS/Source/portable/GCC/ARM_CM3/port.o
                0x0800786c                pxPortInitialiseStack
 .text.SVC_Handler
                0x08007890       0x24 ./Middlewares/Third_Party/FreeRTOS/Source/portable/GCC/ARM_CM3/port.o
                0x08007890                SVC_Handler
 .text.vPortEnterCritical
                0x080078b4       0x40 ./Middlewares/Third_Party/FreeRTOS/Source/portable/GCC/ARM_CM3/port.o
                0x080078b4                vPortEnterCritical
 .text.vPortExitCritical
                0x080078f4       0x28 ./Middlewares/Third_Party/FreeRTOS/Source/portable/GCC/ARM_CM3/port.o
                0x080078f4                vPortExitCritical
 *fill*         0x0800791c        0x4 
 .text.PendSV_Handler
                0x08007920       0x44 ./Middlewares/Third_Party/FreeRTOS/Source/portable/GCC/ARM_CM3/port.o
                0x08007920                PendSV_Handler
 .text.SysTick_Handler
                0x08007964       0x2c ./Middlewares/Third_Party/FreeRTOS/Source/portable/GCC/ARM_CM3/port.o
                0x08007964                SysTick_Handler
 .text.vPortSetupTimerInterrupt
                0x08007990       0x24 ./Middlewares/Third_Party/FreeRTOS/Source/portable/GCC/ARM_CM3/port.o
                0x08007990                vPortSetupTimerInterrupt
 .text.xPortStartScheduler
                0x080079b4       0xb0 ./Middlewares/Third_Party/FreeRTOS/Source/portable/GCC/ARM_CM3/port.o
                0x080079b4                xPortStartScheduler
 .text.prvInsertBlockIntoFreeList
                0x08007a64       0x4c ./Middlewares/Third_Party/FreeRTOS/Source/portable/MemMang/heap_4.o
 .text.pvPortMalloc
                0x08007ab0      0x130 ./Middlewares/Third_Party/FreeRTOS/Source/portable/MemMang/heap_4.o
                0x08007ab0                pvPortMalloc
 .text.vPortFree
                0x08007be0       0x7c ./Middlewares/Third_Party/FreeRTOS/Source/portable/MemMang/heap_4.o
                0x08007be0                vPortFree
 .text.TMC2209_setdefault
                0x08007c5c       0x4c ./MotorDriver/Src/TMC2209.o
                0x08007c5c                TMC2209_setdefault
 .text.TMC2209_enable
                0x08007ca8       0x3c ./MotorDriver/Src/TMC2209.o
                0x08007ca8                TMC2209_enable
 .text.TMC2209_disable
                0x08007ce4       0x3c ./MotorDriver/Src/TMC2209.o
                0x08007ce4                TMC2209_disable
 .text.TMC2209_setup
                0x08007d20       0x64 ./MotorDriver/Src/TMC2209.o
                0x08007d20                TMC2209_setup
 .text.TMC2209_setMicrostep
                0x08007d84       0x44 ./MotorDriver/Src/TMC2209.o
                0x08007d84                TMC2209_setMicrostep
 .text.TMC2209_velocity
                0x08007dc8       0xb4 ./MotorDriver/Src/TMC2209.o
                0x08007dc8                TMC2209_velocity
 .text.TMC2209_move
                0x08007e7c       0x28 ./MotorDriver/Src/TMC2209.o
                0x08007e7c                TMC2209_move
 .text.TMC2209_stop
                0x08007ea4       0x1c ./MotorDriver/Src/TMC2209.o
                0x08007ea4                TMC2209_stop
 .text.TMC2209_brake
                0x08007ec0       0x4c ./MotorDriver/Src/TMC2209.o
                0x08007ec0                TMC2209_brake
 .text.TMC2209_unBrake
                0x08007f0c       0x40 ./MotorDriver/Src/TMC2209.o
                0x08007f0c                TMC2209_unBrake
 .text.TMC2209_direction
                0x08007f4c       0x2c ./MotorDriver/Src/TMC2209.o
                0x08007f4c                TMC2209_direction
 .text.PID_controller
                0x08007f78      0x1a0 ./MotorDriver/Src/TMC2209.o
                0x08007f78                PID_controller
 .text.TMC2209_watchPosition
                0x08008118       0x90 ./MotorDriver/Src/TMC2209.o
                0x08008118                TMC2209_watchPosition
 .text.HAL_TIM_PWM_PulseFinishedCallback
                0x080081a8       0x30 ./MotorDriver/Src/TMC2209.o
                0x080081a8                HAL_TIM_PWM_PulseFinishedCallback
 .text.calculateCRC
                0x080081d8       0x36 ./MotorDriver/Src/TMC2209_HAL.o
 *fill*         0x0800820e        0x2 
 .text.TMC2209_HAL_Write
                0x08008210       0x5c ./MotorDriver/Src/TMC2209_HAL.o
                0x08008210                TMC2209_HAL_Write
 .text.TMC2209_HAL_Read
                0x0800826c       0xbc ./MotorDriver/Src/TMC2209_HAL.o
                0x0800826c                TMC2209_HAL_Read
 .text.MX_USB_DEVICE_Init
                0x08008328       0x50 ./USB_DEVICE/App/usb_device.o
                0x08008328                MX_USB_DEVICE_Init
 .text.CDC_DeInit_FS
                0x08008378        0x4 ./USB_DEVICE/App/usbd_cdc_if.o
 .text.CDC_Control_FS
                0x0800837c        0x4 ./USB_DEVICE/App/usbd_cdc_if.o
 .text.CDC_Receive_FS
                0x08008380       0x1c ./USB_DEVICE/App/usbd_cdc_if.o
 .text.CDC_Init_FS
                0x0800839c       0x28 ./USB_DEVICE/App/usbd_cdc_if.o
 .text.CDC_Transmit_FS
                0x080083c4       0x2c ./USB_DEVICE/App/usbd_cdc_if.o
                0x080083c4                CDC_Transmit_FS
 .text.USBD_FS_DeviceDescriptor
                0x080083f0        0xc ./USB_DEVICE/App/usbd_desc.o
                0x080083f0                USBD_FS_DeviceDescriptor
 .text.USBD_FS_LangIDStrDescriptor
                0x080083fc        0xc ./USB_DEVICE/App/usbd_desc.o
                0x080083fc                USBD_FS_LangIDStrDescriptor
 .text.IntToUnicode
                0x08008408       0x2a ./USB_DEVICE/App/usbd_desc.o
 *fill*         0x08008432        0x2 
 .text.USBD_FS_SerialStrDescriptor
                0x08008434       0x3c ./USB_DEVICE/App/usbd_desc.o
                0x08008434                USBD_FS_SerialStrDescriptor
 .text.USBD_FS_ManufacturerStrDescriptor
                0x08008470       0x1c ./USB_DEVICE/App/usbd_desc.o
                0x08008470                USBD_FS_ManufacturerStrDescriptor
 .text.USBD_FS_ProductStrDescriptor
                0x0800848c       0x1c ./USB_DEVICE/App/usbd_desc.o
                0x0800848c                USBD_FS_ProductStrDescriptor
 .text.USBD_FS_ConfigStrDescriptor
                0x080084a8       0x1c ./USB_DEVICE/App/usbd_desc.o
                0x080084a8                USBD_FS_ConfigStrDescriptor
 .text.USBD_FS_InterfaceStrDescriptor
                0x080084c4       0x1c ./USB_DEVICE/App/usbd_desc.o
                0x080084c4                USBD_FS_InterfaceStrDescriptor
 .text.USBD_Get_USB_Status
                0x080084e0        0xc ./USB_DEVICE/Target/usbd_conf.o
 .text.HAL_PCD_MspInit
                0x080084ec       0x40 ./USB_DEVICE/Target/usbd_conf.o
                0x080084ec                HAL_PCD_MspInit
 .text.HAL_PCD_SetupStageCallback
                0x0800852c        0xc ./USB_DEVICE/Target/usbd_conf.o
                0x0800852c                HAL_PCD_SetupStageCallback
 .text.HAL_PCD_DataOutStageCallback
                0x08008538       0x12 ./USB_DEVICE/Target/usbd_conf.o
                0x08008538                HAL_PCD_DataOutStageCallback
 .text.HAL_PCD_DataInStageCallback
                0x0800854a       0x10 ./USB_DEVICE/Target/usbd_conf.o
                0x0800854a                HAL_PCD_DataInStageCallback
 .text.HAL_PCD_SOFCallback
                0x0800855a        0x8 ./USB_DEVICE/Target/usbd_conf.o
                0x0800855a                HAL_PCD_SOFCallback
 .text.HAL_PCD_ResetCallback
                0x08008562       0x24 ./USB_DEVICE/Target/usbd_conf.o
                0x08008562                HAL_PCD_ResetCallback
 *fill*         0x08008586        0x2 
 .text.HAL_PCD_SuspendCallback
                0x08008588       0x20 ./USB_DEVICE/Target/usbd_conf.o
                0x08008588                HAL_PCD_SuspendCallback
 .text.HAL_PCD_ResumeCallback
                0x080085a8        0x8 ./USB_DEVICE/Target/usbd_conf.o
                0x080085a8                HAL_PCD_ResumeCallback
 .text.USBD_LL_Init
                0x080085b0       0x80 ./USB_DEVICE/Target/usbd_conf.o
                0x080085b0                USBD_LL_Init
 .text.USBD_LL_Start
                0x08008630       0x12 ./USB_DEVICE/Target/usbd_conf.o
                0x08008630                USBD_LL_Start
 .text.USBD_LL_OpenEP
                0x08008642       0x18 ./USB_DEVICE/Target/usbd_conf.o
                0x08008642                USBD_LL_OpenEP
 .text.USBD_LL_CloseEP
                0x0800865a       0x12 ./USB_DEVICE/Target/usbd_conf.o
                0x0800865a                USBD_LL_CloseEP
 .text.USBD_LL_StallEP
                0x0800866c       0x12 ./USB_DEVICE/Target/usbd_conf.o
                0x0800866c                USBD_LL_StallEP
 .text.USBD_LL_ClearStallEP
                0x0800867e       0x12 ./USB_DEVICE/Target/usbd_conf.o
                0x0800867e                USBD_LL_ClearStallEP
 .text.USBD_LL_IsStallEP
                0x08008690       0x22 ./USB_DEVICE/Target/usbd_conf.o
                0x08008690                USBD_LL_IsStallEP
 .text.USBD_LL_SetUSBAddress
                0x080086b2       0x12 ./USB_DEVICE/Target/usbd_conf.o
                0x080086b2                USBD_LL_SetUSBAddress
 .text.USBD_LL_Transmit
                0x080086c4       0x12 ./USB_DEVICE/Target/usbd_conf.o
                0x080086c4                USBD_LL_Transmit
 .text.USBD_LL_PrepareReceive
                0x080086d6       0x12 ./USB_DEVICE/Target/usbd_conf.o
                0x080086d6                USBD_LL_PrepareReceive
 .text.USBD_LL_GetRxDataSize
                0x080086e8        0x8 ./USB_DEVICE/Target/usbd_conf.o
                0x080086e8                USBD_LL_GetRxDataSize
 .text.USBD_static_malloc
                0x080086f0        0x8 ./USB_DEVICE/Target/usbd_conf.o
                0x080086f0                USBD_static_malloc
 .text.USBD_static_free
                0x080086f8        0x2 ./USB_DEVICE/Target/usbd_conf.o
                0x080086f8                USBD_static_free
 .text.HAL_PCDEx_SetConnectionState
                0x080086fa        0x2 ./USB_DEVICE/Target/usbd_conf.o
                0x080086fa                HAL_PCDEx_SetConnectionState
 .text.__malloc_lock
                0x080086fc        0xc C:/ST/STM32CubeIDE_1.17.0/STM32CubeIDE/plugins/com.st.stm32cube.ide.mcu.externaltools.gnu-tools-for-stm32.12.3.rel1.win32_1.1.0.202410251130/tools/bin/../lib/gcc/arm-none-eabi/12.3.1/../../../../arm-none-eabi/lib/thumb/v7-m/nofp\libc_nano.a(libc_a-mlock.o)
                0x080086fc                __malloc_lock
 .text.__malloc_unlock
                0x08008708        0xc C:/ST/STM32CubeIDE_1.17.0/STM32CubeIDE/plugins/com.st.stm32cube.ide.mcu.externaltools.gnu-tools-for-stm32.12.3.rel1.win32_1.1.0.202410251130/tools/bin/../lib/gcc/arm-none-eabi/12.3.1/../../../../arm-none-eabi/lib/thumb/v7-m/nofp\libc_nano.a(libc_a-mlock.o)
                0x08008708                __malloc_unlock
 .text.memset   0x08008714       0x10 C:/ST/STM32CubeIDE_1.17.0/STM32CubeIDE/plugins/com.st.stm32cube.ide.mcu.externaltools.gnu-tools-for-stm32.12.3.rel1.win32_1.1.0.202410251130/tools/bin/../lib/gcc/arm-none-eabi/12.3.1/../../../../arm-none-eabi/lib/thumb/v7-m/nofp\libc_nano.a(libc_a-memset.o)
                0x08008714                memset
 .text._reclaim_reent
                0x08008724       0xac C:/ST/STM32CubeIDE_1.17.0/STM32CubeIDE/plugins/com.st.stm32cube.ide.mcu.externaltools.gnu-tools-for-stm32.12.3.rel1.win32_1.1.0.202410251130/tools/bin/../lib/gcc/arm-none-eabi/12.3.1/../../../../arm-none-eabi/lib/thumb/v7-m/nofp\libc_nano.a(libc_a-reent.o)
                0x08008724                _reclaim_reent
 .text.__errno  0x080087d0        0xc C:/ST/STM32CubeIDE_1.17.0/STM32CubeIDE/plugins/com.st.stm32cube.ide.mcu.externaltools.gnu-tools-for-stm32.12.3.rel1.win32_1.1.0.202410251130/tools/bin/../lib/gcc/arm-none-eabi/12.3.1/../../../../arm-none-eabi/lib/thumb/v7-m/nofp\libc_nano.a(libc_a-errno.o)
                0x080087d0                __errno
 .text.__libc_init_array
                0x080087dc       0x48 C:/ST/STM32CubeIDE_1.17.0/STM32CubeIDE/plugins/com.st.stm32cube.ide.mcu.externaltools.gnu-tools-for-stm32.12.3.rel1.win32_1.1.0.202410251130/tools/bin/../lib/gcc/arm-none-eabi/12.3.1/../../../../arm-none-eabi/lib/thumb/v7-m/nofp\libc_nano.a(libc_a-init.o)
                0x080087dc                __libc_init_array
 .text.__retarget_lock_acquire_recursive
                0x08008824        0x2 C:/ST/STM32CubeIDE_1.17.0/STM32CubeIDE/plugins/com.st.stm32cube.ide.mcu.externaltools.gnu-tools-for-stm32.12.3.rel1.win32_1.1.0.202410251130/tools/bin/../lib/gcc/arm-none-eabi/12.3.1/../../../../arm-none-eabi/lib/thumb/v7-m/nofp\libc_nano.a(libc_a-lock.o)
                0x08008824                __retarget_lock_acquire_recursive
 .text.__retarget_lock_release_recursive
                0x08008826        0x2 C:/ST/STM32CubeIDE_1.17.0/STM32CubeIDE/plugins/com.st.stm32cube.ide.mcu.externaltools.gnu-tools-for-stm32.12.3.rel1.win32_1.1.0.202410251130/tools/bin/../lib/gcc/arm-none-eabi/12.3.1/../../../../arm-none-eabi/lib/thumb/v7-m/nofp\libc_nano.a(libc_a-lock.o)
                0x08008826                __retarget_lock_release_recursive
 .text._free_r  0x08008828       0x90 C:/ST/STM32CubeIDE_1.17.0/STM32CubeIDE/plugins/com.st.stm32cube.ide.mcu.externaltools.gnu-tools-for-stm32.12.3.rel1.win32_1.1.0.202410251130/tools/bin/../lib/gcc/arm-none-eabi/12.3.1/../../../../arm-none-eabi/lib/thumb/v7-m/nofp\libc_nano.a(libc_a-freer.o)
                0x08008828                _free_r
 .text.pow      0x080088b8       0xd0 C:/ST/STM32CubeIDE_1.17.0/STM32CubeIDE/plugins/com.st.stm32cube.ide.mcu.externaltools.gnu-tools-for-stm32.12.3.rel1.win32_1.1.0.202410251130/tools/bin/../lib/gcc/arm-none-eabi/12.3.1/../../../../arm-none-eabi/lib/thumb/v7-m/nofp\libm.a(libm_a-w_pow.o)
                0x080088b8                pow
 .text.fabs     0x08008988        0x8 C:/ST/STM32CubeIDE_1.17.0/STM32CubeIDE/plugins/com.st.stm32cube.ide.mcu.externaltools.gnu-tools-for-stm32.12.3.rel1.win32_1.1.0.202410251130/tools/bin/../lib/gcc/arm-none-eabi/12.3.1/../../../../arm-none-eabi/lib/thumb/v7-m/nofp\libm.a(libm_a-s_fabs.o)
                0x08008988                fabs
 .text.finite   0x08008990        0xc C:/ST/STM32CubeIDE_1.17.0/STM32CubeIDE/plugins/com.st.stm32cube.ide.mcu.externaltools.gnu-tools-for-stm32.12.3.rel1.win32_1.1.0.202410251130/tools/bin/../lib/gcc/arm-none-eabi/12.3.1/../../../../arm-none-eabi/lib/thumb/v7-m/nofp\libm.a(libm_a-s_finite.o)
                0x08008990                finite
 .text.fmaxf    0x0800899c       0x2a C:/ST/STM32CubeIDE_1.17.0/STM32CubeIDE/plugins/com.st.stm32cube.ide.mcu.externaltools.gnu-tools-for-stm32.12.3.rel1.win32_1.1.0.202410251130/tools/bin/../lib/gcc/arm-none-eabi/12.3.1/../../../../arm-none-eabi/lib/thumb/v7-m/nofp\libm.a(libm_a-sf_fmax.o)
                0x0800899c                fmaxf
 .text.fminf    0x080089c6       0x2a C:/ST/STM32CubeIDE_1.17.0/STM32CubeIDE/plugins/com.st.stm32cube.ide.mcu.externaltools.gnu-tools-for-stm32.12.3.rel1.win32_1.1.0.202410251130/tools/bin/../lib/gcc/arm-none-eabi/12.3.1/../../../../arm-none-eabi/lib/thumb/v7-m/nofp\libm.a(libm_a-sf_fmin.o)
                0x080089c6                fminf
 .text.__fpclassifyf
                0x080089f0       0x34 C:/ST/STM32CubeIDE_1.17.0/STM32CubeIDE/plugins/com.st.stm32cube.ide.mcu.externaltools.gnu-tools-for-stm32.12.3.rel1.win32_1.1.0.202410251130/tools/bin/../lib/gcc/arm-none-eabi/12.3.1/../../../../arm-none-eabi/lib/thumb/v7-m/nofp\libm.a(libm_a-sf_fpclassify.o)
                0x080089f0                __fpclassifyf
 .text.__ieee754_sqrt
                0x08008a24      0x1ac C:/ST/STM32CubeIDE_1.17.0/STM32CubeIDE/plugins/com.st.stm32cube.ide.mcu.externaltools.gnu-tools-for-stm32.12.3.rel1.win32_1.1.0.202410251130/tools/bin/../lib/gcc/arm-none-eabi/12.3.1/../../../../arm-none-eabi/lib/thumb/v7-m/nofp\libm.a(libm_a-e_sqrt.o)
                0x08008a24                __ieee754_sqrt
 .text.round    0x08008bd0       0x8c C:/ST/STM32CubeIDE_1.17.0/STM32CubeIDE/plugins/com.st.stm32cube.ide.mcu.externaltools.gnu-tools-for-stm32.12.3.rel1.win32_1.1.0.202410251130/tools/bin/../lib/gcc/arm-none-eabi/12.3.1/../../../../arm-none-eabi/lib/thumb/v7-m/nofp\libm.a(libm_a-s_round.o)
                0x08008bd0                round
 *fill*         0x08008c5c        0x4 
 .text.__ieee754_pow
                0x08008c60      0xa50 C:/ST/STM32CubeIDE_1.17.0/STM32CubeIDE/plugins/com.st.stm32cube.ide.mcu.externaltools.gnu-tools-for-stm32.12.3.rel1.win32_1.1.0.202410251130/tools/bin/../lib/gcc/arm-none-eabi/12.3.1/../../../../arm-none-eabi/lib/thumb/v7-m/nofp\libm.a(libm_a-e_pow.o)
                0x08008c60                __ieee754_pow
 .text.scalbn   0x080096b0       0xec C:/ST/STM32CubeIDE_1.17.0/STM32CubeIDE/plugins/com.st.stm32cube.ide.mcu.externaltools.gnu-tools-for-stm32.12.3.rel1.win32_1.1.0.202410251130/tools/bin/../lib/gcc/arm-none-eabi/12.3.1/../../../../arm-none-eabi/lib/thumb/v7-m/nofp\libm.a(libm_a-s_scalbn.o)
                0x080096b0                scalbn
 .text.with_errno
                0x0800979c       0x14 C:/ST/STM32CubeIDE_1.17.0/STM32CubeIDE/plugins/com.st.stm32cube.ide.mcu.externaltools.gnu-tools-for-stm32.12.3.rel1.win32_1.1.0.202410251130/tools/bin/../lib/gcc/arm-none-eabi/12.3.1/../../../../arm-none-eabi/lib/thumb/v7-m/nofp\libm.a(libm_a-math_err.o)
 .text.xflow    0x080097b0       0x26 C:/ST/STM32CubeIDE_1.17.0/STM32CubeIDE/plugins/com.st.stm32cube.ide.mcu.externaltools.gnu-tools-for-stm32.12.3.rel1.win32_1.1.0.202410251130/tools/bin/../lib/gcc/arm-none-eabi/12.3.1/../../../../arm-none-eabi/lib/thumb/v7-m/nofp\libm.a(libm_a-math_err.o)
 .text.__math_uflow
                0x080097d6        0xa C:/ST/STM32CubeIDE_1.17.0/STM32CubeIDE/plugins/com.st.stm32cube.ide.mcu.externaltools.gnu-tools-for-stm32.12.3.rel1.win32_1.1.0.202410251130/tools/bin/../lib/gcc/arm-none-eabi/12.3.1/../../../../arm-none-eabi/lib/thumb/v7-m/nofp\libm.a(libm_a-math_err.o)
                0x080097d6                __math_uflow
 .text.__math_oflow
                0x080097e0        0xa C:/ST/STM32CubeIDE_1.17.0/STM32CubeIDE/plugins/com.st.stm32cube.ide.mcu.externaltools.gnu-tools-for-stm32.12.3.rel1.win32_1.1.0.202410251130/tools/bin/../lib/gcc/arm-none-eabi/12.3.1/../../../../arm-none-eabi/lib/thumb/v7-m/nofp\libm.a(libm_a-math_err.o)
                0x080097e0                __math_oflow
 *(.glue_7)
 .glue_7        0x080097ea        0x0 linker stubs
 *(.glue_7t)
 .glue_7t       0x080097ea        0x0 linker stubs
 *(.eh_frame)
 *fill*         0x080097ea        0x2 
 .eh_frame      0x080097ec        0x0 C:/ST/STM32CubeIDE_1.17.0/STM32CubeIDE/plugins/com.st.stm32cube.ide.mcu.externaltools.gnu-tools-for-stm32.12.3.rel1.win32_1.1.0.202410251130/tools/bin/../lib/gcc/arm-none-eabi/12.3.1/thumb/v7-m/nofp/crtbegin.o
 *(.init)
 .init          0x080097ec        0x4 C:/ST/STM32CubeIDE_1.17.0/STM32CubeIDE/plugins/com.st.stm32cube.ide.mcu.externaltools.gnu-tools-for-stm32.12.3.rel1.win32_1.1.0.202410251130/tools/bin/../lib/gcc/arm-none-eabi/12.3.1/thumb/v7-m/nofp/crti.o
                0x080097ec                _init
 .init          0x080097f0        0x8 C:/ST/STM32CubeIDE_1.17.0/STM32CubeIDE/plugins/com.st.stm32cube.ide.mcu.externaltools.gnu-tools-for-stm32.12.3.rel1.win32_1.1.0.202410251130/tools/bin/../lib/gcc/arm-none-eabi/12.3.1/thumb/v7-m/nofp/crtn.o
 *(.fini)
 .fini          0x080097f8        0x4 C:/ST/STM32CubeIDE_1.17.0/STM32CubeIDE/plugins/com.st.stm32cube.ide.mcu.externaltools.gnu-tools-for-stm32.12.3.rel1.win32_1.1.0.202410251130/tools/bin/../lib/gcc/arm-none-eabi/12.3.1/thumb/v7-m/nofp/crti.o
                0x080097f8                _fini
 .fini          0x080097fc        0x8 C:/ST/STM32CubeIDE_1.17.0/STM32CubeIDE/plugins/com.st.stm32cube.ide.mcu.externaltools.gnu-tools-for-stm32.12.3.rel1.win32_1.1.0.202410251130/tools/bin/../lib/gcc/arm-none-eabi/12.3.1/thumb/v7-m/nofp/crtn.o
                0x08009804                        . = ALIGN (0x4)
                0x08009804                        _etext = .

.vfp11_veneer   0x08009804        0x0
 .vfp11_veneer  0x08009804        0x0 linker stubs

.v4_bx          0x08009804        0x0
 .v4_bx         0x08009804        0x0 linker stubs

.iplt           0x08009804        0x0
 .iplt          0x08009804        0x0 C:/ST/STM32CubeIDE_1.17.0/STM32CubeIDE/plugins/com.st.stm32cube.ide.mcu.externaltools.gnu-tools-for-stm32.12.3.rel1.win32_1.1.0.202410251130/tools/bin/../lib/gcc/arm-none-eabi/12.3.1/thumb/v7-m/nofp/crtbegin.o

.rodata         0x08009808      0x1a8
                0x08009808                        . = ALIGN (0x4)
 *(.rodata)
 .rodata        0x08009808       0x8c ./Core/Src/main.o
 *(.rodata*)
 .rodata.StartDefaultTask.str1.1
                0x08009894       0x3d ./Core/Src/main.o
 .rodata.str1.1
                0x080098d1       0x37 ./Core/Src/main.o
 .rodata.APBPrescTable
                0x08009908        0x8 ./Core/Src/system_stm32f1xx.o
                0x08009908                APBPrescTable
 .rodata.AHBPrescTable
                0x08009910       0x10 ./Core/Src/system_stm32f1xx.o
                0x08009910                AHBPrescTable
 .rodata.aPredivFactorTable.0
                0x08009920        0x2 ./Drivers/STM32F1xx_HAL_Driver/Src/stm32f1xx_hal_rcc.o
 .rodata.aPLLMULFactorTable.1
                0x08009922       0x10 ./Drivers/STM32F1xx_HAL_Driver/Src/stm32f1xx_hal_rcc.o
 .rodata.vTaskStartScheduler.str1.1
                0x08009932        0x5 ./Middlewares/Third_Party/FreeRTOS/Source/tasks.o
 .rodata.USBD_FS_ManufacturerStrDescriptor.str1.1
                0x08009937       0x13 ./USB_DEVICE/App/usbd_desc.o
 .rodata.USBD_FS_ProductStrDescriptor.str1.1
                0x0800994a       0x16 ./USB_DEVICE/App/usbd_desc.o
 .rodata.USBD_FS_ConfigStrDescriptor.str1.1
                0x08009960        0xb ./USB_DEVICE/App/usbd_desc.o
 .rodata.USBD_FS_InterfaceStrDescriptor.str1.1
                0x0800996b        0xe ./USB_DEVICE/App/usbd_desc.o
 *fill*         0x08009979        0x7 
 .rodata.dp_l   0x08009980       0x10 C:/ST/STM32CubeIDE_1.17.0/STM32CubeIDE/plugins/com.st.stm32cube.ide.mcu.externaltools.gnu-tools-for-stm32.12.3.rel1.win32_1.1.0.202410251130/tools/bin/../lib/gcc/arm-none-eabi/12.3.1/../../../../arm-none-eabi/lib/thumb/v7-m/nofp\libm.a(libm_a-e_pow.o)
 .rodata.dp_h   0x08009990       0x10 C:/ST/STM32CubeIDE_1.17.0/STM32CubeIDE/plugins/com.st.stm32cube.ide.mcu.externaltools.gnu-tools-for-stm32.12.3.rel1.win32_1.1.0.202410251130/tools/bin/../lib/gcc/arm-none-eabi/12.3.1/../../../../arm-none-eabi/lib/thumb/v7-m/nofp\libm.a(libm_a-e_pow.o)
 .rodata.bp     0x080099a0       0x10 C:/ST/STM32CubeIDE_1.17.0/STM32CubeIDE/plugins/com.st.stm32cube.ide.mcu.externaltools.gnu-tools-for-stm32.12.3.rel1.win32_1.1.0.202410251130/tools/bin/../lib/gcc/arm-none-eabi/12.3.1/../../../../arm-none-eabi/lib/thumb/v7-m/nofp\libm.a(libm_a-e_pow.o)
                0x080099b0                        . = ALIGN (0x4)

.ARM.extab      0x080099b0        0x0
                0x080099b0                        . = ALIGN (0x4)
 *(.ARM.extab* .gnu.linkonce.armextab.*)
                0x080099b0                        . = ALIGN (0x4)

.ARM            0x080099b0        0x8
                0x080099b0                        . = ALIGN (0x4)
                0x080099b0                        __exidx_start = .
 *(.ARM.exidx*)
 .ARM.exidx     0x080099b0        0x8 C:/ST/STM32CubeIDE_1.17.0/STM32CubeIDE/plugins/com.st.stm32cube.ide.mcu.externaltools.gnu-tools-for-stm32.12.3.rel1.win32_1.1.0.202410251130/tools/bin/../lib/gcc/arm-none-eabi/12.3.1/../../../../arm-none-eabi/lib/thumb/v7-m/nofp\libc_nano.a(libc_a-strlen.o)
                0x080099b8                        __exidx_end = .
                0x080099b8                        . = ALIGN (0x4)

.preinit_array  0x080099b8        0x0
                0x080099b8                        . = ALIGN (0x4)
                0x080099b8                        PROVIDE (__preinit_array_start = .)
 *(.preinit_array*)
                0x080099b8                        PROVIDE (__preinit_array_end = .)
                0x080099b8                        . = ALIGN (0x4)

.init_array     0x080099b8        0x4
                0x080099b8                        . = ALIGN (0x4)
                0x080099b8                        PROVIDE (__init_array_start = .)
 *(SORT_BY_NAME(.init_array.*))
 *(.init_array*)
 .init_array    0x080099b8        0x4 C:/ST/STM32CubeIDE_1.17.0/STM32CubeIDE/plugins/com.st.stm32cube.ide.mcu.externaltools.gnu-tools-for-stm32.12.3.rel1.win32_1.1.0.202410251130/tools/bin/../lib/gcc/arm-none-eabi/12.3.1/thumb/v7-m/nofp/crtbegin.o
                0x080099bc                        PROVIDE (__init_array_end = .)
                0x080099bc                        . = ALIGN (0x4)

.fini_array     0x080099bc        0x4
                0x080099bc                        . = ALIGN (0x4)
                [!provide]                        PROVIDE (__fini_array_start = .)
 *(SORT_BY_NAME(.fini_array.*))
 *(.fini_array*)
 .fini_array    0x080099bc        0x4 C:/ST/STM32CubeIDE_1.17.0/STM32CubeIDE/plugins/com.st.stm32cube.ide.mcu.externaltools.gnu-tools-for-stm32.12.3.rel1.win32_1.1.0.202410251130/tools/bin/../lib/gcc/arm-none-eabi/12.3.1/thumb/v7-m/nofp/crtbegin.o
                [!provide]                        PROVIDE (__fini_array_end = .)
                0x080099c0                        . = ALIGN (0x4)
                0x080099c0                        _sidata = LOADADDR (.data)

.rel.dyn        0x080099c0        0x0
 .rel.iplt      0x080099c0        0x0 C:/ST/STM32CubeIDE_1.17.0/STM32CubeIDE/plugins/com.st.stm32cube.ide.mcu.externaltools.gnu-tools-for-stm32.12.3.rel1.win32_1.1.0.202410251130/tools/bin/../lib/gcc/arm-none-eabi/12.3.1/thumb/v7-m/nofp/crtbegin.o

.data           0x20000000      0x1f0 load address 0x080099c0
                0x20000000                        . = ALIGN (0x4)
                0x20000000                        _sdata = .
 *(.data)
 *(.data*)
 .data.motor_speed
                0x20000000        0x4 ./Core/Src/main.o
                0x20000000                motor_speed
 .data.SystemCoreClock
                0x20000004        0x4 ./Core/Src/system_stm32f1xx.o
                0x20000004                SystemCoreClock
 .data.uwTickFreq
                0x20000008        0x1 ./Drivers/STM32F1xx_HAL_Driver/Src/stm32f1xx_hal.o
                0x20000008                uwTickFreq
 *fill*         0x20000009        0x3 
 .data.uwTickPrio
                0x2000000c        0x4 ./Drivers/STM32F1xx_HAL_Driver/Src/stm32f1xx_hal.o
                0x2000000c                uwTickPrio
 .data.active_quadrant
                0x20000010        0x1 ./Encoder/Src/Encoder.o
 *fill*         0x20000011        0x3 
 .data.USBD_CDC_OtherSpeedCfgDesc
                0x20000014       0x43 ./Middlewares/ST/STM32_USB_Device_Library/Class/CDC/Src/usbd_cdc.o
                0x20000014                USBD_CDC_OtherSpeedCfgDesc
 *fill*         0x20000057        0x1 
 .data.USBD_CDC_CfgFSDesc
                0x20000058       0x43 ./Middlewares/ST/STM32_USB_Device_Library/Class/CDC/Src/usbd_cdc.o
                0x20000058                USBD_CDC_CfgFSDesc
 *fill*         0x2000009b        0x1 
 .data.USBD_CDC_CfgHSDesc
                0x2000009c       0x43 ./Middlewares/ST/STM32_USB_Device_Library/Class/CDC/Src/usbd_cdc.o
                0x2000009c                USBD_CDC_CfgHSDesc
 *fill*         0x200000df        0x1 
 .data.USBD_CDC
                0x200000e0       0x38 ./Middlewares/ST/STM32_USB_Device_Library/Class/CDC/Src/usbd_cdc.o
                0x200000e0                USBD_CDC
 .data.USBD_CDC_DeviceQualifierDesc
                0x20000118        0xa ./Middlewares/ST/STM32_USB_Device_Library/Class/CDC/Src/usbd_cdc.o
 *fill*         0x20000122        0x2 
 .data.uxCriticalNesting
                0x20000124        0x4 ./Middlewares/Third_Party/FreeRTOS/Source/portable/GCC/ARM_CM3/port.o
 .data.PWM_Pulse_Complete
                0x20000128        0x1 ./MotorDriver/Src/TMC2209.o
 *fill*         0x20000129        0x3 
 .data.USBD_Interface_fops_FS
                0x2000012c       0x10 ./USB_DEVICE/App/usbd_cdc_if.o
                0x2000012c                USBD_Interface_fops_FS
 .data.USBD_StringSerial
                0x2000013c       0x1a ./USB_DEVICE/App/usbd_desc.o
                0x2000013c                USBD_StringSerial
 *fill*         0x20000156        0x2 
 .data.USBD_LangIDDesc
                0x20000158        0x4 ./USB_DEVICE/App/usbd_desc.o
                0x20000158                USBD_LangIDDesc
 .data.USBD_FS_DeviceDesc
                0x2000015c       0x12 ./USB_DEVICE/App/usbd_desc.o
                0x2000015c                USBD_FS_DeviceDesc
 *fill*         0x2000016e        0x2 
 .data.FS_Desc  0x20000170       0x1c ./USB_DEVICE/App/usbd_desc.o
                0x20000170                FS_Desc
 .data._impure_ptr
                0x2000018c        0x4 C:/ST/STM32CubeIDE_1.17.0/STM32CubeIDE/plugins/com.st.stm32cube.ide.mcu.externaltools.gnu-tools-for-stm32.12.3.rel1.win32_1.1.0.202410251130/tools/bin/../lib/gcc/arm-none-eabi/12.3.1/../../../../arm-none-eabi/lib/thumb/v7-m/nofp\libc_nano.a(libc_a-impure.o)
                0x2000018c                _impure_ptr
 .data._impure_data
                0x20000190       0x4c C:/ST/STM32CubeIDE_1.17.0/STM32CubeIDE/plugins/com.st.stm32cube.ide.mcu.externaltools.gnu-tools-for-stm32.12.3.rel1.win32_1.1.0.202410251130/tools/bin/../lib/gcc/arm-none-eabi/12.3.1/../../../../arm-none-eabi/lib/thumb/v7-m/nofp\libc_nano.a(libc_a-impure.o)
                0x20000190                _impure_data
 *fill*         0x200001dc        0x4 
 .data.tiny     0x200001e0        0x8 C:/ST/STM32CubeIDE_1.17.0/STM32CubeIDE/plugins/com.st.stm32cube.ide.mcu.externaltools.gnu-tools-for-stm32.12.3.rel1.win32_1.1.0.202410251130/tools/bin/../lib/gcc/arm-none-eabi/12.3.1/../../../../arm-none-eabi/lib/thumb/v7-m/nofp\libm.a(libm_a-e_sqrt.o)
 .data.one      0x200001e8        0x8 C:/ST/STM32CubeIDE_1.17.0/STM32CubeIDE/plugins/com.st.stm32cube.ide.mcu.externaltools.gnu-tools-for-stm32.12.3.rel1.win32_1.1.0.202410251130/tools/bin/../lib/gcc/arm-none-eabi/12.3.1/../../../../arm-none-eabi/lib/thumb/v7-m/nofp\libm.a(libm_a-e_sqrt.o)
 *(.RamFunc)
 *(.RamFunc*)
                0x200001f0                        . = ALIGN (0x4)
                0x200001f0                        _edata = .

.igot.plt       0x200001f0        0x0 load address 0x08009bb0
 .igot.plt      0x200001f0        0x0 C:/ST/STM32CubeIDE_1.17.0/STM32CubeIDE/plugins/com.st.stm32cube.ide.mcu.externaltools.gnu-tools-for-stm32.12.3.rel1.win32_1.1.0.202410251130/tools/bin/../lib/gcc/arm-none-eabi/12.3.1/thumb/v7-m/nofp/crtbegin.o
                0x200001f0                        . = ALIGN (0x4)

.bss            0x200001f0     0x2510 load address 0x08009bb0
                0x200001f0                        _sbss = .
                0x200001f0                        __bss_start__ = _sbss
 *(.bss)
 .bss           0x200001f0       0x1c C:/ST/STM32CubeIDE_1.17.0/STM32CubeIDE/plugins/com.st.stm32cube.ide.mcu.externaltools.gnu-tools-for-stm32.12.3.rel1.win32_1.1.0.202410251130/tools/bin/../lib/gcc/arm-none-eabi/12.3.1/thumb/v7-m/nofp/crtbegin.o
 *(.bss*)
 .bss.xIdleStack
                0x2000020c      0x200 ./Core/Src/freertos.o
 .bss.xIdleTaskTCBBuffer
                0x2000040c       0xa0 ./Core/Src/freertos.o
 .bss.timeout_count.0
                0x200004ac        0x1 ./Core/Src/i2c_bus.o
 .bss.encoderReady_f
                0x200004ad        0x1 ./Core/Src/main.o
                0x200004ad                encoderReady_f
 .bss.cycleErr  0x200004ae        0x1 ./Core/Src/main.o
                0x200004ae                cycleErr
 *fill*         0x200004af        0x1 
 .bss.motor_target
                0x200004b0        0x4 ./Core/Src/main.o
                0x200004b0                motor_target
 .bss.encoder_counter
                0x200004b4        0x4 ./Core/Src/main.o
                0x200004b4                encoder_counter
 .bss.watcherTaskHandler
                0x200004b8        0x4 ./Core/Src/main.o
                0x200004b8                watcherTaskHandler
 .bss.imuTaskHandler
                0x200004bc        0x4 ./Core/Src/main.o
                0x200004bc                imuTaskHandler
 .bss.encoderTaskHandler
                0x200004c0        0x4 ./Core/Src/main.o
                0x200004c0                encoderTaskHandler
 .bss.driverTaskHandler
                0x200004c4        0x4 ./Core/Src/main.o
                0x200004c4                driverTaskHandler
 .bss.defaultTaskHandle
                0x200004c8        0x4 ./Core/Src/main.o
                0x200004c8                defaultTaskHandle
 .bss.huart1    0x200004cc       0x48 ./Core/Src/main.o
                0x200004cc                huart1
 .bss.htim2     0x20000514       0x48 ./Core/Src/main.o
                0x20000514                htim2
 .bss.hi2c2     0x2000055c       0x54 ./Core/Src/main.o
                0x2000055c                hi2c2
 .bss.hi2c1     0x200005b0       0x54 ./Core/Src/main.o
                0x200005b0                hi2c1
 .bss.htim1     0x20000604       0x48 ./Core/Src/stm32f1xx_hal_timebase_tim.o
                0x20000604                htim1
 .bss.watcher   0x2000064c        0x2 ./Core/Src/watcher.o
                0x2000064c                watcher
 *fill*         0x2000064e        0x2 
 .bss.uwTick    0x20000650        0x4 ./Drivers/STM32F1xx_HAL_Driver/Src/stm32f1xx_hal.o
                0x20000650                uwTick
 .bss.position_prev
                0x20000654        0x2 ./Encoder/Src/Encoder.o
 .bss.raw_buffer
                0x20000656        0x2 ./Encoder/Src/Encoder.o
 .bss.accumulate_counter
                0x20000658        0x4 ./Encoder/Src/Encoder.o
 .bss.Encoder   0x2000065c       0x18 ./Encoder/Src/Encoder.o
                0x2000065c                Encoder
 .bss.cfgidx.0  0x20000674        0x1 ./Middlewares/ST/STM32_USB_Device_Library/Core/Src/usbd_ctlreq.o
 *fill*         0x20000675        0x3 
 .bss.uxSchedulerSuspended
                0x20000678        0x4 ./Middlewares/Third_Party/FreeRTOS/Source/tasks.o
 .bss.xNextTaskUnblockTime
                0x2000067c        0x4 ./Middlewares/Third_Party/FreeRTOS/Source/tasks.o
 .bss.uxTaskNumber
                0x20000680        0x4 ./Middlewares/Third_Party/FreeRTOS/Source/tasks.o
 .bss.xNumOfOverflows
                0x20000684        0x4 ./Middlewares/Third_Party/FreeRTOS/Source/tasks.o
 .bss.xYieldPending
                0x20000688        0x4 ./Middlewares/Third_Party/FreeRTOS/Source/tasks.o
 .bss.xPendedTicks
                0x2000068c        0x4 ./Middlewares/Third_Party/FreeRTOS/Source/tasks.o
 .bss.xSchedulerRunning
                0x20000690        0x4 ./Middlewares/Third_Party/FreeRTOS/Source/tasks.o
 .bss.uxTopReadyPriority
                0x20000694        0x4 ./Middlewares/Third_Party/FreeRTOS/Source/tasks.o
 .bss.xTickCount
                0x20000698        0x4 ./Middlewares/Third_Party/FreeRTOS/Source/tasks.o
 .bss.uxCurrentNumberOfTasks
                0x2000069c        0x4 ./Middlewares/Third_Party/FreeRTOS/Source/tasks.o
 .bss.xSuspendedTaskList
                0x200006a0       0x14 ./Middlewares/Third_Party/FreeRTOS/Source/tasks.o
 .bss.uxDeletedTasksWaitingCleanUp
                0x200006b4        0x4 ./Middlewares/Third_Party/FreeRTOS/Source/tasks.o
 .bss.xTasksWaitingTermination
                0x200006b8       0x14 ./Middlewares/Third_Party/FreeRTOS/Source/tasks.o
 .bss.xPendingReadyList
                0x200006cc       0x14 ./Middlewares/Third_Party/FreeRTOS/Source/tasks.o
 .bss.pxOverflowDelayedTaskList
                0x200006e0        0x4 ./Middlewares/Third_Party/FreeRTOS/Source/tasks.o
 .bss.pxDelayedTaskList
                0x200006e4        0x4 ./Middlewares/Third_Party/FreeRTOS/Source/tasks.o
 .bss.xDelayedTaskList2
                0x200006e8       0x14 ./Middlewares/Third_Party/FreeRTOS/Source/tasks.o
 .bss.xDelayedTaskList1
                0x200006fc       0x14 ./Middlewares/Third_Party/FreeRTOS/Source/tasks.o
 .bss.pxReadyTasksLists
                0x20000710       0x8c ./Middlewares/Third_Party/FreeRTOS/Source/tasks.o
 .bss.pxCurrentTCB
                0x2000079c        0x4 ./Middlewares/Third_Party/FreeRTOS/Source/tasks.o
                0x2000079c                pxCurrentTCB
 .bss.ulMaxPRIGROUPValue
                0x200007a0        0x4 ./Middlewares/Third_Party/FreeRTOS/Source/portable/GCC/ARM_CM3/port.o
 .bss.ucMaxSysCallPriority
                0x200007a4        0x1 ./Middlewares/Third_Party/FreeRTOS/Source/portable/GCC/ARM_CM3/port.o
 *fill*         0x200007a5        0x3 
 .bss.xBlockAllocatedBit
                0x200007a8        0x4 ./Middlewares/Third_Party/FreeRTOS/Source/portable/MemMang/heap_4.o
 .bss.xNumberOfSuccessfulFrees
                0x200007ac        0x4 ./Middlewares/Third_Party/FreeRTOS/Source/portable/MemMang/heap_4.o
 .bss.xNumberOfSuccessfulAllocations
                0x200007b0        0x4 ./Middlewares/Third_Party/FreeRTOS/Source/portable/MemMang/heap_4.o
 .bss.xMinimumEverFreeBytesRemaining
                0x200007b4        0x4 ./Middlewares/Third_Party/FreeRTOS/Source/portable/MemMang/heap_4.o
 .bss.xFreeBytesRemaining
                0x200007b8        0x4 ./Middlewares/Third_Party/FreeRTOS/Source/portable/MemMang/heap_4.o
 .bss.pxEnd     0x200007bc        0x4 ./Middlewares/Third_Party/FreeRTOS/Source/portable/MemMang/heap_4.o
 .bss.xStart    0x200007c0        0x8 ./Middlewares/Third_Party/FreeRTOS/Source/portable/MemMang/heap_4.o
 .bss.ucHeap    0x200007c8      0xc00 ./Middlewares/Third_Party/FreeRTOS/Source/portable/MemMang/heap_4.o
 .bss.isBrake   0x200013c8        0x1 ./MotorDriver/Src/TMC2209.o
 .bss.oneStepMove_start
                0x200013c9        0x1 ./MotorDriver/Src/TMC2209.o
 .bss.oneStepMove_finish
                0x200013ca        0x1 ./MotorDriver/Src/TMC2209.o
 *fill*         0x200013cb        0x1 
 .bss.pid_last_time
                0x200013cc        0x4 ./MotorDriver/Src/TMC2209.o
 .bss.pid_fraction
                0x200013d0        0x4 ./MotorDriver/Src/TMC2209.o
 .bss.pid_direvative
                0x200013d4        0x4 ./MotorDriver/Src/TMC2209.o
 .bss.pid_integral
                0x200013d8        0x4 ./MotorDriver/Src/TMC2209.o
 .bss.pid_last_error
                0x200013dc        0x4 ./MotorDriver/Src/TMC2209.o
 .bss.stepCounter
                0x200013e0        0x4 ./MotorDriver/Src/TMC2209.o
 .bss.rotation_dir
                0x200013e4        0x1 ./MotorDriver/Src/TMC2209.o
 *fill*         0x200013e5        0x3 
 .bss.vel_now   0x200013e8        0x4 ./MotorDriver/Src/TMC2209.o
 .bss.active_microstep
                0x200013ec        0x1 ./MotorDriver/Src/TMC2209.o
 .bss.Driver_Enable
                0x200013ed        0x1 ./MotorDriver/Src/TMC2209.o
 *fill*         0x200013ee        0x2 
 .bss.pwmConfig
                0x200013f0        0x4 ./MotorDriver/Src/TMC2209.o
                0x200013f0                pwmConfig
 .bss.iholdIrun
                0x200013f4        0x4 ./MotorDriver/Src/TMC2209.o
                0x200013f4                iholdIrun
 .bss.slaveConfig
                0x200013f8        0x4 ./MotorDriver/Src/TMC2209.o
                0x200013f8                slaveConfig
 .bss.gconfConfig
                0x200013fc        0x4 ./MotorDriver/Src/TMC2209.o
                0x200013fc                gconfConfig
 .bss.chopConfig
                0x20001400        0x4 ./MotorDriver/Src/TMC2209.o
                0x20001400                chopConfig
 .bss.hUsbDeviceFS
                0x20001404      0x2c4 ./USB_DEVICE/App/usb_device.o
                0x20001404                hUsbDeviceFS
 .bss.UserTxBufferFS
                0x200016c8      0x400 ./USB_DEVICE/App/usbd_cdc_if.o
                0x200016c8                UserTxBufferFS
 .bss.UserRxBufferFS
                0x20001ac8      0x400 ./USB_DEVICE/App/usbd_cdc_if.o
                0x20001ac8                UserRxBufferFS
 .bss.USBD_StrDesc
                0x20001ec8      0x200 ./USB_DEVICE/App/usbd_desc.o
                0x20001ec8                USBD_StrDesc
 .bss.mem.0     0x200020c8      0x220 ./USB_DEVICE/Target/usbd_conf.o
 .bss.hpcd_USB_FS
                0x200022e8      0x2d8 ./USB_DEVICE/Target/usbd_conf.o
                0x200022e8                hpcd_USB_FS
 .bss.__malloc_free_list